Archive member included to satisfy reference by file (symbol)

/usr/lib/gcc/arm-none-eabi/12.2.1/../../../arm-none-eabi/lib/thumb/v6-m/nofp/libc_nano.a(lib_a-atexit.o)
                              /usr/lib/gcc/arm-none-eabi/12.2.1/../../../arm-none-eabi/lib/thumb/v6-m/nofp/crt0.o (atexit)
/usr/lib/gcc/arm-none-eabi/12.2.1/../../../arm-none-eabi/lib/thumb/v6-m/nofp/libc_nano.a(lib_a-exit.o)
                              /usr/lib/gcc/arm-none-eabi/12.2.1/../../../arm-none-eabi/lib/thumb/v6-m/nofp/crt0.o (exit)
/usr/lib/gcc/arm-none-eabi/12.2.1/../../../arm-none-eabi/lib/thumb/v6-m/nofp/libc_nano.a(lib_a-fini.o)
                              /usr/lib/gcc/arm-none-eabi/12.2.1/../../../arm-none-eabi/lib/thumb/v6-m/nofp/crt0.o (__libc_fini_array)
/usr/lib/gcc/arm-none-eabi/12.2.1/../../../arm-none-eabi/lib/thumb/v6-m/nofp/libc_nano.a(lib_a-impure.o)
                              /usr/lib/gcc/arm-none-eabi/12.2.1/../../../arm-none-eabi/lib/thumb/v6-m/nofp/libc_nano.a(lib_a-exit.o) (_global_impure_ptr)
/usr/lib/gcc/arm-none-eabi/12.2.1/../../../arm-none-eabi/lib/thumb/v6-m/nofp/libc_nano.a(lib_a-init.o)
                              /usr/lib/gcc/arm-none-eabi/12.2.1/../../../arm-none-eabi/lib/thumb/v6-m/nofp/crt0.o (__libc_init_array)
/usr/lib/gcc/arm-none-eabi/12.2.1/../../../arm-none-eabi/lib/thumb/v6-m/nofp/libc_nano.a(lib_a-memset.o)
                              /usr/lib/gcc/arm-none-eabi/12.2.1/../../../arm-none-eabi/lib/thumb/v6-m/nofp/crt0.o (memset)
/usr/lib/gcc/arm-none-eabi/12.2.1/../../../arm-none-eabi/lib/thumb/v6-m/nofp/libc_nano.a(lib_a-printf.o)
                              build/main/main.o (printf)
/usr/lib/gcc/arm-none-eabi/12.2.1/../../../arm-none-eabi/lib/thumb/v6-m/nofp/libc_nano.a(lib_a-__atexit.o)
                              /usr/lib/gcc/arm-none-eabi/12.2.1/../../../arm-none-eabi/lib/thumb/v6-m/nofp/libc_nano.a(lib_a-atexit.o) (__register_exitproc)
/usr/lib/gcc/arm-none-eabi/12.2.1/../../../arm-none-eabi/lib/thumb/v6-m/nofp/libc_nano.a(lib_a-__call_atexit.o)
                              /usr/lib/gcc/arm-none-eabi/12.2.1/../../../arm-none-eabi/lib/thumb/v6-m/nofp/libc_nano.a(lib_a-__atexit.o) (__call_exitprocs)
/usr/lib/gcc/arm-none-eabi/12.2.1/../../../arm-none-eabi/lib/thumb/v6-m/nofp/libc_nano.a(lib_a-findfp.o)
                              /usr/lib/gcc/arm-none-eabi/12.2.1/../../../arm-none-eabi/lib/thumb/v6-m/nofp/libc_nano.a(lib_a-printf.o) (__sinit)
/usr/lib/gcc/arm-none-eabi/12.2.1/../../../arm-none-eabi/lib/thumb/v6-m/nofp/libc_nano.a(lib_a-fwalk.o)
                              /usr/lib/gcc/arm-none-eabi/12.2.1/../../../arm-none-eabi/lib/thumb/v6-m/nofp/libc_nano.a(lib_a-findfp.o) (_fwalk)
/usr/lib/gcc/arm-none-eabi/12.2.1/../../../arm-none-eabi/lib/thumb/v6-m/nofp/libc_nano.a(lib_a-nano-mallocr.o)
                              /usr/lib/gcc/arm-none-eabi/12.2.1/../../../arm-none-eabi/lib/thumb/v6-m/nofp/libc_nano.a(lib_a-findfp.o) (_malloc_r)
/usr/lib/gcc/arm-none-eabi/12.2.1/../../../arm-none-eabi/lib/thumb/v6-m/nofp/libc_nano.a(lib_a-nano-vfprintf.o)
                              /usr/lib/gcc/arm-none-eabi/12.2.1/../../../arm-none-eabi/lib/thumb/v6-m/nofp/libc_nano.a(lib_a-printf.o) (_vfprintf_r)
/usr/lib/gcc/arm-none-eabi/12.2.1/../../../arm-none-eabi/lib/thumb/v6-m/nofp/libc_nano.a(lib_a-nano-vfprintf_i.o)
                              /usr/lib/gcc/arm-none-eabi/12.2.1/../../../arm-none-eabi/lib/thumb/v6-m/nofp/libc_nano.a(lib_a-nano-vfprintf.o) (_printf_i)
/usr/lib/gcc/arm-none-eabi/12.2.1/../../../arm-none-eabi/lib/thumb/v6-m/nofp/libc_nano.a(lib_a-sbrkr.o)
                              /usr/lib/gcc/arm-none-eabi/12.2.1/../../../arm-none-eabi/lib/thumb/v6-m/nofp/libc_nano.a(lib_a-nano-mallocr.o) (_sbrk_r)
/usr/lib/gcc/arm-none-eabi/12.2.1/../../../arm-none-eabi/lib/thumb/v6-m/nofp/libc_nano.a(lib_a-stdio.o)
                              /usr/lib/gcc/arm-none-eabi/12.2.1/../../../arm-none-eabi/lib/thumb/v6-m/nofp/libc_nano.a(lib_a-findfp.o) (__sread)
/usr/lib/gcc/arm-none-eabi/12.2.1/../../../arm-none-eabi/lib/thumb/v6-m/nofp/libc_nano.a(lib_a-wbuf.o)
                              /usr/lib/gcc/arm-none-eabi/12.2.1/../../../arm-none-eabi/lib/thumb/v6-m/nofp/libc_nano.a(lib_a-nano-vfprintf.o) (__swbuf_r)
/usr/lib/gcc/arm-none-eabi/12.2.1/../../../arm-none-eabi/lib/thumb/v6-m/nofp/libc_nano.a(lib_a-writer.o)
                              /usr/lib/gcc/arm-none-eabi/12.2.1/../../../arm-none-eabi/lib/thumb/v6-m/nofp/libc_nano.a(lib_a-stdio.o) (_write_r)
/usr/lib/gcc/arm-none-eabi/12.2.1/../../../arm-none-eabi/lib/thumb/v6-m/nofp/libc_nano.a(lib_a-wsetup.o)
                              /usr/lib/gcc/arm-none-eabi/12.2.1/../../../arm-none-eabi/lib/thumb/v6-m/nofp/libc_nano.a(lib_a-nano-vfprintf.o) (__swsetup_r)
/usr/lib/gcc/arm-none-eabi/12.2.1/../../../arm-none-eabi/lib/thumb/v6-m/nofp/libc_nano.a(lib_a-closer.o)
                              /usr/lib/gcc/arm-none-eabi/12.2.1/../../../arm-none-eabi/lib/thumb/v6-m/nofp/libc_nano.a(lib_a-stdio.o) (_close_r)
[...]
Memory Configuration

Name             Origin             Length             Attributes
RAM              0x20000000         0x00003000         xrw
FLASH            0x08000000         0x00008000         xr
*default*        0x00000000         0xffffffff

Linker script and memory map

LOAD /usr/lib/gcc/arm-none-eabi/12.2.1/thumb/v6-m/nofp/crti.o
LOAD /usr/lib/gcc/arm-none-eabi/12.2.1/thumb/v6-m/nofp/crtbegin.o
LOAD /usr/lib/gcc/arm-none-eabi/12.2.1/../../../arm-none-eabi/lib/thumb/v6-m/nofp/crt0.o
LOAD build/main/init.o
LOAD build/main/bbpwm.o
LOAD build/main/main.o
LOAD build/main/gpio.o
LOAD build/main/tim.o
LOAD build/main/stm32c0xx_it.o
LOAD build/main/stm32c0xx_hal_msp.o
LOAD build/main/stm32c0xx_hal.o
LOAD build/main/stm32c0xx_hal_cortex.o
LOAD build/main/stm32c0xx_hal_rcc.o
LOAD build/main/stm32c0xx_hal_rcc_ex.o
LOAD build/main/stm32c0xx_hal_flash.o
LOAD build/main/stm32c0xx_hal_flash_ex.o
LOAD build/main/stm32c0xx_hal_gpio.o
LOAD build/main/stm32c0xx_hal_dma.o
LOAD build/main/stm32c0xx_hal_dma_ex.o
LOAD build/main/stm32c0xx_hal_pwr.o
LOAD build/main/stm32c0xx_hal_pwr_ex.o
LOAD build/main/stm32c0xx_hal_exti.o
LOAD build/main/stm32c0xx_hal_tim.o
LOAD build/main/stm32c0xx_hal_tim_ex.o
LOAD build/main/system_stm32c0xx.o
LOAD build/main/usart.o
LOAD build/main/stm32c0xx_hal_uart.o
LOAD build/main/stm32c0xx_hal_uart_ex.o
LOAD build/main/startup_stm32c031xx.o
LOAD /usr/lib/gcc/arm-none-eabi/12.2.1/../../../arm-none-eabi/lib/thumb/v6-m/nofp/libc_nano.a
LOAD /usr/lib/gcc/arm-none-eabi/12.2.1/../../../arm-none-eabi/lib/thumb/v6-m/nofp/libm.a
LOAD /usr/lib/gcc/arm-none-eabi/12.2.1/../../../arm-none-eabi/lib/thumb/v6-m/nofp/libnosys.a
START GROUP
LOAD /usr/lib/gcc/arm-none-eabi/12.2.1/thumb/v6-m/nofp/libgcc.a
LOAD /usr/lib/gcc/arm-none-eabi/12.2.1/../../../arm-none-eabi/lib/thumb/v6-m/nofp/libc_nano.a
END GROUP
START GROUP
LOAD /usr/lib/gcc/arm-none-eabi/12.2.1/thumb/v6-m/nofp/libgcc.a
LOAD /usr/lib/gcc/arm-none-eabi/12.2.1/../../../arm-none-eabi/lib/thumb/v6-m/nofp/libc_nano.a
END GROUP
LOAD /usr/lib/gcc/arm-none-eabi/12.2.1/thumb/v6-m/nofp/crtend.o
LOAD /usr/lib/gcc/arm-none-eabi/12.2.1/thumb/v6-m/nofp/crtn.o
                0x20003000                        _estack = (ORIGIN (RAM) + LENGTH (RAM))
                0x00000200                        _Min_Heap_Size = 0x200
                0x00000400                        _Min_Stack_Size = 0x400

.isr_vector     0x08000000       0xc0
                0x08000000                        . = ALIGN (0x4)
 *(.isr_vector)
 .isr_vector    0x08000000       0xc0 build/main/startup_stm32c031xx.o
                0x08000000                g_pfnVectors
                0x080000c0                        . = ALIGN (0x4)

.text           0x080000c0     0x3c04
                0x080000c0                        . = ALIGN (0x4)
 *(.text)
 .text          0x080000c0       0x98 /usr/lib/gcc/arm-none-eabi/12.2.1/thumb/v6-m/nofp/crtbegin.o
 .text          0x08000158       0x48 /usr/lib/gcc/arm-none-eabi/12.2.1/../../../arm-none-eabi/lib/thumb/v6-m/nofp/libc_nano.a(lib_a-init.o)
                0x08000158                __libc_init_array
 .text          0x080001a0       0xa8 /usr/lib/gcc/arm-none-eabi/12.2.1/../../../arm-none-eabi/lib/thumb/v6-m/nofp/libc_nano.a(lib_a-memset.o)
                0x080001a0                memset
 .text          0x08000248       0x68 /usr/lib/gcc/arm-none-eabi/12.2.1/../../../arm-none-eabi/lib/thumb/v6-m/nofp/libc_nano.a(lib_a-printf.o)
                0x08000248                _printf_r
                0x08000248                _iprintf_r
                0x08000278                printf
                0x08000278                iprintf
 .text          0x080002b0      0x258 /usr/lib/gcc/arm-none-eabi/12.2.1/../../../arm-none-eabi/lib/thumb/v6-m/nofp/libc_nano.a(lib_a-findfp.o)
                0x080002b4                _cleanup_r
                0x080002c8                __sfmoreglue
                0x080002f8                __sfp
                0x080004a0                _cleanup
                0x080004b8                __sinit
                0x080004c8                __sfp_lock_acquire
                0x080004cc                __sfp_lock_release
                0x080004d0                __sinit_lock_acquire
                0x080004d4                __sinit_lock_release
                0x080004d8                __fp_lock_all
                0x080004f0                __fp_unlock_all
 .text          0x08000508       0x88 /usr/lib/gcc/arm-none-eabi/12.2.1/../../../arm-none-eabi/lib/thumb/v6-m/nofp/libc_nano.a(lib_a-fwalk.o)
                0x08000508                _fwalk
                0x08000548                _fwalk_reent
 .text          0x08000590       0xc4 /usr/lib/gcc/arm-none-eabi/12.2.1/../../../arm-none-eabi/lib/thumb/v6-m/nofp/libc_nano.a(lib_a-nano-mallocr.o)
                0x08000590                _malloc_r
 .text          0x08000654      0x360 /usr/lib/gcc/arm-none-eabi/12.2.1/../../../arm-none-eabi/lib/thumb/v6-m/nofp/libc_nano.a(lib_a-nano-vfprintf.o)
                0x0800067c                __sfputs_r
                0x080006a8                __sprint_r
                0x080006c8                _vfiprintf_r
                0x080006c8                _vfprintf_r
                0x0800099c                vfiprintf
                0x0800099c                vfprintf
 .text          0x080009b4      0x3d8 /usr/lib/gcc/arm-none-eabi/12.2.1/../../../arm-none-eabi/lib/thumb/v6-m/nofp/libc_nano.a(lib_a-nano-vfprintf_i.o)
                0x080009b4                _printf_common
                0x08000afc                _printf_i
 .text          0x08000d8c       0x24 /usr/lib/gcc/arm-none-eabi/12.2.1/../../../arm-none-eabi/lib/thumb/v6-m/nofp/libc_nano.a(lib_a-sbrkr.o)
                0x08000d8c                _sbrk_r
 .text          0x08000db0       0xa8 /usr/lib/gcc/arm-none-eabi/12.2.1/../../../arm-none-eabi/lib/thumb/v6-m/nofp/libc_nano.a(lib_a-stdio.o)
                0x08000db0                __sread
                0x08000dd8                __seofread
                0x08000ddc                __swrite
                0x08000e1c                __sseek
                0x08000e4c                __sclose
 .text          0x08000e58       0xec /usr/lib/gcc/arm-none-eabi/12.2.1/../../../arm-none-eabi/lib/thumb/v6-m/nofp/libc_nano.a(lib_a-wbuf.o)
                0x08000e58                __swbuf_r
                0x08000f2c                __swbuf
 .text          0x08000f44       0x28 /usr/lib/gcc/arm-none-eabi/12.2.1/../../../arm-none-eabi/lib/thumb/v6-m/nofp/libc_nano.a(lib_a-writer.o)
                0x08000f44                _write_r
 .text          0x08000f6c      0x100 /usr/lib/gcc/arm-none-eabi/12.2.1/../../../arm-none-eabi/lib/thumb/v6-m/nofp/libc_nano.a(lib_a-wsetup.o)
                0x08000f6c                __swsetup_r
 .text          0x0800106c       0x24 /usr/lib/gcc/arm-none-eabi/12.2.1/../../../arm-none-eabi/lib/thumb/v6-m/nofp/libc_nano.a(lib_a-closer.o)
                0x0800106c                _close_r
 .text          0x08001090      0x1f4 /usr/lib/gcc/arm-none-eabi/12.2.1/../../../arm-none-eabi/lib/thumb/v6-m/nofp/libc_nano.a(lib_a-fflush.o)
                0x08001090                __sflush_r
                0x080011a0                _fflush_r
                0x080011fc                fflush
 .text          0x08001284      0x2ec /usr/lib/gcc/arm-none-eabi/12.2.1/../../../arm-none-eabi/lib/thumb/v6-m/nofp/libc_nano.a(lib_a-fvwrite.o)
                0x08001284                __sfvwrite_r
 .text          0x08001570       0x28 /usr/lib/gcc/arm-none-eabi/12.2.1/../../../arm-none-eabi/lib/thumb/v6-m/nofp/libc_nano.a(lib_a-lseekr.o)
                0x08001570                _lseek_r
 .text          0x08001598      0x10c /usr/lib/gcc/arm-none-eabi/12.2.1/../../../arm-none-eabi/lib/thumb/v6-m/nofp/libc_nano.a(lib_a-makebuf.o)
                0x08001598                __smakebuf_r
                0x08001658                __swhatbuf_r
 .text          0x080016a4       0x74 /usr/lib/gcc/arm-none-eabi/12.2.1/../../../arm-none-eabi/lib/thumb/v6-m/nofp/libc_nano.a(lib_a-memchr-stub.o)
                0x080016a4                memchr
 .text          0x08001718       0x90 /usr/lib/gcc/arm-none-eabi/12.2.1/../../../arm-none-eabi/lib/thumb/v6-m/nofp/libc_nano.a(lib_a-memcpy-stub.o)
                0x08001718                memcpy
 .text          0x080017a8       0xb0 /usr/lib/gcc/arm-none-eabi/12.2.1/../../../arm-none-eabi/lib/thumb/v6-m/nofp/libc_nano.a(lib_a-memmove.o)
                0x080017a8                memmove
 .text          0x08001858        0x8 /usr/lib/gcc/arm-none-eabi/12.2.1/../../../arm-none-eabi/lib/thumb/v6-m/nofp/libc_nano.a(lib_a-mlock.o)
                0x08001858                __malloc_lock
                0x0800185c                __malloc_unlock
 .text          0x08001860       0xb8 /usr/lib/gcc/arm-none-eabi/12.2.1/../../../arm-none-eabi/lib/thumb/v6-m/nofp/libc_nano.a(lib_a-nano-freer.o)
                0x08001860                _free_r
 .text          0x08001918       0x50 /usr/lib/gcc/arm-none-eabi/12.2.1/../../../arm-none-eabi/lib/thumb/v6-m/nofp/libc_nano.a(lib_a-nano-reallocr.o)
                0x08001918                _realloc_r
 .text          0x08001968       0x28 /usr/lib/gcc/arm-none-eabi/12.2.1/../../../arm-none-eabi/lib/thumb/v6-m/nofp/libc_nano.a(lib_a-readr.o)
                0x08001968                _read_r
 .text          0x08001990       0x28 /usr/lib/gcc/arm-none-eabi/12.2.1/../../../arm-none-eabi/lib/thumb/v6-m/nofp/libc_nano.a(lib_a-fstatr.o)
                0x08001990                _fstat_r
 .text          0x080019b8       0x24 /usr/lib/gcc/arm-none-eabi/12.2.1/../../../arm-none-eabi/lib/thumb/v6-m/nofp/libc_nano.a(lib_a-isattyr.o)
                0x080019b8                _isatty_r
 .text          0x080019dc       0x14 /usr/lib/gcc/arm-none-eabi/12.2.1/../../../arm-none-eabi/lib/thumb/v6-m/nofp/libc_nano.a(lib_a-nano-msizer.o)
                0x080019dc                _malloc_usable_size_r
 .text          0x080019f0       0x10 /usr/lib/gcc/arm-none-eabi/12.2.1/../../../arm-none-eabi/lib/thumb/v6-m/nofp/libnosys.a(close.o)
                0x080019f0                _close
 .text          0x08001a00       0x10 /usr/lib/gcc/arm-none-eabi/12.2.1/../../../arm-none-eabi/lib/thumb/v6-m/nofp/libnosys.a(fstat.o)
                0x08001a00                _fstat
 .text          0x08001a10       0x10 /usr/lib/gcc/arm-none-eabi/12.2.1/../../../arm-none-eabi/lib/thumb/v6-m/nofp/libnosys.a(isatty.o)
                0x08001a10                _isatty
 .text          0x08001a20       0x10 /usr/lib/gcc/arm-none-eabi/12.2.1/../../../arm-none-eabi/lib/thumb/v6-m/nofp/libnosys.a(lseek.o)
                0x08001a20                _lseek
 .text          0x08001a30       0x10 /usr/lib/gcc/arm-none-eabi/12.2.1/../../../arm-none-eabi/lib/thumb/v6-m/nofp/libnosys.a(read.o)
                0x08001a30                _read
 .text          0x08001a40       0x1c /usr/lib/gcc/arm-none-eabi/12.2.1/../../../arm-none-eabi/lib/thumb/v6-m/nofp/libnosys.a(sbrk.o)
                0x08001a40                _sbrk
 .text          0x08001a5c      0x114 /usr/lib/gcc/arm-none-eabi/12.2.1/thumb/v6-m/nofp/libgcc.a(_udivsi3.o)
                0x08001a5c                __udivsi3
                0x08001a5c                __aeabi_uidiv
                0x08001b68                __aeabi_uidivmod
 .text          0x08001b70      0x1d4 /usr/lib/gcc/arm-none-eabi/12.2.1/thumb/v6-m/nofp/libgcc.a(_divsi3.o)
                0x08001b70                __aeabi_idiv
                0x08001b70                __divsi3
                0x08001d3c                __aeabi_idivmod
 .text          0x08001d44        0x4 /usr/lib/gcc/arm-none-eabi/12.2.1/thumb/v6-m/nofp/libgcc.a(_dvmd_tls.o)
                0x08001d44                __aeabi_ldiv0
                0x08001d44                __aeabi_idiv0
 *(.text*)
 .text.Error_Handler
                0x08001d48        0x4 build/main/init.o
                0x08001d48                Error_Handler
 .text.SystemClock_Config
                0x08001d4c       0x54 build/main/init.o
                0x08001d4c                SystemClock_Config
 .text.init     0x08001da0       0x2a build/main/init.o
                0x08001da0                init
 *fill*         0x08001dca        0x2 
 .text.main     0x08001dcc       0x2c build/main/main.o
                0x08001dcc                main
 .text._write   0x08001df8       0x18 build/main/main.o
                0x08001df8                _write
 .text.MX_GPIO_Init
                0x08001e10       0xb8 build/main/gpio.o
                0x08001e10                MX_GPIO_Init
 .text.HAL_TIM_Base_MspInit
                0x08001ec8       0xa8 build/main/tim.o
                0x08001ec8                HAL_TIM_Base_MspInit
 .text.HAL_TIM_MspPostInit
                0x08001f70      0x1b4 build/main/tim.o
                0x08001f70                HAL_TIM_MspPostInit
 .text.MX_TIM1_Init
                0x08002124      0x140 build/main/tim.o
                0x08002124                MX_TIM1_Init
 .text.MX_TIM3_Init
                0x08002264       0xf8 build/main/tim.o
                0x08002264                MX_TIM3_Init
 .text.MX_TIM14_Init
                0x0800235c       0x78 build/main/tim.o
                0x0800235c                MX_TIM14_Init
 .text.MX_TIM16_Init
                0x080023d4       0xb0 build/main/tim.o
                0x080023d4                MX_TIM16_Init
 .text.MX_TIM17_Init
                0x08002484       0xb0 build/main/tim.o
                0x08002484                MX_TIM17_Init
 .text.NMI_Handler
                0x08002534        0x2 build/main/stm32c0xx_it.o
                0x08002534                NMI_Handler
 .text.HardFault_Handler
                0x08002536        0x2 build/main/stm32c0xx_it.o
                0x08002536                HardFault_Handler
 .text.SVC_Handler
                0x08002538        0x2 build/main/stm32c0xx_it.o
                0x08002538                SVC_Handler
 .text.PendSV_Handler
                0x0800253a        0x2 build/main/stm32c0xx_it.o
                0x0800253a                PendSV_Handler
 .text.SysTick_Handler
                0x0800253c        0x8 build/main/stm32c0xx_it.o
                0x0800253c                SysTick_Handler
 .text.HAL_MspInit
                0x08002544       0x30 build/main/stm32c0xx_hal_msp.o
                0x08002544                HAL_MspInit
 .text.HAL_InitTick
                0x08002574       0x58 build/main/stm32c0xx_hal.o
                0x08002574                HAL_InitTick
 .text.HAL_Init
                0x080025cc       0x18 build/main/stm32c0xx_hal.o
                0x080025cc                HAL_Init
 .text.HAL_IncTick
                0x080025e4       0x18 build/main/stm32c0xx_hal.o
                0x080025e4                HAL_IncTick
 .text.HAL_GetTick
                0x080025fc        0xc build/main/stm32c0xx_hal.o
                0x080025fc                HAL_GetTick
 .text.HAL_Delay
                0x08002608       0x24 build/main/stm32c0xx_hal.o
                0x08002608                HAL_Delay
 .text.__NVIC_SetPriority
                0x0800262c       0x60 build/main/stm32c0xx_hal_cortex.o
 .text.SysTick_Config
                0x0800268c       0x38 build/main/stm32c0xx_hal_cortex.o
 .text.HAL_NVIC_SetPriority
                0x080026c4        0x8 build/main/stm32c0xx_hal_cortex.o
                0x080026c4                HAL_NVIC_SetPriority
 .text.HAL_SYSTICK_Config
                0x080026cc        0x8 build/main/stm32c0xx_hal_cortex.o
                0x080026cc                HAL_SYSTICK_Config
 .text.HAL_RCC_OscConfig
                0x080026d4      0x2bc build/main/stm32c0xx_hal_rcc.o
                0x080026d4                HAL_RCC_OscConfig
 .text.HAL_RCC_GetSysClockFreq
                0x08002990       0x5c build/main/stm32c0xx_hal_rcc.o
                0x08002990                HAL_RCC_GetSysClockFreq
 .text.HAL_RCC_ClockConfig
                0x080029ec      0x190 build/main/stm32c0xx_hal_rcc.o
                0x080029ec                HAL_RCC_ClockConfig
 .text.HAL_RCC_GetHCLKFreq
                0x08002b7c        0xc build/main/stm32c0xx_hal_rcc.o
                0x08002b7c                HAL_RCC_GetHCLKFreq
 .text.HAL_RCC_GetPCLK1Freq
                0x08002b88       0x28 build/main/stm32c0xx_hal_rcc.o
                0x08002b88                HAL_RCC_GetPCLK1Freq
 .text.HAL_GPIO_Init
                0x08002bb0      0x1bc build/main/stm32c0xx_hal_gpio.o
                0x08002bb0                HAL_GPIO_Init
 .text.HAL_GPIO_WritePin
                0x08002d6c        0xc build/main/stm32c0xx_hal_gpio.o
                0x08002d6c                HAL_GPIO_WritePin
 .text.TIM_OC1_SetConfig
                0x08002d78       0x80 build/main/stm32c0xx_hal_tim.o
 .text.TIM_OC3_SetConfig
                0x08002df8       0x84 build/main/stm32c0xx_hal_tim.o
 .text.TIM_OC4_SetConfig
                0x08002e7c       0x68 build/main/stm32c0xx_hal_tim.o
 .text.TIM_OC5_SetConfig
                0x08002ee4       0x64 build/main/stm32c0xx_hal_tim.o
 .text.TIM_OC6_SetConfig
                0x08002f48       0x68 build/main/stm32c0xx_hal_tim.o
 .text.TIM_TI1_ConfigInputStage
                0x08002fb0       0x22 build/main/stm32c0xx_hal_tim.o
 *fill*         0x08002fd2        0x2 
 .text.TIM_TI2_ConfigInputStage
                0x08002fd4       0x28 build/main/stm32c0xx_hal_tim.o
 .text.TIM_ITRx_SetConfig
                0x08002ffc       0x14 build/main/stm32c0xx_hal_tim.o
 .text.HAL_TIM_Base_Start
                0x08003010       0x5c build/main/stm32c0xx_hal_tim.o
                0x08003010                HAL_TIM_Base_Start
 .text.HAL_TIM_PWM_MspInit
                0x0800306c        0x2 build/main/stm32c0xx_hal_tim.o
                0x0800306c                HAL_TIM_PWM_MspInit
 *fill*         0x0800306e        0x2 
 .text.TIM_Base_SetConfig
                0x08003070       0x84 build/main/stm32c0xx_hal_tim.o
                0x08003070                TIM_Base_SetConfig
 .text.HAL_TIM_Base_Init
                0x080030f4       0x60 build/main/stm32c0xx_hal_tim.o
                0x080030f4                HAL_TIM_Base_Init
 .text.HAL_TIM_PWM_Init
                0x08003154       0x60 build/main/stm32c0xx_hal_tim.o
                0x08003154                HAL_TIM_PWM_Init
 .text.TIM_OC2_SetConfig
                0x080031b4       0x78 build/main/stm32c0xx_hal_tim.o
                0x080031b4                TIM_OC2_SetConfig
 .text.HAL_TIM_PWM_ConfigChannel
                0x0800322c      0x144 build/main/stm32c0xx_hal_tim.o
                0x0800322c                HAL_TIM_PWM_ConfigChannel
 .text.TIM_ETR_SetConfig
                0x08003370       0x18 build/main/stm32c0xx_hal_tim.o
                0x08003370                TIM_ETR_SetConfig
 .text.HAL_TIM_ConfigClockSource
                0x08003388      0x108 build/main/stm32c0xx_hal_tim.o
                0x08003388                HAL_TIM_ConfigClockSource
 .text.HAL_TIMEx_MasterConfigSynchronization
                0x08003490       0x70 build/main/stm32c0xx_hal_tim_ex.o
                0x08003490                HAL_TIMEx_MasterConfigSynchronization
 .text.HAL_TIMEx_ConfigBreakDeadTime
                0x08003500       0xcc build/main/stm32c0xx_hal_tim_ex.o
                0x08003500                HAL_TIMEx_ConfigBreakDeadTime
 .text.SystemInit
                0x080035cc       0x10 build/main/system_stm32c0xx.o
                0x080035cc                SystemInit
 .text.MX_USART2_UART_Init
                0x080035dc       0x3c build/main/usart.o
                0x080035dc                MX_USART2_UART_Init
 .text.HAL_UART_MspInit
                0x08003618       0x60 build/main/usart.o
                0x08003618                HAL_UART_MspInit
 .text.UART_EndRxTransfer
                0x08003678       0x64 build/main/stm32c0xx_hal_uart.o
 .text.UART_SetConfig
                0x080036dc      0x1c4 build/main/stm32c0xx_hal_uart.o
                0x080036dc                UART_SetConfig
 .text.UART_AdvFeatureConfig
                0x080038a0       0xe0 build/main/stm32c0xx_hal_uart.o
                0x080038a0                UART_AdvFeatureConfig
 .text.UART_WaitOnFlagUntilTimeout
                0x08003980       0x96 build/main/stm32c0xx_hal_uart.o
                0x08003980                UART_WaitOnFlagUntilTimeout
 .text.HAL_UART_Transmit
                0x08003a16       0xfc build/main/stm32c0xx_hal_uart.o
                0x08003a16                HAL_UART_Transmit
 *fill*         0x08003b12        0x2 
 .text.UART_CheckIdleState
                0x08003b14       0xd4 build/main/stm32c0xx_hal_uart.o
                0x08003b14                UART_CheckIdleState
 .text.HAL_UART_Init
                0x08003be8       0x70 build/main/stm32c0xx_hal_uart.o
                0x08003be8                HAL_UART_Init
 .text.Reset_Handler
                0x08003c58       0x50 build/main/startup_stm32c031xx.o
                0x08003c58                Reset_Handler
 .text.Default_Handler
                0x08003ca8        0x2 build/main/startup_stm32c031xx.o
                0x08003ca8                TIM1_CC_IRQHandler
                0x08003ca8                I2C1_IRQHandler
                0x08003ca8                DMAMUX1_IRQHandler
                0x08003ca8                SPI1_IRQHandler
                0x08003ca8                EXTI2_3_IRQHandler
                0x08003ca8                ADC1_IRQHandler
                0x08003ca8                TIM17_IRQHandler
                0x08003ca8                RTC_IRQHandler
                0x08003ca8                TIM16_IRQHandler
                0x08003ca8                TIM3_IRQHandler
                0x08003ca8                EXTI4_15_IRQHandler
                0x08003ca8                RCC_IRQHandler
                0x08003ca8                DMA1_Channel1_IRQHandler
                0x08003ca8                Default_Handler
                0x08003ca8                TIM14_IRQHandler
                0x08003ca8                EXTI0_1_IRQHandler
                0x08003ca8                WWDG_IRQHandler
                0x08003ca8                DMA1_Channel2_3_IRQHandler
                0x08003ca8                USART2_IRQHandler
                0x08003ca8                FLASH_IRQHandler
                0x08003ca8                USART1_IRQHandler
                0x08003ca8                TIM1_BRK_UP_TRG_COM_IRQHandler
 *(.glue_7)
 .glue_7        0x08003caa        0x0 linker stubs
 *(.glue_7t)
 .glue_7t       0x08003caa        0x0 linker stubs
 *(.eh_frame)
 *fill*         0x08003caa        0x2 
 .eh_frame      0x08003cac        0x0 /usr/lib/gcc/arm-none-eabi/12.2.1/thumb/v6-m/nofp/crtbegin.o
 *(.init)
 .init          0x08003cac        0x4 /usr/lib/gcc/arm-none-eabi/12.2.1/thumb/v6-m/nofp/crti.o
                0x08003cac                _init
 .init          0x08003cb0        0x8 /usr/lib/gcc/arm-none-eabi/12.2.1/thumb/v6-m/nofp/crtn.o
 *(.fini)
 .fini          0x08003cb8        0x4 /usr/lib/gcc/arm-none-eabi/12.2.1/thumb/v6-m/nofp/crti.o
                0x08003cb8                _fini
 .fini          0x08003cbc        0x8 /usr/lib/gcc/arm-none-eabi/12.2.1/thumb/v6-m/nofp/crtn.o
                0x08003cc4                        . = ALIGN (0x4)
                0x08003cc4                        _etext = .

.vfp11_veneer   0x08003cc4        0x0
 .vfp11_veneer  0x08003cc4        0x0 linker stubs

.v4_bx          0x08003cc4        0x0
 .v4_bx         0x08003cc4        0x0 linker stubs

.iplt           0x08003cc4        0x0
 .iplt          0x08003cc4        0x0 /usr/lib/gcc/arm-none-eabi/12.2.1/thumb/v6-m/nofp/crtbegin.o

.rodata         0x08003cc4      0x1f8
                0x08003cc4                        . = ALIGN (0x4)
 *(.rodata)
 .rodata        0x08003cc4        0x4 /usr/lib/gcc/arm-none-eabi/12.2.1/../../../arm-none-eabi/lib/thumb/v6-m/nofp/libc_nano.a(lib_a-impure.o)
                0x08003cc4                _global_impure_ptr
 .rodata        0x08003cc8       0x60 /usr/lib/gcc/arm-none-eabi/12.2.1/../../../arm-none-eabi/lib/thumb/v6-m/nofp/libc_nano.a(lib_a-findfp.o)
                0x08003cc8                __sf_fake_stderr
                0x08003ce8                __sf_fake_stdout
                0x08003d08                __sf_fake_stdin
 .rodata        0x08003d28       0x84 /usr/lib/gcc/arm-none-eabi/12.2.1/../../../arm-none-eabi/lib/thumb/v6-m/nofp/libc_nano.a(lib_a-nano-vfprintf_i.o)
 *(.rodata*)
 .rodata.main.str1.4
                0x08003dac        0x5 build/main/main.o
 *fill*         0x08003db1        0x3 
 .rodata.HAL_TIM_PWM_ConfigChannel
                0x08003db4       0x54 build/main/stm32c0xx_hal_tim.o
 .rodata.APBPrescTable
                0x08003e08       0x20 build/main/system_stm32c0xx.o
                0x08003e08                APBPrescTable
 .rodata.AHBPrescTable
                0x08003e28       0x40 build/main/system_stm32c0xx.o
                0x08003e28                AHBPrescTable
 .rodata.UARTPrescTable
                0x08003e68       0x18 build/main/stm32c0xx_hal_uart.o
                0x08003e68                UARTPrescTable
 .rodata.str1.4
                0x08003e80       0x13 /usr/lib/gcc/arm-none-eabi/12.2.1/../../../arm-none-eabi/lib/thumb/v6-m/nofp/libc_nano.a(lib_a-nano-vfprintf.o)
 *fill*         0x08003e93        0x1 
 .rodata.str1.4
                0x08003e94       0x25 /usr/lib/gcc/arm-none-eabi/12.2.1/../../../arm-none-eabi/lib/thumb/v6-m/nofp/libc_nano.a(lib_a-nano-vfprintf_i.o)
                0x08003ebc                        . = ALIGN (0x4)
 *fill*         0x08003eb9        0x3 

.rel.dyn        0x08003ebc        0x0
 .rel.iplt      0x08003ebc        0x0 /usr/lib/gcc/arm-none-eabi/12.2.1/thumb/v6-m/nofp/crtbegin.o

.ARM.extab
 *(.ARM.extab* .gnu.linkonce.armextab.*)

.ARM            0x08003ebc        0x0
                0x08003ebc                        __exidx_start = .
 *(.ARM.exidx*)
                0x08003ebc                        __exidx_end = .

.preinit_array  0x08003ebc        0x0
                0x08003ebc                        PROVIDE (__preinit_array_start = .)
 *(.preinit_array*)
                0x08003ebc                        PROVIDE (__preinit_array_end = .)

.init_array     0x08003ebc        0x4
                0x08003ebc                        PROVIDE (__init_array_start = .)
 *(SORT_BY_NAME(.init_array.*))
 *(.init_array*)
 .init_array    0x08003ebc        0x4 /usr/lib/gcc/arm-none-eabi/12.2.1/thumb/v6-m/nofp/crtbegin.o
                0x08003ec0                        PROVIDE (__init_array_end = .)

.fini_array     0x08003ec0        0x4
                0x08003ec0                        PROVIDE (__fini_array_start = .)
 *(SORT_BY_NAME(.fini_array.*))
 *(.fini_array*)
 .fini_array    0x08003ec0        0x4 /usr/lib/gcc/arm-none-eabi/12.2.1/thumb/v6-m/nofp/crtbegin.o
                0x08003ec4                        PROVIDE (__fini_array_end = .)
                0x08003ec4                        _sidata = LOADADDR (.data)

.data           0x20000000       0x70 load address 0x08003ec4
                0x20000000                        . = ALIGN (0x4)
                0x20000000                        _sdata = .
 *(.data)
 .data          0x20000000       0x64 /usr/lib/gcc/arm-none-eabi/12.2.1/../../../arm-none-eabi/lib/thumb/v6-m/nofp/libc_nano.a(lib_a-impure.o)
                0x20000000                _impure_ptr
 *(.data*)
 .data.uwTickFreq
                0x20000064        0x1 build/main/stm32c0xx_hal.o
                0x20000064                uwTickFreq
 *fill*         0x20000065        0x3 
 .data.uwTickPrio
                0x20000068        0x4 build/main/stm32c0xx_hal.o
                0x20000068                uwTickPrio
 .data.SystemCoreClock
                0x2000006c        0x4 build/main/system_stm32c0xx.o
                0x2000006c                SystemCoreClock
                0x20000070                        . = ALIGN (0x4)
                0x20000070                        _edata = .

.tm_clone_table
                0x20000070        0x0 load address 0x08003f34
 .tm_clone_table
                0x20000070        0x0 /usr/lib/gcc/arm-none-eabi/12.2.1/thumb/v6-m/nofp/crtbegin.o
 .tm_clone_table
                0x20000070        0x0 /usr/lib/gcc/arm-none-eabi/12.2.1/thumb/v6-m/nofp/crtend.o

.igot.plt       0x20000070        0x0 load address 0x08003f34
 .igot.plt      0x20000070        0x0 /usr/lib/gcc/arm-none-eabi/12.2.1/thumb/v6-m/nofp/crtbegin.o
                0x20000070                        . = ALIGN (0x4)

.bss            0x20000070      0x240 load address 0x08003f34
                0x20000070                        _sbss = .
                0x20000070                        __bss_start__ = _sbss
 *(.bss)
 .bss           0x20000070       0x1c /usr/lib/gcc/arm-none-eabi/12.2.1/thumb/v6-m/nofp/crtbegin.o
 .bss           0x2000008c        0x8 /usr/lib/gcc/arm-none-eabi/12.2.1/../../../arm-none-eabi/lib/thumb/v6-m/nofp/libc_nano.a(lib_a-nano-mallocr.o)
                0x2000008c                __malloc_free_list
                0x20000090                __malloc_sbrk_start
 .bss           0x20000094        0x4 /usr/lib/gcc/arm-none-eabi/12.2.1/../../../arm-none-eabi/lib/thumb/v6-m/nofp/libc_nano.a(lib_a-reent.o)
                0x20000094                errno
 .bss           0x20000098        0x4 /usr/lib/gcc/arm-none-eabi/12.2.1/../../../arm-none-eabi/lib/thumb/v6-m/nofp/libnosys.a(sbrk.o)
 *(.bss*)
 .bss.htim17    0x2000009c       0x4c build/main/tim.o
                0x2000009c                htim17
 .bss.htim16    0x200000e8       0x4c build/main/tim.o
                0x200000e8                htim16
 .bss.htim14    0x20000134       0x4c build/main/tim.o
                0x20000134                htim14
 .bss.htim3     0x20000180       0x4c build/main/tim.o
                0x20000180                htim3
 .bss.htim1     0x200001cc       0x4c build/main/tim.o
                0x200001cc                htim1
 .bss.uwTick    0x20000218        0x4 build/main/stm32c0xx_hal.o
                0x20000218                uwTick
 .bss.huart2    0x2000021c       0x94 build/main/usart.o
                0x2000021c                huart2
 *(COMMON)
                0x200002b0                        . = ALIGN (0x4)
                0x200002b0                        _ebss = .
                0x200002b0                        __bss_end__ = _ebss

._user_heap_stack
                0x200002b0      0x600 load address 0x08003f34
                0x200002b0                        . = ALIGN (0x8)
                0x200002b0                        PROVIDE (end = .)
                [!provide]                        PROVIDE (_end = .)
                0x200004b0                        . = (. + _Min_Heap_Size)
 *fill*         0x200002b0      0x200 
                0x200008b0                        . = (. + _Min_Stack_Size)
 *fill*         0x200004b0      0x400 
                0x200008b0                        . = ALIGN (0x8)

/DISCARD/
 libc.a(*)
 libm.a(*)
 libgcc.a(*)

.ARM.attributes
                0x00000000       0x28
 *(.ARM.attributes)
 .ARM.attributes
                0x00000000       0x1e /usr/lib/gcc/arm-none-eabi/12.2.1/thumb/v6-m/nofp/crti.o
 .ARM.attributes
                0x0000001e       0x2c /usr/lib/gcc/arm-none-eabi/12.2.1/thumb/v6-m/nofp/crtbegin.o
 .ARM.attributes
                0x0000004a       0x2c build/main/init.o
 .ARM.attributes
                0x00000076       0x2c build/main/main.o
 .ARM.attributes
                0x000000a2       0x2c build/main/gpio.o
 .ARM.attributes
                0x000000ce       0x2c build/main/tim.o
 .ARM.attributes
                0x000000fa       0x2c build/main/stm32c0xx_it.o
 .ARM.attributes
                0x00000126       0x2c build/main/stm32c0xx_hal_msp.o
 .ARM.attributes
                0x00000152       0x2c build/main/stm32c0xx_hal.o
 .ARM.attributes
                0x0000017e       0x2c build/main/stm32c0xx_hal_cortex.o
 .ARM.attributes
                0x000001aa       0x2c build/main/stm32c0xx_hal_rcc.o
 .ARM.attributes
                0x000001d6       0x2c build/main/stm32c0xx_hal_gpio.o
 .ARM.attributes
                0x00000202       0x2c build/main/stm32c0xx_hal_tim.o
 .ARM.attributes
                0x0000022e       0x2c build/main/stm32c0xx_hal_tim_ex.o
 .ARM.attributes
                0x0000025a       0x2c build/main/system_stm32c0xx.o
 .ARM.attributes
                0x00000286       0x2c build/main/usart.o
 .ARM.attributes
                0x000002b2       0x2c build/main/stm32c0xx_hal_uart.o
 .ARM.attributes
                0x000002de       0x22 build/main/startup_stm32c031xx.o
 .ARM.attributes
                0x00000300       0x2c /usr/lib/gcc/arm-none-eabi/12.2.1/../../../arm-none-eabi/lib/thumb/v6-m/nofp/libc_nano.a(lib_a-impure.o)
 .ARM.attributes
                0x0000032c       0x2c /usr/lib/gcc/arm-none-eabi/12.2.1/../../../arm-none-eabi/lib/thumb/v6-m/nofp/libc_nano.a(lib_a-init.o)
 .ARM.attributes
                0x00000358       0x2c /usr/lib/gcc/arm-none-eabi/12.2.1/../../../arm-none-eabi/lib/thumb/v6-m/nofp/libc_nano.a(lib_a-memset.o)
 .ARM.attributes
                0x00000384       0x2c /usr/lib/gcc/arm-none-eabi/12.2.1/../../../arm-none-eabi/lib/thumb/v6-m/nofp/libc_nano.a(lib_a-printf.o)
 .ARM.attributes
                0x000003b0       0x2c /usr/lib/gcc/arm-none-eabi/12.2.1/../../../arm-none-eabi/lib/thumb/v6-m/nofp/libc_nano.a(lib_a-findfp.o)
 .ARM.attributes
                0x000003dc       0x2c /usr/lib/gcc/arm-none-eabi/12.2.1/../../../arm-none-eabi/lib/thumb/v6-m/nofp/libc_nano.a(lib_a-fwalk.o)
 .ARM.attributes
                0x00000408       0x2c /usr/lib/gcc/arm-none-eabi/12.2.1/../../../arm-none-eabi/lib/thumb/v6-m/nofp/libc_nano.a(lib_a-nano-mallocr.o)
 .ARM.attributes
                0x00000434       0x2c /usr/lib/gcc/arm-none-eabi/12.2.1/../../../arm-none-eabi/lib/thumb/v6-m/nofp/libc_nano.a(lib_a-nano-vfprintf.o)
 .ARM.attributes
                0x00000460       0x2c /usr/lib/gcc/arm-none-eabi/12.2.1/../../../arm-none-eabi/lib/thumb/v6-m/nofp/libc_nano.a(lib_a-nano-vfprintf_i.o)
 .ARM.attributes
                0x0000048c       0x2c /usr/lib/gcc/arm-none-eabi/12.2.1/../../../arm-none-eabi/lib/thumb/v6-m/nofp/libc_nano.a(lib_a-sbrkr.o)
 .ARM.attributes
                0x000004b8       0x2c /usr/lib/gcc/arm-none-eabi/12.2.1/../../../arm-none-eabi/lib/thumb/v6-m/nofp/libc_nano.a(lib_a-stdio.o)
 .ARM.attributes
                0x000004e4       0x2c /usr/lib/gcc/arm-none-eabi/12.2.1/../../../arm-none-eabi/lib/thumb/v6-m/nofp/libc_nano.a(lib_a-wbuf.o)
 .ARM.attributes
                0x00000510       0x2c /usr/lib/gcc/arm-none-eabi/12.2.1/../../../arm-none-eabi/lib/thumb/v6-m/nofp/libc_nano.a(lib_a-writer.o)
 .ARM.attributes
                0x0000053c       0x2c /usr/lib/gcc/arm-none-eabi/12.2.1/../../../arm-none-eabi/lib/thumb/v6-m/nofp/libc_nano.a(lib_a-wsetup.o)
 .ARM.attributes
                0x00000568       0x2c /usr/lib/gcc/arm-none-eabi/12.2.1/../../../arm-none-eabi/lib/thumb/v6-m/nofp/libc_nano.a(lib_a-closer.o)
 .ARM.attributes
                0x00000594       0x2c /usr/lib/gcc/arm-none-eabi/12.2.1/../../../arm-none-eabi/lib/thumb/v6-m/nofp/libc_nano.a(lib_a-fflush.o)
 .ARM.attributes
                0x000005c0       0x2c /usr/lib/gcc/arm-none-eabi/12.2.1/../../../arm-none-eabi/lib/thumb/v6-m/nofp/libc_nano.a(lib_a-fvwrite.o)
 .ARM.attributes
                0x000005ec       0x2c /usr/lib/gcc/arm-none-eabi/12.2.1/../../../arm-none-eabi/lib/thumb/v6-m/nofp/libc_nano.a(lib_a-lseekr.o)
 .ARM.attributes
                0x00000618       0x2c /usr/lib/gcc/arm-none-eabi/12.2.1/../../../arm-none-eabi/lib/thumb/v6-m/nofp/libc_nano.a(lib_a-makebuf.o)
 .ARM.attributes
                0x00000644       0x2c /usr/lib/gcc/arm-none-eabi/12.2.1/../../../arm-none-eabi/lib/thumb/v6-m/nofp/libc_nano.a(lib_a-memchr-stub.o)
 .ARM.attributes
                0x00000670       0x2c /usr/lib/gcc/arm-none-eabi/12.2.1/../../../arm-none-eabi/lib/thumb/v6-m/nofp/libc_nano.a(lib_a-memcpy-stub.o)
 .ARM.attributes
                0x0000069c       0x2c /usr/lib/gcc/arm-none-eabi/12.2.1/../../../arm-none-eabi/lib/thumb/v6-m/nofp/libc_nano.a(lib_a-memmove.o)
 .ARM.attributes
                0x000006c8       0x2c /usr/lib/gcc/arm-none-eabi/12.2.1/../../../arm-none-eabi/lib/thumb/v6-m/nofp/libc_nano.a(lib_a-mlock.o)
 .ARM.attributes
                0x000006f4       0x2c /usr/lib/gcc/arm-none-eabi/12.2.1/../../../arm-none-eabi/lib/thumb/v6-m/nofp/libc_nano.a(lib_a-nano-freer.o)
 .ARM.attributes
                0x00000720       0x2c /usr/lib/gcc/arm-none-eabi/12.2.1/../../../arm-none-eabi/lib/thumb/v6-m/nofp/libc_nano.a(lib_a-nano-reallocr.o)
 .ARM.attributes
                0x0000074c       0x2c /usr/lib/gcc/arm-none-eabi/12.2.1/../../../arm-none-eabi/lib/thumb/v6-m/nofp/libc_nano.a(lib_a-readr.o)
 .ARM.attributes
                0x00000778       0x2c /usr/lib/gcc/arm-none-eabi/12.2.1/../../../arm-none-eabi/lib/thumb/v6-m/nofp/libc_nano.a(lib_a-reent.o)
 .ARM.attributes
                0x000007a4       0x2c /usr/lib/gcc/arm-none-eabi/12.2.1/../../../arm-none-eabi/lib/thumb/v6-m/nofp/libc_nano.a(lib_a-fstatr.o)
 .ARM.attributes
                0x000007d0       0x2c /usr/lib/gcc/arm-none-eabi/12.2.1/../../../arm-none-eabi/lib/thumb/v6-m/nofp/libc_nano.a(lib_a-isattyr.o)
 .ARM.attributes
                0x000007fc       0x2c /usr/lib/gcc/arm-none-eabi/12.2.1/../../../arm-none-eabi/lib/thumb/v6-m/nofp/libc_nano.a(lib_a-nano-msizer.o)
 .ARM.attributes
                0x00000828       0x2c /usr/lib/gcc/arm-none-eabi/12.2.1/../../../arm-none-eabi/lib/thumb/v6-m/nofp/libnosys.a(close.o)
 .ARM.attributes
                0x00000854       0x2c /usr/lib/gcc/arm-none-eabi/12.2.1/../../../arm-none-eabi/lib/thumb/v6-m/nofp/libnosys.a(fstat.o)
 .ARM.attributes
                0x00000880       0x2c /usr/lib/gcc/arm-none-eabi/12.2.1/../../../arm-none-eabi/lib/thumb/v6-m/nofp/libnosys.a(isatty.o)
 .ARM.attributes
                0x000008ac       0x2c /usr/lib/gcc/arm-none-eabi/12.2.1/../../../arm-none-eabi/lib/thumb/v6-m/nofp/libnosys.a(lseek.o)
 .ARM.attributes
                0x000008d8       0x2c /usr/lib/gcc/arm-none-eabi/12.2.1/../../../arm-none-eabi/lib/thumb/v6-m/nofp/libnosys.a(read.o)
 .ARM.attributes
                0x00000904       0x2c /usr/lib/gcc/arm-none-eabi/12.2.1/../../../arm-none-eabi/lib/thumb/v6-m/nofp/libnosys.a(sbrk.o)
 .ARM.attributes
                0x00000930       0x1e /usr/lib/gcc/arm-none-eabi/12.2.1/thumb/v6-m/nofp/libgcc.a(_udivsi3.o)
 .ARM.attributes
                0x0000094e       0x1e /usr/lib/gcc/arm-none-eabi/12.2.1/thumb/v6-m/nofp/libgcc.a(_divsi3.o)
 .ARM.attributes
                0x0000096c       0x1e /usr/lib/gcc/arm-none-eabi/12.2.1/thumb/v6-m/nofp/libgcc.a(_dvmd_tls.o)
 .ARM.attributes
                0x0000098a       0x2c /usr/lib/gcc/arm-none-eabi/12.2.1/thumb/v6-m/nofp/crtend.o
 .ARM.attributes
                0x000009b6       0x1e /usr/lib/gcc/arm-none-eabi/12.2.1/thumb/v6-m/nofp/crtn.o
OUTPUT(build/main/main.elf elf32-littlearm)
LOAD linker stubs
LOAD /usr/lib/gcc/arm-none-eabi/12.2.1/../../../arm-none-eabi/lib/thumb/v6-m/nofp/libc.a
LOAD /usr/lib/gcc/arm-none-eabi/12.2.1/../../../arm-none-eabi/lib/thumb/v6-m/nofp/libm.a
LOAD /usr/lib/gcc/arm-none-eabi/12.2.1/thumb/v6-m/nofp/libgcc.a

.comment        0x00000000       0x26
 .comment       0x00000000       0x26 /usr/lib/gcc/arm-none-eabi/12.2.1/thumb/v6-m/nofp/crtbegin.o
                                 0x27 (size before relaxing)
 .comment       0x00000026       0x27 build/main/init.o
 .comment       0x00000026       0x27 build/main/main.o
 .comment       0x00000026       0x27 build/main/gpio.o
 .comment       0x00000026       0x27 build/main/tim.o
 .comment       0x00000026       0x27 build/main/stm32c0xx_it.o
 .comment       0x00000026       0x27 build/main/stm32c0xx_hal_msp.o
 .comment       0x00000026       0x27 build/main/stm32c0xx_hal.o
 .comment       0x00000026       0x27 build/main/stm32c0xx_hal_cortex.o
 .comment       0x00000026       0x27 build/main/stm32c0xx_hal_rcc.o
 .comment       0x00000026       0x27 build/main/stm32c0xx_hal_gpio.o
 .comment       0x00000026       0x27 build/main/stm32c0xx_hal_tim.o
 .comment       0x00000026       0x27 build/main/stm32c0xx_hal_tim_ex.o
 .comment       0x00000026       0x27 build/main/system_stm32c0xx.o
 .comment       0x00000026       0x27 build/main/usart.o
 .comment       0x00000026       0x27 build/main/stm32c0xx_hal_uart.o
 .comment       0x00000026       0x27 /usr/lib/gcc/arm-none-eabi/12.2.1/../../../arm-none-eabi/lib/thumb/v6-m/nofp/libc_nano.a(lib_a-impure.o)
 .comment       0x00000026       0x27 /usr/lib/gcc/arm-none-eabi/12.2.1/../../../arm-none-eabi/lib/thumb/v6-m/nofp/libc_nano.a(lib_a-init.o)
 .comment       0x00000026       0x27 /usr/lib/gcc/arm-none-eabi/12.2.1/../../../arm-none-eabi/lib/thumb/v6-m/nofp/libc_nano.a(lib_a-memset.o)
 .comment       0x00000026       0x27 /usr/lib/gcc/arm-none-eabi/12.2.1/../../../arm-none-eabi/lib/thumb/v6-m/nofp/libc_nano.a(lib_a-printf.o)
 .comment       0x00000026       0x27 /usr/lib/gcc/arm-none-eabi/12.2.1/../../../arm-none-eabi/lib/thumb/v6-m/nofp/libc_nano.a(lib_a-findfp.o)
 .comment       0x00000026       0x27 /usr/lib/gcc/arm-none-eabi/12.2.1/../../../arm-none-eabi/lib/thumb/v6-m/nofp/libc_nano.a(lib_a-fwalk.o)
 .comment       0x00000026       0x27 /usr/lib/gcc/arm-none-eabi/12.2.1/../../../arm-none-eabi/lib/thumb/v6-m/nofp/libc_nano.a(lib_a-nano-mallocr.o)
 .comment       0x00000026       0x27 /usr/lib/gcc/arm-none-eabi/12.2.1/../../../arm-none-eabi/lib/thumb/v6-m/nofp/libc_nano.a(lib_a-nano-vfprintf.o)
 .comment       0x00000026       0x27 /usr/lib/gcc/arm-none-eabi/12.2.1/../../../arm-none-eabi/lib/thumb/v6-m/nofp/libc_nano.a(lib_a-nano-vfprintf_i.o)
 .comment       0x00000026       0x27 /usr/lib/gcc/arm-none-eabi/12.2.1/../../../arm-none-eabi/lib/thumb/v6-m/nofp/libc_nano.a(lib_a-sbrkr.o)
 .comment       0x00000026       0x27 /usr/lib/gcc/arm-none-eabi/12.2.1/../../../arm-none-eabi/lib/thumb/v6-m/nofp/libc_nano.a(lib_a-stdio.o)
 .comment       0x00000026       0x27 /usr/lib/gcc/arm-none-eabi/12.2.1/../../../arm-none-eabi/lib/thumb/v6-m/nofp/libc_nano.a(lib_a-wbuf.o)
 .comment       0x00000026       0x27 /usr/lib/gcc/arm-none-eabi/12.2.1/../../../arm-none-eabi/lib/thumb/v6-m/nofp/libc_nano.a(lib_a-writer.o)
 .comment       0x00000026       0x27 /usr/lib/gcc/arm-none-eabi/12.2.1/../../../arm-none-eabi/lib/thumb/v6-m/nofp/libc_nano.a(lib_a-wsetup.o)
 .comment       0x00000026       0x27 /usr/lib/gcc/arm-none-eabi/12.2.1/../../../arm-none-eabi/lib/thumb/v6-m/nofp/libc_nano.a(lib_a-closer.o)
 .comment       0x00000026       0x27 /usr/lib/gcc/arm-none-eabi/12.2.1/../../../arm-none-eabi/lib/thumb/v6-m/nofp/libc_nano.a(lib_a-fflush.o)
 .comment       0x00000026       0x27 /usr/lib/gcc/arm-none-eabi/12.2.1/../../../arm-none-eabi/lib/thumb/v6-m/nofp/libc_nano.a(lib_a-fvwrite.o)
 .comment       0x00000026       0x27 /usr/lib/gcc/arm-none-eabi/12.2.1/../../../arm-none-eabi/lib/thumb/v6-m/nofp/libc_nano.a(lib_a-lseekr.o)
 .comment       0x00000026       0x27 /usr/lib/gcc/arm-none-eabi/12.2.1/../../../arm-none-eabi/lib/thumb/v6-m/nofp/libc_nano.a(lib_a-makebuf.o)
 .comment       0x00000026       0x27 /usr/lib/gcc/arm-none-eabi/12.2.1/../../../arm-none-eabi/lib/thumb/v6-m/nofp/libc_nano.a(lib_a-memchr-stub.o)
 .comment       0x00000026       0x27 /usr/lib/gcc/arm-none-eabi/12.2.1/../../../arm-none-eabi/lib/thumb/v6-m/nofp/libc_nano.a(lib_a-memcpy-stub.o)
 .comment       0x00000026       0x27 /usr/lib/gcc/arm-none-eabi/12.2.1/../../../arm-none-eabi/lib/thumb/v6-m/nofp/libc_nano.a(lib_a-memmove.o)
 .comment       0x00000026       0x27 /usr/lib/gcc/arm-none-eabi/12.2.1/../../../arm-none-eabi/lib/thumb/v6-m/nofp/libc_nano.a(lib_a-mlock.o)
 .comment       0x00000026       0x27 /usr/lib/gcc/arm-none-eabi/12.2.1/../../../arm-none-eabi/lib/thumb/v6-m/nofp/libc_nano.a(lib_a-nano-freer.o)
 .comment       0x00000026       0x27 /usr/lib/gcc/arm-none-eabi/12.2.1/../../../arm-none-eabi/lib/thumb/v6-m/nofp/libc_nano.a(lib_a-nano-reallocr.o)
 .comment       0x00000026       0x27 /usr/lib/gcc/arm-none-eabi/12.2.1/../../../arm-none-eabi/lib/thumb/v6-m/nofp/libc_nano.a(lib_a-readr.o)
 .comment       0x00000026       0x27 /usr/lib/gcc/arm-none-eabi/12.2.1/../../../arm-none-eabi/lib/thumb/v6-m/nofp/libc_nano.a(lib_a-reent.o)
 .comment       0x00000026       0x27 /usr/lib/gcc/arm-none-eabi/12.2.1/../../../arm-none-eabi/lib/thumb/v6-m/nofp/libc_nano.a(lib_a-fstatr.o)
 .comment       0x00000026       0x27 /usr/lib/gcc/arm-none-eabi/12.2.1/../../../arm-none-eabi/lib/thumb/v6-m/nofp/libc_nano.a(lib_a-isattyr.o)
 .comment       0x00000026       0x27 /usr/lib/gcc/arm-none-eabi/12.2.1/../../../arm-none-eabi/lib/thumb/v6-m/nofp/libc_nano.a(lib_a-nano-msizer.o)
 .comment       0x00000026       0x27 /usr/lib/gcc/arm-none-eabi/12.2.1/../../../arm-none-eabi/lib/thumb/v6-m/nofp/libnosys.a(close.o)
 .comment       0x00000026       0x27 /usr/lib/gcc/arm-none-eabi/12.2.1/../../../arm-none-eabi/lib/thumb/v6-m/nofp/libnosys.a(fstat.o)
 .comment       0x00000026       0x27 /usr/lib/gcc/arm-none-eabi/12.2.1/../../../arm-none-eabi/lib/thumb/v6-m/nofp/libnosys.a(isatty.o)
 .comment       0x00000026       0x27 /usr/lib/gcc/arm-none-eabi/12.2.1/../../../arm-none-eabi/lib/thumb/v6-m/nofp/libnosys.a(lseek.o)
 .comment       0x00000026       0x27 /usr/lib/gcc/arm-none-eabi/12.2.1/../../../arm-none-eabi/lib/thumb/v6-m/nofp/libnosys.a(read.o)
 .comment       0x00000026       0x27 /usr/lib/gcc/arm-none-eabi/12.2.1/../../../arm-none-eabi/lib/thumb/v6-m/nofp/libnosys.a(sbrk.o)
 .comment       0x00000026       0x27 /usr/lib/gcc/arm-none-eabi/12.2.1/thumb/v6-m/nofp/crtend.o

.debug_info     0x00000000    0x239c8
 .debug_info    0x00000000      0x3b0 build/main/init.o
 .debug_info    0x000003b0      0xde7 build/main/main.o
 .debug_info    0x00001197      0x522 build/main/gpio.o
 .debug_info    0x000016b9     0x191b build/main/tim.o
 .debug_info    0x00002fd4      0x100 build/main/stm32c0xx_it.o
 .debug_info    0x000030d4      0x26d build/main/stm32c0xx_hal_msp.o
 .debug_info    0x00003341      0xa44 build/main/stm32c0xx_hal.o
 .debug_info    0x00003d85      0xa78 build/main/stm32c0xx_hal_cortex.o
 .debug_info    0x000047fd      0xc0e build/main/stm32c0xx_hal_rcc.o
 .debug_info    0x0000540b      0x6a9 build/main/stm32c0xx_hal_gpio.o
 .debug_info    0x00005ab4     0x433b build/main/stm32c0xx_hal_tim.o
 .debug_info    0x00009def     0x219d build/main/stm32c0xx_hal_tim_ex.o
 .debug_info    0x0000bf8c      0x3bd build/main/system_stm32c0xx.o
 .debug_info    0x0000c349      0xcb0 build/main/usart.o
 .debug_info    0x0000cff9     0x659a build/main/stm32c0xx_hal_uart.o
 .debug_info    0x00013593       0x30 build/main/startup_stm32c031xx.o
 .debug_info    0x000135c3      0x7fc /usr/lib/gcc/arm-none-eabi/12.2.1/../../../arm-none-eabi/lib/thumb/v6-m/nofp/libc_nano.a(lib_a-impure.o)
 .debug_info    0x00013dbf      0x10b /usr/lib/gcc/arm-none-eabi/12.2.1/../../../arm-none-eabi/lib/thumb/v6-m/nofp/libc_nano.a(lib_a-init.o)
 .debug_info    0x00013eca      0x135 /usr/lib/gcc/arm-none-eabi/12.2.1/../../../arm-none-eabi/lib/thumb/v6-m/nofp/libc_nano.a(lib_a-memset.o)
 .debug_info    0x00013fff      0x8c9 /usr/lib/gcc/arm-none-eabi/12.2.1/../../../arm-none-eabi/lib/thumb/v6-m/nofp/libc_nano.a(lib_a-printf.o)
 .debug_info    0x000148c8     0x100b /usr/lib/gcc/arm-none-eabi/12.2.1/../../../arm-none-eabi/lib/thumb/v6-m/nofp/libc_nano.a(lib_a-findfp.o)
 .debug_info    0x000158d3      0x88f /usr/lib/gcc/arm-none-eabi/12.2.1/../../../arm-none-eabi/lib/thumb/v6-m/nofp/libc_nano.a(lib_a-fwalk.o)
 .debug_info    0x00016162      0x9ca /usr/lib/gcc/arm-none-eabi/12.2.1/../../../arm-none-eabi/lib/thumb/v6-m/nofp/libc_nano.a(lib_a-nano-mallocr.o)
 .debug_info    0x00016b2c     0x119d /usr/lib/gcc/arm-none-eabi/12.2.1/../../../arm-none-eabi/lib/thumb/v6-m/nofp/libc_nano.a(lib_a-nano-vfprintf.o)
 .debug_info    0x00017cc9      0xe49 /usr/lib/gcc/arm-none-eabi/12.2.1/../../../arm-none-eabi/lib/thumb/v6-m/nofp/libc_nano.a(lib_a-nano-vfprintf_i.o)
 .debug_info    0x00018b12      0x7d2 /usr/lib/gcc/arm-none-eabi/12.2.1/../../../arm-none-eabi/lib/thumb/v6-m/nofp/libc_nano.a(lib_a-sbrkr.o)
 .debug_info    0x000192e4      0xaa8 /usr/lib/gcc/arm-none-eabi/12.2.1/../../../arm-none-eabi/lib/thumb/v6-m/nofp/libc_nano.a(lib_a-stdio.o)
 .debug_info    0x00019d8c      0x94c /usr/lib/gcc/arm-none-eabi/12.2.1/../../../arm-none-eabi/lib/thumb/v6-m/nofp/libc_nano.a(lib_a-wbuf.o)
 .debug_info    0x0001a6d8      0x809 /usr/lib/gcc/arm-none-eabi/12.2.1/../../../arm-none-eabi/lib/thumb/v6-m/nofp/libc_nano.a(lib_a-writer.o)
 .debug_info    0x0001aee1      0x8af /usr/lib/gcc/arm-none-eabi/12.2.1/../../../arm-none-eabi/lib/thumb/v6-m/nofp/libc_nano.a(lib_a-wsetup.o)
 .debug_info    0x0001b790      0x7ad /usr/lib/gcc/arm-none-eabi/12.2.1/../../../arm-none-eabi/lib/thumb/v6-m/nofp/libc_nano.a(lib_a-closer.o)
 .debug_info    0x0001bf3d      0xaf6 /usr/lib/gcc/arm-none-eabi/12.2.1/../../../arm-none-eabi/lib/thumb/v6-m/nofp/libc_nano.a(lib_a-fflush.o)
 .debug_info    0x0001ca33      0xb89 /usr/lib/gcc/arm-none-eabi/12.2.1/../../../arm-none-eabi/lib/thumb/v6-m/nofp/libc_nano.a(lib_a-fvwrite.o)
 .debug_info    0x0001d5bc      0x7ec /usr/lib/gcc/arm-none-eabi/12.2.1/../../../arm-none-eabi/lib/thumb/v6-m/nofp/libc_nano.a(lib_a-lseekr.o)
 .debug_info    0x0001dda8      0xc51 /usr/lib/gcc/arm-none-eabi/12.2.1/../../../arm-none-eabi/lib/thumb/v6-m/nofp/libc_nano.a(lib_a-makebuf.o)
 .debug_info    0x0001e9f9      0x14a /usr/lib/gcc/arm-none-eabi/12.2.1/../../../arm-none-eabi/lib/thumb/v6-m/nofp/libc_nano.a(lib_a-memchr-stub.o)
 .debug_info    0x0001eb43      0x152 /usr/lib/gcc/arm-none-eabi/12.2.1/../../../arm-none-eabi/lib/thumb/v6-m/nofp/libc_nano.a(lib_a-memcpy-stub.o)
 .debug_info    0x0001ec95      0x148 /usr/lib/gcc/arm-none-eabi/12.2.1/../../../arm-none-eabi/lib/thumb/v6-m/nofp/libc_nano.a(lib_a-memmove.o)
 .debug_info    0x0001eddd      0x77c /usr/lib/gcc/arm-none-eabi/12.2.1/../../../arm-none-eabi/lib/thumb/v6-m/nofp/libc_nano.a(lib_a-mlock.o)
 .debug_info    0x0001f559      0x8ca /usr/lib/gcc/arm-none-eabi/12.2.1/../../../arm-none-eabi/lib/thumb/v6-m/nofp/libc_nano.a(lib_a-nano-freer.o)
 .debug_info    0x0001fe23      0x8fd /usr/lib/gcc/arm-none-eabi/12.2.1/../../../arm-none-eabi/lib/thumb/v6-m/nofp/libc_nano.a(lib_a-nano-reallocr.o)
 .debug_info    0x00020720      0x803 /usr/lib/gcc/arm-none-eabi/12.2.1/../../../arm-none-eabi/lib/thumb/v6-m/nofp/libc_nano.a(lib_a-readr.o)
 .debug_info    0x00020f23      0xa19 /usr/lib/gcc/arm-none-eabi/12.2.1/../../../arm-none-eabi/lib/thumb/v6-m/nofp/libc_nano.a(lib_a-reent.o)
 .debug_info    0x0002193c      0x9cb /usr/lib/gcc/arm-none-eabi/12.2.1/../../../arm-none-eabi/lib/thumb/v6-m/nofp/libc_nano.a(lib_a-fstatr.o)
 .debug_info    0x00022307      0x7ad /usr/lib/gcc/arm-none-eabi/12.2.1/../../../arm-none-eabi/lib/thumb/v6-m/nofp/libc_nano.a(lib_a-isattyr.o)
 .debug_info    0x00022ab4      0x7ea /usr/lib/gcc/arm-none-eabi/12.2.1/../../../arm-none-eabi/lib/thumb/v6-m/nofp/libc_nano.a(lib_a-nano-msizer.o)
 .debug_info    0x0002329e       0xb2 /usr/lib/gcc/arm-none-eabi/12.2.1/../../../arm-none-eabi/lib/thumb/v6-m/nofp/libnosys.a(close.o)
 .debug_info    0x00023350      0x2cb /usr/lib/gcc/arm-none-eabi/12.2.1/../../../arm-none-eabi/lib/thumb/v6-m/nofp/libnosys.a(fstat.o)
 .debug_info    0x0002361b       0xb2 /usr/lib/gcc/arm-none-eabi/12.2.1/../../../arm-none-eabi/lib/thumb/v6-m/nofp/libnosys.a(isatty.o)
 .debug_info    0x000236cd       0xd4 /usr/lib/gcc/arm-none-eabi/12.2.1/../../../arm-none-eabi/lib/thumb/v6-m/nofp/libnosys.a(lseek.o)
 .debug_info    0x000237a1       0xda /usr/lib/gcc/arm-none-eabi/12.2.1/../../../arm-none-eabi/lib/thumb/v6-m/nofp/libnosys.a(read.o)
 .debug_info    0x0002387b       0x9e /usr/lib/gcc/arm-none-eabi/12.2.1/../../../arm-none-eabi/lib/thumb/v6-m/nofp/libnosys.a(sbrk.o)
 .debug_info    0x00023919       0x3b /usr/lib/gcc/arm-none-eabi/12.2.1/thumb/v6-m/nofp/libgcc.a(_udivsi3.o)
 .debug_info    0x00023954       0x3b /usr/lib/gcc/arm-none-eabi/12.2.1/thumb/v6-m/nofp/libgcc.a(_divsi3.o)
 .debug_info    0x0002398f       0x39 /usr/lib/gcc/arm-none-eabi/12.2.1/thumb/v6-m/nofp/libgcc.a(_dvmd_tls.o)

.debug_abbrev   0x00000000     0x5dcd
 .debug_abbrev  0x00000000      0x191 build/main/init.o
 .debug_abbrev  0x00000191      0x24c build/main/main.o
 .debug_abbrev  0x000003dd      0x17b build/main/gpio.o
 .debug_abbrev  0x00000558      0x27d build/main/tim.o
 .debug_abbrev  0x000007d5       0x80 build/main/stm32c0xx_it.o
 .debug_abbrev  0x00000855       0xd3 build/main/stm32c0xx_hal_msp.o
 .debug_abbrev  0x00000928      0x341 build/main/stm32c0xx_hal.o
 .debug_abbrev  0x00000c69      0x31d build/main/stm32c0xx_hal_cortex.o
 .debug_abbrev  0x00000f86      0x2f4 build/main/stm32c0xx_hal_rcc.o
 .debug_abbrev  0x0000127a      0x23c build/main/stm32c0xx_hal_gpio.o
 .debug_abbrev  0x000014b6      0x2ce build/main/stm32c0xx_hal_tim.o
 .debug_abbrev  0x00001784      0x2c3 build/main/stm32c0xx_hal_tim_ex.o
 .debug_abbrev  0x00001a47      0x11b build/main/system_stm32c0xx.o
 .debug_abbrev  0x00001b62      0x207 build/main/usart.o
 .debug_abbrev  0x00001d69      0x366 build/main/stm32c0xx_hal_uart.o
 .debug_abbrev  0x000020cf       0x1d build/main/startup_stm32c031xx.o
 .debug_abbrev  0x000020ec      0x15a /usr/lib/gcc/arm-none-eabi/12.2.1/../../../arm-none-eabi/lib/thumb/v6-m/nofp/libc_nano.a(lib_a-impure.o)
 .debug_abbrev  0x00002246       0xc9 /usr/lib/gcc/arm-none-eabi/12.2.1/../../../arm-none-eabi/lib/thumb/v6-m/nofp/libc_nano.a(lib_a-init.o)
 .debug_abbrev  0x0000230f       0xb7 /usr/lib/gcc/arm-none-eabi/12.2.1/../../../arm-none-eabi/lib/thumb/v6-m/nofp/libc_nano.a(lib_a-memset.o)
 .debug_abbrev  0x000023c6      0x243 /usr/lib/gcc/arm-none-eabi/12.2.1/../../../arm-none-eabi/lib/thumb/v6-m/nofp/libc_nano.a(lib_a-printf.o)
 .debug_abbrev  0x00002609      0x3da /usr/lib/gcc/arm-none-eabi/12.2.1/../../../arm-none-eabi/lib/thumb/v6-m/nofp/libc_nano.a(lib_a-findfp.o)
 .debug_abbrev  0x000029e3      0x19f /usr/lib/gcc/arm-none-eabi/12.2.1/../../../arm-none-eabi/lib/thumb/v6-m/nofp/libc_nano.a(lib_a-fwalk.o)
 .debug_abbrev  0x00002b82      0x2b1 /usr/lib/gcc/arm-none-eabi/12.2.1/../../../arm-none-eabi/lib/thumb/v6-m/nofp/libc_nano.a(lib_a-nano-mallocr.o)
 .debug_abbrev  0x00002e33      0x34f /usr/lib/gcc/arm-none-eabi/12.2.1/../../../arm-none-eabi/lib/thumb/v6-m/nofp/libc_nano.a(lib_a-nano-vfprintf.o)
 .debug_abbrev  0x00003182      0x294 /usr/lib/gcc/arm-none-eabi/12.2.1/../../../arm-none-eabi/lib/thumb/v6-m/nofp/libc_nano.a(lib_a-nano-vfprintf_i.o)
 .debug_abbrev  0x00003416      0x1da /usr/lib/gcc/arm-none-eabi/12.2.1/../../../arm-none-eabi/lib/thumb/v6-m/nofp/libc_nano.a(lib_a-sbrkr.o)
 .debug_abbrev  0x000035f0      0x206 /usr/lib/gcc/arm-none-eabi/12.2.1/../../../arm-none-eabi/lib/thumb/v6-m/nofp/libc_nano.a(lib_a-stdio.o)
 .debug_abbrev  0x000037f6      0x22b /usr/lib/gcc/arm-none-eabi/12.2.1/../../../arm-none-eabi/lib/thumb/v6-m/nofp/libc_nano.a(lib_a-wbuf.o)
 .debug_abbrev  0x00003a21      0x1b5 /usr/lib/gcc/arm-none-eabi/12.2.1/../../../arm-none-eabi/lib/thumb/v6-m/nofp/libc_nano.a(lib_a-writer.o)
 .debug_abbrev  0x00003bd6      0x1d9 /usr/lib/gcc/arm-none-eabi/12.2.1/../../../arm-none-eabi/lib/thumb/v6-m/nofp/libc_nano.a(lib_a-wsetup.o)
 .debug_abbrev  0x00003daf      0x1b0 /usr/lib/gcc/arm-none-eabi/12.2.1/../../../arm-none-eabi/lib/thumb/v6-m/nofp/libc_nano.a(lib_a-closer.o)
 .debug_abbrev  0x00003f5f      0x2d1 /usr/lib/gcc/arm-none-eabi/12.2.1/../../../arm-none-eabi/lib/thumb/v6-m/nofp/libc_nano.a(lib_a-fflush.o)
 .debug_abbrev  0x00004230      0x231 /usr/lib/gcc/arm-none-eabi/12.2.1/../../../arm-none-eabi/lib/thumb/v6-m/nofp/libc_nano.a(lib_a-fvwrite.o)
 .debug_abbrev  0x00004461      0x1c4 /usr/lib/gcc/arm-none-eabi/12.2.1/../../../arm-none-eabi/lib/thumb/v6-m/nofp/libc_nano.a(lib_a-lseekr.o)
 .debug_abbrev  0x00004625      0x2b2 /usr/lib/gcc/arm-none-eabi/12.2.1/../../../arm-none-eabi/lib/thumb/v6-m/nofp/libc_nano.a(lib_a-makebuf.o)
 .debug_abbrev  0x000048d7       0xc7 /usr/lib/gcc/arm-none-eabi/12.2.1/../../../arm-none-eabi/lib/thumb/v6-m/nofp/libc_nano.a(lib_a-memchr-stub.o)
 .debug_abbrev  0x0000499e       0xca /usr/lib/gcc/arm-none-eabi/12.2.1/../../../arm-none-eabi/lib/thumb/v6-m/nofp/libc_nano.a(lib_a-memcpy-stub.o)
 .debug_abbrev  0x00004a68       0xc3 /usr/lib/gcc/arm-none-eabi/12.2.1/../../../arm-none-eabi/lib/thumb/v6-m/nofp/libc_nano.a(lib_a-memmove.o)
 .debug_abbrev  0x00004b2b      0x192 /usr/lib/gcc/arm-none-eabi/12.2.1/../../../arm-none-eabi/lib/thumb/v6-m/nofp/libc_nano.a(lib_a-mlock.o)
 .debug_abbrev  0x00004cbd      0x238 /usr/lib/gcc/arm-none-eabi/12.2.1/../../../arm-none-eabi/lib/thumb/v6-m/nofp/libc_nano.a(lib_a-nano-freer.o)
 .debug_abbrev  0x00004ef5      0x1f5 /usr/lib/gcc/arm-none-eabi/12.2.1/../../../arm-none-eabi/lib/thumb/v6-m/nofp/libc_nano.a(lib_a-nano-reallocr.o)
 .debug_abbrev  0x000050ea      0x1b0 /usr/lib/gcc/arm-none-eabi/12.2.1/../../../arm-none-eabi/lib/thumb/v6-m/nofp/libc_nano.a(lib_a-readr.o)
 .debug_abbrev  0x0000529a      0x259 /usr/lib/gcc/arm-none-eabi/12.2.1/../../../arm-none-eabi/lib/thumb/v6-m/nofp/libc_nano.a(lib_a-reent.o)
 .debug_abbrev  0x000054f3      0x1c3 /usr/lib/gcc/arm-none-eabi/12.2.1/../../../arm-none-eabi/lib/thumb/v6-m/nofp/libc_nano.a(lib_a-fstatr.o)
 .debug_abbrev  0x000056b6      0x1b0 /usr/lib/gcc/arm-none-eabi/12.2.1/../../../arm-none-eabi/lib/thumb/v6-m/nofp/libc_nano.a(lib_a-isattyr.o)
 .debug_abbrev  0x00005866      0x196 /usr/lib/gcc/arm-none-eabi/12.2.1/../../../arm-none-eabi/lib/thumb/v6-m/nofp/libc_nano.a(lib_a-nano-msizer.o)
 .debug_abbrev  0x000059fc       0x6c /usr/lib/gcc/arm-none-eabi/12.2.1/../../../arm-none-eabi/lib/thumb/v6-m/nofp/libnosys.a(close.o)
 .debug_abbrev  0x00005a68       0xcc /usr/lib/gcc/arm-none-eabi/12.2.1/../../../arm-none-eabi/lib/thumb/v6-m/nofp/libnosys.a(fstat.o)
 .debug_abbrev  0x00005b34       0x6c /usr/lib/gcc/arm-none-eabi/12.2.1/../../../arm-none-eabi/lib/thumb/v6-m/nofp/libnosys.a(isatty.o)
 .debug_abbrev  0x00005ba0       0x91 /usr/lib/gcc/arm-none-eabi/12.2.1/../../../arm-none-eabi/lib/thumb/v6-m/nofp/libnosys.a(lseek.o)
 .debug_abbrev  0x00005c31       0x9a /usr/lib/gcc/arm-none-eabi/12.2.1/../../../arm-none-eabi/lib/thumb/v6-m/nofp/libnosys.a(read.o)
 .debug_abbrev  0x00005ccb       0xa1 /usr/lib/gcc/arm-none-eabi/12.2.1/../../../arm-none-eabi/lib/thumb/v6-m/nofp/libnosys.a(sbrk.o)
 .debug_abbrev  0x00005d6c       0x21 /usr/lib/gcc/arm-none-eabi/12.2.1/thumb/v6-m/nofp/libgcc.a(_udivsi3.o)
 .debug_abbrev  0x00005d8d       0x21 /usr/lib/gcc/arm-none-eabi/12.2.1/thumb/v6-m/nofp/libgcc.a(_divsi3.o)
 .debug_abbrev  0x00005dae       0x1f /usr/lib/gcc/arm-none-eabi/12.2.1/thumb/v6-m/nofp/libgcc.a(_dvmd_tls.o)

.debug_loc      0x00000000     0xf4ec
 .debug_loc     0x00000000       0x4c build/main/init.o
 .debug_loc     0x0000004c       0xce build/main/main.o
 .debug_loc     0x0000011a       0x39 build/main/gpio.o
 .debug_loc     0x00000153      0x1a6 build/main/tim.o
 .debug_loc     0x000002f9       0x20 build/main/stm32c0xx_it.o
 .debug_loc     0x00000319       0x20 build/main/stm32c0xx_hal_msp.o
 .debug_loc     0x00000339      0x2e5 build/main/stm32c0xx_hal.o
 .debug_loc     0x0000061e      0x39f build/main/stm32c0xx_hal_cortex.o
 .debug_loc     0x000009bd      0x76d build/main/stm32c0xx_hal_rcc.o
 .debug_loc     0x0000112a      0x50a build/main/stm32c0xx_hal_gpio.o
 .debug_loc     0x00001634     0x627c build/main/stm32c0xx_hal_tim.o
 .debug_loc     0x000078b0     0x2ded build/main/stm32c0xx_hal_tim_ex.o
 .debug_loc     0x0000a69d       0x2e build/main/system_stm32c0xx.o
 .debug_loc     0x0000a6cb       0xed build/main/usart.o
 .debug_loc     0x0000a7b8     0x4d34 build/main/stm32c0xx_hal_uart.o

.debug_aranges  0x00000000     0x10f0
 .debug_aranges
                0x00000000       0x30 build/main/init.o
 .debug_aranges
                0x00000030       0x28 build/main/main.o
 .debug_aranges
                0x00000058       0x20 build/main/gpio.o
 .debug_aranges
                0x00000078       0x58 build/main/tim.o
 .debug_aranges
                0x000000d0       0x40 build/main/stm32c0xx_it.o
 .debug_aranges
                0x00000110       0x20 build/main/stm32c0xx_hal_msp.o
 .debug_aranges
                0x00000130      0x100 build/main/stm32c0xx_hal.o
 .debug_aranges
                0x00000230       0xb0 build/main/stm32c0xx_hal_cortex.o
 .debug_aranges
                0x000002e0       0x90 build/main/stm32c0xx_hal_rcc.o
 .debug_aranges
                0x00000370       0x68 build/main/stm32c0xx_hal_gpio.o
 .debug_aranges
                0x000003d8      0x3e0 build/main/stm32c0xx_hal_tim.o
 .debug_aranges
                0x000007b8      0x198 build/main/stm32c0xx_hal_tim_ex.o
 .debug_aranges
                0x00000950       0x28 build/main/system_stm32c0xx.o
 .debug_aranges
                0x00000978       0x30 build/main/usart.o
 .debug_aranges
                0x000009a8      0x248 build/main/stm32c0xx_hal_uart.o
 .debug_aranges
                0x00000bf0       0x28 build/main/startup_stm32c031xx.o
 .debug_aranges
                0x00000c18       0x18 /usr/lib/gcc/arm-none-eabi/12.2.1/../../../arm-none-eabi/lib/thumb/v6-m/nofp/libc_nano.a(lib_a-impure.o)
 .debug_aranges
                0x00000c30       0x20 /usr/lib/gcc/arm-none-eabi/12.2.1/../../../arm-none-eabi/lib/thumb/v6-m/nofp/libc_nano.a(lib_a-init.o)
 .debug_aranges
                0x00000c50       0x20 /usr/lib/gcc/arm-none-eabi/12.2.1/../../../arm-none-eabi/lib/thumb/v6-m/nofp/libc_nano.a(lib_a-memset.o)
 .debug_aranges
                0x00000c70       0x20 /usr/lib/gcc/arm-none-eabi/12.2.1/../../../arm-none-eabi/lib/thumb/v6-m/nofp/libc_nano.a(lib_a-printf.o)
 .debug_aranges
                0x00000c90       0x20 /usr/lib/gcc/arm-none-eabi/12.2.1/../../../arm-none-eabi/lib/thumb/v6-m/nofp/libc_nano.a(lib_a-findfp.o)
 .debug_aranges
                0x00000cb0       0x20 /usr/lib/gcc/arm-none-eabi/12.2.1/../../../arm-none-eabi/lib/thumb/v6-m/nofp/libc_nano.a(lib_a-fwalk.o)
 .debug_aranges
                0x00000cd0       0x20 /usr/lib/gcc/arm-none-eabi/12.2.1/../../../arm-none-eabi/lib/thumb/v6-m/nofp/libc_nano.a(lib_a-nano-mallocr.o)
 .debug_aranges
                0x00000cf0       0x20 /usr/lib/gcc/arm-none-eabi/12.2.1/../../../arm-none-eabi/lib/thumb/v6-m/nofp/libc_nano.a(lib_a-nano-vfprintf.o)
 .debug_aranges
                0x00000d10       0x20 /usr/lib/gcc/arm-none-eabi/12.2.1/../../../arm-none-eabi/lib/thumb/v6-m/nofp/libc_nano.a(lib_a-nano-vfprintf_i.o)
 .debug_aranges
                0x00000d30       0x20 /usr/lib/gcc/arm-none-eabi/12.2.1/../../../arm-none-eabi/lib/thumb/v6-m/nofp/libc_nano.a(lib_a-sbrkr.o)
 .debug_aranges
                0x00000d50       0x20 /usr/lib/gcc/arm-none-eabi/12.2.1/../../../arm-none-eabi/lib/thumb/v6-m/nofp/libc_nano.a(lib_a-stdio.o)
 .debug_aranges
                0x00000d70       0x20 /usr/lib/gcc/arm-none-eabi/12.2.1/../../../arm-none-eabi/lib/thumb/v6-m/nofp/libc_nano.a(lib_a-wbuf.o)
 .debug_aranges
                0x00000d90       0x20 /usr/lib/gcc/arm-none-eabi/12.2.1/../../../arm-none-eabi/lib/thumb/v6-m/nofp/libc_nano.a(lib_a-writer.o)
 .debug_aranges
                0x00000db0       0x20 /usr/lib/gcc/arm-none-eabi/12.2.1/../../../arm-none-eabi/lib/thumb/v6-m/nofp/libc_nano.a(lib_a-wsetup.o)
 .debug_aranges
                0x00000dd0       0x20 /usr/lib/gcc/arm-none-eabi/12.2.1/../../../arm-none-eabi/lib/thumb/v6-m/nofp/libc_nano.a(lib_a-closer.o)
 .debug_aranges
                0x00000df0       0x20 /usr/lib/gcc/arm-none-eabi/12.2.1/../../../arm-none-eabi/lib/thumb/v6-m/nofp/libc_nano.a(lib_a-fflush.o)
 .debug_aranges
                0x00000e10       0x20 /usr/lib/gcc/arm-none-eabi/12.2.1/../../../arm-none-eabi/lib/thumb/v6-m/nofp/libc_nano.a(lib_a-fvwrite.o)
 .debug_aranges
                0x00000e30       0x20 /usr/lib/gcc/arm-none-eabi/12.2.1/../../../arm-none-eabi/lib/thumb/v6-m/nofp/libc_nano.a(lib_a-lseekr.o)
 .debug_aranges
                0x00000e50       0x20 /usr/lib/gcc/arm-none-eabi/12.2.1/../../../arm-none-eabi/lib/thumb/v6-m/nofp/libc_nano.a(lib_a-makebuf.o)
 .debug_aranges
                0x00000e70       0x20 /usr/lib/gcc/arm-none-eabi/12.2.1/../../../arm-none-eabi/lib/thumb/v6-m/nofp/libc_nano.a(lib_a-memchr-stub.o)
 .debug_aranges
                0x00000e90       0x20 /usr/lib/gcc/arm-none-eabi/12.2.1/../../../arm-none-eabi/lib/thumb/v6-m/nofp/libc_nano.a(lib_a-memcpy-stub.o)
 .debug_aranges
                0x00000eb0       0x20 /usr/lib/gcc/arm-none-eabi/12.2.1/../../../arm-none-eabi/lib/thumb/v6-m/nofp/libc_nano.a(lib_a-memmove.o)
 .debug_aranges
                0x00000ed0       0x20 /usr/lib/gcc/arm-none-eabi/12.2.1/../../../arm-none-eabi/lib/thumb/v6-m/nofp/libc_nano.a(lib_a-mlock.o)
 .debug_aranges
                0x00000ef0       0x20 /usr/lib/gcc/arm-none-eabi/12.2.1/../../../arm-none-eabi/lib/thumb/v6-m/nofp/libc_nano.a(lib_a-nano-freer.o)
 .debug_aranges
                0x00000f10       0x20 /usr/lib/gcc/arm-none-eabi/12.2.1/../../../arm-none-eabi/lib/thumb/v6-m/nofp/libc_nano.a(lib_a-nano-reallocr.o)
 .debug_aranges
                0x00000f30       0x20 /usr/lib/gcc/arm-none-eabi/12.2.1/../../../arm-none-eabi/lib/thumb/v6-m/nofp/libc_nano.a(lib_a-readr.o)
 .debug_aranges
                0x00000f50       0x20 /usr/lib/gcc/arm-none-eabi/12.2.1/../../../arm-none-eabi/lib/thumb/v6-m/nofp/libc_nano.a(lib_a-reent.o)
 .debug_aranges
                0x00000f70       0x20 /usr/lib/gcc/arm-none-eabi/12.2.1/../../../arm-none-eabi/lib/thumb/v6-m/nofp/libc_nano.a(lib_a-fstatr.o)
 .debug_aranges
                0x00000f90       0x20 /usr/lib/gcc/arm-none-eabi/12.2.1/../../../arm-none-eabi/lib/thumb/v6-m/nofp/libc_nano.a(lib_a-isattyr.o)
 .debug_aranges
                0x00000fb0       0x20 /usr/lib/gcc/arm-none-eabi/12.2.1/../../../arm-none-eabi/lib/thumb/v6-m/nofp/libc_nano.a(lib_a-nano-msizer.o)
 .debug_aranges
                0x00000fd0       0x20 /usr/lib/gcc/arm-none-eabi/12.2.1/../../../arm-none-eabi/lib/thumb/v6-m/nofp/libnosys.a(close.o)
 .debug_aranges
                0x00000ff0       0x20 /usr/lib/gcc/arm-none-eabi/12.2.1/../../../arm-none-eabi/lib/thumb/v6-m/nofp/libnosys.a(fstat.o)
 .debug_aranges
                0x00001010       0x20 /usr/lib/gcc/arm-none-eabi/12.2.1/../../../arm-none-eabi/lib/thumb/v6-m/nofp/libnosys.a(isatty.o)
 .debug_aranges
                0x00001030       0x20 /usr/lib/gcc/arm-none-eabi/12.2.1/../../../arm-none-eabi/lib/thumb/v6-m/nofp/libnosys.a(lseek.o)
 .debug_aranges
                0x00001050       0x20 /usr/lib/gcc/arm-none-eabi/12.2.1/../../../arm-none-eabi/lib/thumb/v6-m/nofp/libnosys.a(read.o)
 .debug_aranges
                0x00001070       0x20 /usr/lib/gcc/arm-none-eabi/12.2.1/../../../arm-none-eabi/lib/thumb/v6-m/nofp/libnosys.a(sbrk.o)
 .debug_aranges
                0x00001090       0x20 /usr/lib/gcc/arm-none-eabi/12.2.1/thumb/v6-m/nofp/libgcc.a(_udivsi3.o)
 .debug_aranges
                0x000010b0       0x20 /usr/lib/gcc/arm-none-eabi/12.2.1/thumb/v6-m/nofp/libgcc.a(_divsi3.o)
 .debug_aranges
                0x000010d0       0x20 /usr/lib/gcc/arm-none-eabi/12.2.1/thumb/v6-m/nofp/libgcc.a(_dvmd_tls.o)

.debug_ranges   0x00000000      0xb70
 .debug_ranges  0x00000000       0x20 build/main/init.o
 .debug_ranges  0x00000020       0x18 build/main/main.o
 .debug_ranges  0x00000038       0x10 build/main/gpio.o
 .debug_ranges  0x00000048       0x48 build/main/tim.o
 .debug_ranges  0x00000090       0x30 build/main/stm32c0xx_it.o
 .debug_ranges  0x000000c0       0x10 build/main/stm32c0xx_hal_msp.o
 .debug_ranges  0x000000d0       0xf0 build/main/stm32c0xx_hal.o
 .debug_ranges  0x000001c0       0xb8 build/main/stm32c0xx_hal_cortex.o
 .debug_ranges  0x00000278       0xb8 build/main/stm32c0xx_hal_rcc.o
 .debug_ranges  0x00000330       0x58 build/main/stm32c0xx_hal_gpio.o
 .debug_ranges  0x00000388      0x3d0 build/main/stm32c0xx_hal_tim.o
 .debug_ranges  0x00000758      0x188 build/main/stm32c0xx_hal_tim_ex.o
 .debug_ranges  0x000008e0       0x18 build/main/system_stm32c0xx.o
 .debug_ranges  0x000008f8       0x20 build/main/usart.o
 .debug_ranges  0x00000918      0x238 build/main/stm32c0xx_hal_uart.o
 .debug_ranges  0x00000b50       0x20 build/main/startup_stm32c031xx.o

.debug_line     0x00000000    0x13a94
 .debug_line    0x00000000      0x203 build/main/init.o
 .debug_line    0x00000203      0x1d8 build/main/main.o
 .debug_line    0x000003db      0x162 build/main/gpio.o
 .debug_line    0x0000053d      0x95d build/main/tim.o
 .debug_line    0x00000e9a       0xf9 build/main/stm32c0xx_it.o
 .debug_line    0x00000f93       0xc9 build/main/stm32c0xx_hal_msp.o
 .debug_line    0x0000105c      0x553 build/main/stm32c0xx_hal.o
 .debug_line    0x000015af      0x5e0 build/main/stm32c0xx_hal_cortex.o
 .debug_line    0x00001b8f      0x9e0 build/main/stm32c0xx_hal_rcc.o
 .debug_line    0x0000256f      0x665 build/main/stm32c0xx_hal_gpio.o
 .debug_line    0x00002bd4     0x4e0c build/main/stm32c0xx_hal_tim.o
 .debug_line    0x000079e0     0x1f68 build/main/stm32c0xx_hal_tim_ex.o
 .debug_line    0x00009948      0x162 build/main/system_stm32c0xx.o
 .debug_line    0x00009aaa      0x24c build/main/usart.o
 .debug_line    0x00009cf6     0x49af build/main/stm32c0xx_hal_uart.o
 .debug_line    0x0000e6a5       0x84 build/main/startup_stm32c031xx.o
 .debug_line    0x0000e729       0xde /usr/lib/gcc/arm-none-eabi/12.2.1/../../../arm-none-eabi/lib/thumb/v6-m/nofp/libc_nano.a(lib_a-impure.o)
 .debug_line    0x0000e807      0x113 /usr/lib/gcc/arm-none-eabi/12.2.1/../../../arm-none-eabi/lib/thumb/v6-m/nofp/libc_nano.a(lib_a-init.o)
 .debug_line    0x0000e91a      0x1c3 /usr/lib/gcc/arm-none-eabi/12.2.1/../../../arm-none-eabi/lib/thumb/v6-m/nofp/libc_nano.a(lib_a-memset.o)
 .debug_line    0x0000eadd      0x213 /usr/lib/gcc/arm-none-eabi/12.2.1/../../../arm-none-eabi/lib/thumb/v6-m/nofp/libc_nano.a(lib_a-printf.o)
 .debug_line    0x0000ecf0      0x630 /usr/lib/gcc/arm-none-eabi/12.2.1/../../../arm-none-eabi/lib/thumb/v6-m/nofp/libc_nano.a(lib_a-findfp.o)
 .debug_line    0x0000f320      0x228 /usr/lib/gcc/arm-none-eabi/12.2.1/../../../arm-none-eabi/lib/thumb/v6-m/nofp/libc_nano.a(lib_a-fwalk.o)
 .debug_line    0x0000f548      0x2d1 /usr/lib/gcc/arm-none-eabi/12.2.1/../../../arm-none-eabi/lib/thumb/v6-m/nofp/libc_nano.a(lib_a-nano-mallocr.o)
 .debug_line    0x0000f819      0x6f4 /usr/lib/gcc/arm-none-eabi/12.2.1/../../../arm-none-eabi/lib/thumb/v6-m/nofp/libc_nano.a(lib_a-nano-vfprintf.o)
 .debug_line    0x0000ff0d      0x73c /usr/lib/gcc/arm-none-eabi/12.2.1/../../../arm-none-eabi/lib/thumb/v6-m/nofp/libc_nano.a(lib_a-nano-vfprintf_i.o)
 .debug_line    0x00010649      0x177 /usr/lib/gcc/arm-none-eabi/12.2.1/../../../arm-none-eabi/lib/thumb/v6-m/nofp/libc_nano.a(lib_a-sbrkr.o)
 .debug_line    0x000107c0      0x22b /usr/lib/gcc/arm-none-eabi/12.2.1/../../../arm-none-eabi/lib/thumb/v6-m/nofp/libc_nano.a(lib_a-stdio.o)
 .debug_line    0x000109eb      0x2b5 /usr/lib/gcc/arm-none-eabi/12.2.1/../../../arm-none-eabi/lib/thumb/v6-m/nofp/libc_nano.a(lib_a-wbuf.o)
 .debug_line    0x00010ca0      0x172 /usr/lib/gcc/arm-none-eabi/12.2.1/../../../arm-none-eabi/lib/thumb/v6-m/nofp/libc_nano.a(lib_a-writer.o)
 .debug_line    0x00010e12      0x337 /usr/lib/gcc/arm-none-eabi/12.2.1/../../../arm-none-eabi/lib/thumb/v6-m/nofp/libc_nano.a(lib_a-wsetup.o)
 .debug_line    0x00011149      0x177 /usr/lib/gcc/arm-none-eabi/12.2.1/../../../arm-none-eabi/lib/thumb/v6-m/nofp/libc_nano.a(lib_a-closer.o)
 .debug_line    0x000112c0      0x474 /usr/lib/gcc/arm-none-eabi/12.2.1/../../../arm-none-eabi/lib/thumb/v6-m/nofp/libc_nano.a(lib_a-fflush.o)
 .debug_line    0x00011734      0x602 /usr/lib/gcc/arm-none-eabi/12.2.1/../../../arm-none-eabi/lib/thumb/v6-m/nofp/libc_nano.a(lib_a-fvwrite.o)
 .debug_line    0x00011d36      0x172 /usr/lib/gcc/arm-none-eabi/12.2.1/../../../arm-none-eabi/lib/thumb/v6-m/nofp/libc_nano.a(lib_a-lseekr.o)
 .debug_line    0x00011ea8      0x33d /usr/lib/gcc/arm-none-eabi/12.2.1/../../../arm-none-eabi/lib/thumb/v6-m/nofp/libc_nano.a(lib_a-makebuf.o)
 .debug_line    0x000121e5      0x1d9 /usr/lib/gcc/arm-none-eabi/12.2.1/../../../arm-none-eabi/lib/thumb/v6-m/nofp/libc_nano.a(lib_a-memchr-stub.o)
 .debug_line    0x000123be      0x1e8 /usr/lib/gcc/arm-none-eabi/12.2.1/../../../arm-none-eabi/lib/thumb/v6-m/nofp/libc_nano.a(lib_a-memcpy-stub.o)
 .debug_line    0x000125a6      0x1db /usr/lib/gcc/arm-none-eabi/12.2.1/../../../arm-none-eabi/lib/thumb/v6-m/nofp/libc_nano.a(lib_a-memmove.o)
 .debug_line    0x00012781      0x13b /usr/lib/gcc/arm-none-eabi/12.2.1/../../../arm-none-eabi/lib/thumb/v6-m/nofp/libc_nano.a(lib_a-mlock.o)
 .debug_line    0x000128bc      0x2b4 /usr/lib/gcc/arm-none-eabi/12.2.1/../../../arm-none-eabi/lib/thumb/v6-m/nofp/libc_nano.a(lib_a-nano-freer.o)
 .debug_line    0x00012b70      0x19f /usr/lib/gcc/arm-none-eabi/12.2.1/../../../arm-none-eabi/lib/thumb/v6-m/nofp/libc_nano.a(lib_a-nano-reallocr.o)
 .debug_line    0x00012d0f      0x171 /usr/lib/gcc/arm-none-eabi/12.2.1/../../../arm-none-eabi/lib/thumb/v6-m/nofp/libc_nano.a(lib_a-readr.o)
 .debug_line    0x00012e80      0x2a7 /usr/lib/gcc/arm-none-eabi/12.2.1/../../../arm-none-eabi/lib/thumb/v6-m/nofp/libc_nano.a(lib_a-reent.o)
 .debug_line    0x00013127      0x1ea /usr/lib/gcc/arm-none-eabi/12.2.1/../../../arm-none-eabi/lib/thumb/v6-m/nofp/libc_nano.a(lib_a-fstatr.o)
 .debug_line    0x00013311      0x178 /usr/lib/gcc/arm-none-eabi/12.2.1/../../../arm-none-eabi/lib/thumb/v6-m/nofp/libc_nano.a(lib_a-isattyr.o)
 .debug_line    0x00013489      0x157 /usr/lib/gcc/arm-none-eabi/12.2.1/../../../arm-none-eabi/lib/thumb/v6-m/nofp/libc_nano.a(lib_a-nano-msizer.o)
 .debug_line    0x000135e0       0x7e /usr/lib/gcc/arm-none-eabi/12.2.1/../../../arm-none-eabi/lib/thumb/v6-m/nofp/libnosys.a(close.o)
 .debug_line    0x0001365e      0x13c /usr/lib/gcc/arm-none-eabi/12.2.1/../../../arm-none-eabi/lib/thumb/v6-m/nofp/libnosys.a(fstat.o)
 .debug_line    0x0001379a       0x7c /usr/lib/gcc/arm-none-eabi/12.2.1/../../../arm-none-eabi/lib/thumb/v6-m/nofp/libnosys.a(isatty.o)
 .debug_line    0x00013816       0x7e /usr/lib/gcc/arm-none-eabi/12.2.1/../../../arm-none-eabi/lib/thumb/v6-m/nofp/libnosys.a(lseek.o)
 .debug_line    0x00013894       0x7d /usr/lib/gcc/arm-none-eabi/12.2.1/../../../arm-none-eabi/lib/thumb/v6-m/nofp/libnosys.a(read.o)
 .debug_line    0x00013911       0x86 /usr/lib/gcc/arm-none-eabi/12.2.1/../../../arm-none-eabi/lib/thumb/v6-m/nofp/libnosys.a(sbrk.o)
 .debug_line    0x00013997       0x56 /usr/lib/gcc/arm-none-eabi/12.2.1/thumb/v6-m/nofp/libgcc.a(_udivsi3.o)
 .debug_line    0x000139ed       0x5d /usr/lib/gcc/arm-none-eabi/12.2.1/thumb/v6-m/nofp/libgcc.a(_divsi3.o)
 .debug_line    0x00013a4a       0x4a /usr/lib/gcc/arm-none-eabi/12.2.1/thumb/v6-m/nofp/libgcc.a(_dvmd_tls.o)

.debug_str      0x00000000     0x50ef
 .debug_str     0x00000000      0x311 build/main/init.o
                                0x35a (size before relaxing)
 .debug_str     0x00000311      0x83f build/main/main.o
                                0xa67 (size before relaxing)
 .debug_str     0x00000b50      0x17b build/main/gpio.o
                                0x304 (size before relaxing)
 .debug_str     0x00000ccb      0x2fd build/main/tim.o
                                0xc45 (size before relaxing)
 .debug_str     0x00000fc8       0x6f build/main/stm32c0xx_it.o
                                0x1bc (size before relaxing)
 .debug_str     0x00001037       0x2b build/main/stm32c0xx_hal_msp.o
                                0x238 (size before relaxing)
 .debug_str     0x00001062      0x559 build/main/stm32c0xx_hal.o
                                0x7d4 (size before relaxing)
 .debug_str     0x000015bb      0x33f build/main/stm32c0xx_hal_cortex.o
                                0x68c (size before relaxing)
 .debug_str     0x000018fa      0x29a build/main/stm32c0xx_hal_rcc.o
                                0x6a9 (size before relaxing)
 .debug_str     0x00001b94      0x170 build/main/stm32c0xx_hal_gpio.o
                                0x3df (size before relaxing)
 .debug_str     0x00001d04      0xe74 build/main/stm32c0xx_hal_tim.o
                               0x17bd (size before relaxing)
 .debug_str     0x00002b78      0x53b build/main/stm32c0xx_hal_tim_ex.o
                               0x1149 (size before relaxing)
 .debug_str     0x000030b3       0x3f build/main/system_stm32c0xx.o
                                0x2a7 (size before relaxing)
 .debug_str     0x000030f2       0x50 build/main/usart.o
                                0x892 (size before relaxing)
 .debug_str     0x00003142      0x85e build/main/stm32c0xx_hal_uart.o
                               0x10d5 (size before relaxing)
 .debug_str     0x000039a0       0x3b build/main/startup_stm32c031xx.o
                                 0x6e (size before relaxing)
 .debug_str     0x000039db      0x432 /usr/lib/gcc/arm-none-eabi/12.2.1/../../../arm-none-eabi/lib/thumb/v6-m/nofp/libc_nano.a(lib_a-impure.o)
                                0x547 (size before relaxing)
 .debug_str     0x00003e0d       0xe6 /usr/lib/gcc/arm-none-eabi/12.2.1/../../../arm-none-eabi/lib/thumb/v6-m/nofp/libc_nano.a(lib_a-init.o)
                                0x1f4 (size before relaxing)
 .debug_str     0x00003ef3       0xa0 /usr/lib/gcc/arm-none-eabi/12.2.1/../../../arm-none-eabi/lib/thumb/v6-m/nofp/libc_nano.a(lib_a-memset.o)
                                0x1a9 (size before relaxing)
 .debug_str     0x00003f93       0xc6 /usr/lib/gcc/arm-none-eabi/12.2.1/../../../arm-none-eabi/lib/thumb/v6-m/nofp/libc_nano.a(lib_a-printf.o)
                                0x539 (size before relaxing)
 .debug_str     0x00004059      0x20d /usr/lib/gcc/arm-none-eabi/12.2.1/../../../arm-none-eabi/lib/thumb/v6-m/nofp/libc_nano.a(lib_a-findfp.o)
                                0x753 (size before relaxing)
 .debug_str     0x00004266       0x41 /usr/lib/gcc/arm-none-eabi/12.2.1/../../../arm-none-eabi/lib/thumb/v6-m/nofp/libc_nano.a(lib_a-fwalk.o)
                                0x50d (size before relaxing)
 .debug_str     0x000042a7      0x138 /usr/lib/gcc/arm-none-eabi/12.2.1/../../../arm-none-eabi/lib/thumb/v6-m/nofp/libc_nano.a(lib_a-nano-mallocr.o)
                                0x5b3 (size before relaxing)
 .debug_str     0x000043df      0x2a6 /usr/lib/gcc/arm-none-eabi/12.2.1/../../../arm-none-eabi/lib/thumb/v6-m/nofp/libc_nano.a(lib_a-nano-vfprintf.o)
                                0x8a2 (size before relaxing)
 .debug_str     0x00004685       0xa5 /usr/lib/gcc/arm-none-eabi/12.2.1/../../../arm-none-eabi/lib/thumb/v6-m/nofp/libc_nano.a(lib_a-nano-vfprintf_i.o)
                                0x7e6 (size before relaxing)
 .debug_str     0x0000472a       0x3d /usr/lib/gcc/arm-none-eabi/12.2.1/../../../arm-none-eabi/lib/thumb/v6-m/nofp/libc_nano.a(lib_a-sbrkr.o)
                                0x4ff (size before relaxing)
 .debug_str     0x00004767       0x70 /usr/lib/gcc/arm-none-eabi/12.2.1/../../../arm-none-eabi/lib/thumb/v6-m/nofp/libc_nano.a(lib_a-stdio.o)
                                0x563 (size before relaxing)
 .debug_str     0x000047d7       0x39 /usr/lib/gcc/arm-none-eabi/12.2.1/../../../arm-none-eabi/lib/thumb/v6-m/nofp/libc_nano.a(lib_a-wbuf.o)
                                0x56b (size before relaxing)
 .debug_str     0x00004810       0x33 /usr/lib/gcc/arm-none-eabi/12.2.1/../../../arm-none-eabi/lib/thumb/v6-m/nofp/libc_nano.a(lib_a-writer.o)
                                0x4fc (size before relaxing)
 .debug_str     0x00004843       0x48 /usr/lib/gcc/arm-none-eabi/12.2.1/../../../arm-none-eabi/lib/thumb/v6-m/nofp/libc_nano.a(lib_a-wsetup.o)
                                0x566 (size before relaxing)
 .debug_str     0x0000488b       0x33 /usr/lib/gcc/arm-none-eabi/12.2.1/../../../arm-none-eabi/lib/thumb/v6-m/nofp/libc_nano.a(lib_a-closer.o)
                                0x4ec (size before relaxing)
 .debug_str     0x000048be       0x56 /usr/lib/gcc/arm-none-eabi/12.2.1/../../../arm-none-eabi/lib/thumb/v6-m/nofp/libc_nano.a(lib_a-fflush.o)
                                0x5a7 (size before relaxing)
 .debug_str     0x00004914       0x79 /usr/lib/gcc/arm-none-eabi/12.2.1/../../../arm-none-eabi/lib/thumb/v6-m/nofp/libc_nano.a(lib_a-fvwrite.o)
                                0x5a7 (size before relaxing)
 .debug_str     0x0000498d       0x3a /usr/lib/gcc/arm-none-eabi/12.2.1/../../../arm-none-eabi/lib/thumb/v6-m/nofp/libc_nano.a(lib_a-lseekr.o)
                                0x4fa (size before relaxing)
 .debug_str     0x000049c7      0x16c /usr/lib/gcc/arm-none-eabi/12.2.1/../../../arm-none-eabi/lib/thumb/v6-m/nofp/libc_nano.a(lib_a-makebuf.o)
                                0x694 (size before relaxing)
 .debug_str     0x00004b33       0xb3 /usr/lib/gcc/arm-none-eabi/12.2.1/../../../arm-none-eabi/lib/thumb/v6-m/nofp/libc_nano.a(lib_a-memchr-stub.o)
                                0x1c1 (size before relaxing)
 .debug_str     0x00004be6       0x68 /usr/lib/gcc/arm-none-eabi/12.2.1/../../../arm-none-eabi/lib/thumb/v6-m/nofp/libc_nano.a(lib_a-memcpy-stub.o)
                                0x1ce (size before relaxing)
 .debug_str     0x00004c4e       0x3e /usr/lib/gcc/arm-none-eabi/12.2.1/../../../arm-none-eabi/lib/thumb/v6-m/nofp/libc_nano.a(lib_a-memmove.o)
                                0x1c8 (size before relaxing)
 .debug_str     0x00004c8c       0x4c /usr/lib/gcc/arm-none-eabi/12.2.1/../../../arm-none-eabi/lib/thumb/v6-m/nofp/libc_nano.a(lib_a-mlock.o)
                                0x515 (size before relaxing)
 .debug_str     0x00004cd8       0x24 /usr/lib/gcc/arm-none-eabi/12.2.1/../../../arm-none-eabi/lib/thumb/v6-m/nofp/libc_nano.a(lib_a-nano-freer.o)
                                0x57e (size before relaxing)
 .debug_str     0x00004cfc       0x23 /usr/lib/gcc/arm-none-eabi/12.2.1/../../../arm-none-eabi/lib/thumb/v6-m/nofp/libc_nano.a(lib_a-nano-reallocr.o)
                                0x568 (size before relaxing)
 .debug_str     0x00004d1f       0x32 /usr/lib/gcc/arm-none-eabi/12.2.1/../../../arm-none-eabi/lib/thumb/v6-m/nofp/libc_nano.a(lib_a-readr.o)
                                0x4fa (size before relaxing)
 .debug_str     0x00004d51       0x5e /usr/lib/gcc/arm-none-eabi/12.2.1/../../../arm-none-eabi/lib/thumb/v6-m/nofp/libc_nano.a(lib_a-reent.o)
                                0x527 (size before relaxing)
 .debug_str     0x00004daf       0x40 /usr/lib/gcc/arm-none-eabi/12.2.1/../../../arm-none-eabi/lib/thumb/v6-m/nofp/libc_nano.a(lib_a-fstatr.o)
                                0x63e (size before relaxing)
 .debug_str     0x00004def       0x3c /usr/lib/gcc/arm-none-eabi/12.2.1/../../../arm-none-eabi/lib/thumb/v6-m/nofp/libc_nano.a(lib_a-isattyr.o)
                                0x4f6 (size before relaxing)
 .debug_str     0x00004e2b        0xf /usr/lib/gcc/arm-none-eabi/12.2.1/../../../arm-none-eabi/lib/thumb/v6-m/nofp/libc_nano.a(lib_a-nano-msizer.o)
                                0x546 (size before relaxing)
 .debug_str     0x00004e3a       0xdb /usr/lib/gcc/arm-none-eabi/12.2.1/../../../arm-none-eabi/lib/thumb/v6-m/nofp/libnosys.a(close.o)
                                0x17d (size before relaxing)
 .debug_str     0x00004f15       0x2f /usr/lib/gcc/arm-none-eabi/12.2.1/../../../arm-none-eabi/lib/thumb/v6-m/nofp/libnosys.a(fstat.o)
                                0x2c9 (size before relaxing)
 .debug_str     0x00004f44       0x30 /usr/lib/gcc/arm-none-eabi/12.2.1/../../../arm-none-eabi/lib/thumb/v6-m/nofp/libnosys.a(isatty.o)
                                0x17d (size before relaxing)
 .debug_str     0x00004f74       0x2f /usr/lib/gcc/arm-none-eabi/12.2.1/../../../arm-none-eabi/lib/thumb/v6-m/nofp/libnosys.a(lseek.o)
                                0x17b (size before relaxing)
 .debug_str     0x00004fa3       0x2e /usr/lib/gcc/arm-none-eabi/12.2.1/../../../arm-none-eabi/lib/thumb/v6-m/nofp/libnosys.a(read.o)
                                0x179 (size before relaxing)
 .debug_str     0x00004fd1       0x3c /usr/lib/gcc/arm-none-eabi/12.2.1/../../../arm-none-eabi/lib/thumb/v6-m/nofp/libnosys.a(sbrk.o)
                                 0xfa (size before relaxing)
 .debug_str     0x0000500d       0xad /usr/lib/gcc/arm-none-eabi/12.2.1/thumb/v6-m/nofp/libgcc.a(_udivsi3.o)
                                 0xbe (size before relaxing)
 .debug_str     0x000050ba       0x19 /usr/lib/gcc/arm-none-eabi/12.2.1/thumb/v6-m/nofp/libgcc.a(_divsi3.o)
                                 0xbc (size before relaxing)
 .debug_str     0x000050d3       0x1c /usr/lib/gcc/arm-none-eabi/12.2.1/thumb/v6-m/nofp/libgcc.a(_dvmd_tls.o)
                                 0xbf (size before relaxing)

.debug_frame    0x00000000     0x2874
 .debug_frame   0x00000000       0x50 build/main/init.o
 .debug_frame   0x00000050       0x40 build/main/main.o
 .debug_frame   0x00000090       0x38 build/main/gpio.o
 .debug_frame   0x000000c8       0xcc build/main/tim.o
 .debug_frame   0x00000194       0x68 build/main/stm32c0xx_it.o
 .debug_frame   0x000001fc       0x24 build/main/stm32c0xx_hal_msp.o
 .debug_frame   0x00000220      0x20c build/main/stm32c0xx_hal.o
 .debug_frame   0x0000042c      0x174 build/main/stm32c0xx_hal_cortex.o
 .debug_frame   0x000005a0      0x160 build/main/stm32c0xx_hal_rcc.o
 .debug_frame   0x00000700       0xe8 build/main/stm32c0xx_hal_gpio.o
 .debug_frame   0x000007e8      0xb18 build/main/stm32c0xx_hal_tim.o
 .debug_frame   0x00001300      0x4c0 build/main/stm32c0xx_hal_tim_ex.o
 .debug_frame   0x000017c0       0x30 build/main/system_stm32c0xx.o
 .debug_frame   0x000017f0       0x5c build/main/usart.o
 .debug_frame   0x0000184c      0x6e0 build/main/stm32c0xx_hal_uart.o
 .debug_frame   0x00001f2c       0x2c /usr/lib/gcc/arm-none-eabi/12.2.1/../../../arm-none-eabi/lib/thumb/v6-m/nofp/libc_nano.a(lib_a-init.o)
 .debug_frame   0x00001f58       0x30 /usr/lib/gcc/arm-none-eabi/12.2.1/../../../arm-none-eabi/lib/thumb/v6-m/nofp/libc_nano.a(lib_a-memset.o)
 .debug_frame   0x00001f88       0x50 /usr/lib/gcc/arm-none-eabi/12.2.1/../../../arm-none-eabi/lib/thumb/v6-m/nofp/libc_nano.a(lib_a-printf.o)
 .debug_frame   0x00001fd8      0x14c /usr/lib/gcc/arm-none-eabi/12.2.1/../../../arm-none-eabi/lib/thumb/v6-m/nofp/libc_nano.a(lib_a-findfp.o)
 .debug_frame   0x00002124       0x5c /usr/lib/gcc/arm-none-eabi/12.2.1/../../../arm-none-eabi/lib/thumb/v6-m/nofp/libc_nano.a(lib_a-fwalk.o)
 .debug_frame   0x00002180       0x30 /usr/lib/gcc/arm-none-eabi/12.2.1/../../../arm-none-eabi/lib/thumb/v6-m/nofp/libc_nano.a(lib_a-nano-mallocr.o)
 .debug_frame   0x000021b0       0xa4 /usr/lib/gcc/arm-none-eabi/12.2.1/../../../arm-none-eabi/lib/thumb/v6-m/nofp/libc_nano.a(lib_a-nano-vfprintf.o)
 .debug_frame   0x00002254       0x68 /usr/lib/gcc/arm-none-eabi/12.2.1/../../../arm-none-eabi/lib/thumb/v6-m/nofp/libc_nano.a(lib_a-nano-vfprintf_i.o)
 .debug_frame   0x000022bc       0x2c /usr/lib/gcc/arm-none-eabi/12.2.1/../../../arm-none-eabi/lib/thumb/v6-m/nofp/libc_nano.a(lib_a-sbrkr.o)
 .debug_frame   0x000022e8       0x90 /usr/lib/gcc/arm-none-eabi/12.2.1/../../../arm-none-eabi/lib/thumb/v6-m/nofp/libc_nano.a(lib_a-stdio.o)
 .debug_frame   0x00002378       0x48 /usr/lib/gcc/arm-none-eabi/12.2.1/../../../arm-none-eabi/lib/thumb/v6-m/nofp/libc_nano.a(lib_a-wbuf.o)
 .debug_frame   0x000023c0       0x2c /usr/lib/gcc/arm-none-eabi/12.2.1/../../../arm-none-eabi/lib/thumb/v6-m/nofp/libc_nano.a(lib_a-writer.o)
 .debug_frame   0x000023ec       0x2c /usr/lib/gcc/arm-none-eabi/12.2.1/../../../arm-none-eabi/lib/thumb/v6-m/nofp/libc_nano.a(lib_a-wsetup.o)
 .debug_frame   0x00002418       0x2c /usr/lib/gcc/arm-none-eabi/12.2.1/../../../arm-none-eabi/lib/thumb/v6-m/nofp/libc_nano.a(lib_a-closer.o)
 .debug_frame   0x00002444       0x6c /usr/lib/gcc/arm-none-eabi/12.2.1/../../../arm-none-eabi/lib/thumb/v6-m/nofp/libc_nano.a(lib_a-fflush.o)
 .debug_frame   0x000024b0       0x3c /usr/lib/gcc/arm-none-eabi/12.2.1/../../../arm-none-eabi/lib/thumb/v6-m/nofp/libc_nano.a(lib_a-fvwrite.o)
 .debug_frame   0x000024ec       0x2c /usr/lib/gcc/arm-none-eabi/12.2.1/../../../arm-none-eabi/lib/thumb/v6-m/nofp/libc_nano.a(lib_a-lseekr.o)
 .debug_frame   0x00002518       0x50 /usr/lib/gcc/arm-none-eabi/12.2.1/../../../arm-none-eabi/lib/thumb/v6-m/nofp/libc_nano.a(lib_a-makebuf.o)
 .debug_frame   0x00002568       0x2c /usr/lib/gcc/arm-none-eabi/12.2.1/../../../arm-none-eabi/lib/thumb/v6-m/nofp/libc_nano.a(lib_a-memchr-stub.o)
 .debug_frame   0x00002594       0x30 /usr/lib/gcc/arm-none-eabi/12.2.1/../../../arm-none-eabi/lib/thumb/v6-m/nofp/libc_nano.a(lib_a-memcpy-stub.o)
 .debug_frame   0x000025c4       0x30 /usr/lib/gcc/arm-none-eabi/12.2.1/../../../arm-none-eabi/lib/thumb/v6-m/nofp/libc_nano.a(lib_a-memmove.o)
 .debug_frame   0x000025f4       0x30 /usr/lib/gcc/arm-none-eabi/12.2.1/../../../arm-none-eabi/lib/thumb/v6-m/nofp/libc_nano.a(lib_a-mlock.o)
 .debug_frame   0x00002624       0x2c /usr/lib/gcc/arm-none-eabi/12.2.1/../../../arm-none-eabi/lib/thumb/v6-m/nofp/libc_nano.a(lib_a-nano-freer.o)
 .debug_frame   0x00002650       0x30 /usr/lib/gcc/arm-none-eabi/12.2.1/../../../arm-none-eabi/lib/thumb/v6-m/nofp/libc_nano.a(lib_a-nano-reallocr.o)
 .debug_frame   0x00002680       0x2c /usr/lib/gcc/arm-none-eabi/12.2.1/../../../arm-none-eabi/lib/thumb/v6-m/nofp/libc_nano.a(lib_a-readr.o)
 .debug_frame   0x000026ac       0x50 /usr/lib/gcc/arm-none-eabi/12.2.1/../../../arm-none-eabi/lib/thumb/v6-m/nofp/libc_nano.a(lib_a-reent.o)
 .debug_frame   0x000026fc       0x2c /usr/lib/gcc/arm-none-eabi/12.2.1/../../../arm-none-eabi/lib/thumb/v6-m/nofp/libc_nano.a(lib_a-fstatr.o)
 .debug_frame   0x00002728       0x2c /usr/lib/gcc/arm-none-eabi/12.2.1/../../../arm-none-eabi/lib/thumb/v6-m/nofp/libc_nano.a(lib_a-isattyr.o)
 .debug_frame   0x00002754       0x20 /usr/lib/gcc/arm-none-eabi/12.2.1/../../../arm-none-eabi/lib/thumb/v6-m/nofp/libc_nano.a(lib_a-nano-msizer.o)
 .debug_frame   0x00002774       0x20 /usr/lib/gcc/arm-none-eabi/12.2.1/../../../arm-none-eabi/lib/thumb/v6-m/nofp/libnosys.a(close.o)
 .debug_frame   0x00002794       0x20 /usr/lib/gcc/arm-none-eabi/12.2.1/../../../arm-none-eabi/lib/thumb/v6-m/nofp/libnosys.a(fstat.o)
 .debug_frame   0x000027b4       0x20 /usr/lib/gcc/arm-none-eabi/12.2.1/../../../arm-none-eabi/lib/thumb/v6-m/nofp/libnosys.a(isatty.o)
 .debug_frame   0x000027d4       0x20 /usr/lib/gcc/arm-none-eabi/12.2.1/../../../arm-none-eabi/lib/thumb/v6-m/nofp/libnosys.a(lseek.o)
 .debug_frame   0x000027f4       0x20 /usr/lib/gcc/arm-none-eabi/12.2.1/../../../arm-none-eabi/lib/thumb/v6-m/nofp/libnosys.a(read.o)
 .debug_frame   0x00002814       0x20 /usr/lib/gcc/arm-none-eabi/12.2.1/../../../arm-none-eabi/lib/thumb/v6-m/nofp/libnosys.a(sbrk.o)
 .debug_frame   0x00002834       0x20 /usr/lib/gcc/arm-none-eabi/12.2.1/thumb/v6-m/nofp/libgcc.a(_udivsi3.o)
 .debug_frame   0x00002854       0x20 /usr/lib/gcc/arm-none-eabi/12.2.1/thumb/v6-m/nofp/libgcc.a(_divsi3.o)

.debug_loclists
                0x00000000     0x2cb1
 .debug_loclists
                0x00000000       0x5a /usr/lib/gcc/arm-none-eabi/12.2.1/../../../arm-none-eabi/lib/thumb/v6-m/nofp/libc_nano.a(lib_a-init.o)
 .debug_loclists
                0x0000005a      0x1ba /usr/lib/gcc/arm-none-eabi/12.2.1/../../../arm-none-eabi/lib/thumb/v6-m/nofp/libc_nano.a(lib_a-memset.o)
 .debug_loclists
                0x00000214       0x52 /usr/lib/gcc/arm-none-eabi/12.2.1/../../../arm-none-eabi/lib/thumb/v6-m/nofp/libc_nano.a(lib_a-printf.o)
 .debug_loclists
                0x00000266      0x242 /usr/lib/gcc/arm-none-eabi/12.2.1/../../../arm-none-eabi/lib/thumb/v6-m/nofp/libc_nano.a(lib_a-findfp.o)
 .debug_loclists
                0x000004a8      0x11b /usr/lib/gcc/arm-none-eabi/12.2.1/../../../arm-none-eabi/lib/thumb/v6-m/nofp/libc_nano.a(lib_a-fwalk.o)
 .debug_loclists
                0x000005c3      0x190 /usr/lib/gcc/arm-none-eabi/12.2.1/../../../arm-none-eabi/lib/thumb/v6-m/nofp/libc_nano.a(lib_a-nano-mallocr.o)
 .debug_loclists
                0x00000753      0x60a /usr/lib/gcc/arm-none-eabi/12.2.1/../../../arm-none-eabi/lib/thumb/v6-m/nofp/libc_nano.a(lib_a-nano-vfprintf.o)
 .debug_loclists
                0x00000d5d      0x476 /usr/lib/gcc/arm-none-eabi/12.2.1/../../../arm-none-eabi/lib/thumb/v6-m/nofp/libc_nano.a(lib_a-nano-vfprintf_i.o)
 .debug_loclists
                0x000011d3       0x46 /usr/lib/gcc/arm-none-eabi/12.2.1/../../../arm-none-eabi/lib/thumb/v6-m/nofp/libc_nano.a(lib_a-sbrkr.o)
 .debug_loclists
                0x00001219      0x220 /usr/lib/gcc/arm-none-eabi/12.2.1/../../../arm-none-eabi/lib/thumb/v6-m/nofp/libc_nano.a(lib_a-stdio.o)
 .debug_loclists
                0x00001439       0xf0 /usr/lib/gcc/arm-none-eabi/12.2.1/../../../arm-none-eabi/lib/thumb/v6-m/nofp/libc_nano.a(lib_a-wbuf.o)
 .debug_loclists
                0x00001529       0x7f /usr/lib/gcc/arm-none-eabi/12.2.1/../../../arm-none-eabi/lib/thumb/v6-m/nofp/libc_nano.a(lib_a-writer.o)
 .debug_loclists
                0x000015a8       0x62 /usr/lib/gcc/arm-none-eabi/12.2.1/../../../arm-none-eabi/lib/thumb/v6-m/nofp/libc_nano.a(lib_a-wsetup.o)
 .debug_loclists
                0x0000160a       0x46 /usr/lib/gcc/arm-none-eabi/12.2.1/../../../arm-none-eabi/lib/thumb/v6-m/nofp/libc_nano.a(lib_a-closer.o)
 .debug_loclists
                0x00001650      0x2de /usr/lib/gcc/arm-none-eabi/12.2.1/../../../arm-none-eabi/lib/thumb/v6-m/nofp/libc_nano.a(lib_a-fflush.o)
 .debug_loclists
                0x0000192e      0x4b2 /usr/lib/gcc/arm-none-eabi/12.2.1/../../../arm-none-eabi/lib/thumb/v6-m/nofp/libc_nano.a(lib_a-fvwrite.o)
 .debug_loclists
                0x00001de0       0x7f /usr/lib/gcc/arm-none-eabi/12.2.1/../../../arm-none-eabi/lib/thumb/v6-m/nofp/libc_nano.a(lib_a-lseekr.o)
 .debug_loclists
                0x00001e5f      0x1fe /usr/lib/gcc/arm-none-eabi/12.2.1/../../../arm-none-eabi/lib/thumb/v6-m/nofp/libc_nano.a(lib_a-makebuf.o)
 .debug_loclists
                0x0000205d      0x11a /usr/lib/gcc/arm-none-eabi/12.2.1/../../../arm-none-eabi/lib/thumb/v6-m/nofp/libc_nano.a(lib_a-memchr-stub.o)
 .debug_loclists
                0x00002177      0x2a3 /usr/lib/gcc/arm-none-eabi/12.2.1/../../../arm-none-eabi/lib/thumb/v6-m/nofp/libc_nano.a(lib_a-memcpy-stub.o)
 .debug_loclists
                0x0000241a      0x35f /usr/lib/gcc/arm-none-eabi/12.2.1/../../../arm-none-eabi/lib/thumb/v6-m/nofp/libc_nano.a(lib_a-memmove.o)
 .debug_loclists
                0x00002779      0x108 /usr/lib/gcc/arm-none-eabi/12.2.1/../../../arm-none-eabi/lib/thumb/v6-m/nofp/libc_nano.a(lib_a-nano-freer.o)
 .debug_loclists
                0x00002881       0xcf /usr/lib/gcc/arm-none-eabi/12.2.1/../../../arm-none-eabi/lib/thumb/v6-m/nofp/libc_nano.a(lib_a-nano-reallocr.o)
 .debug_loclists
                0x00002950       0x7f /usr/lib/gcc/arm-none-eabi/12.2.1/../../../arm-none-eabi/lib/thumb/v6-m/nofp/libc_nano.a(lib_a-readr.o)
 .debug_loclists