Archive member included to satisfy reference by file (symbol)

/usr/lib/gcc/arm-none-eabi/12.2.1/../../../arm-none-eabi/lib/thumb/v7e-m+dp/hard/libc_nano.a(lib_a-atexit.o)
                              /usr/lib/gcc/arm-none-eabi/12.2.1/../../../arm-none-eabi/lib/thumb/v7e-m+dp/hard/crt0.o (atexit)
/usr/lib/gcc/arm-none-eabi/12.2.1/../../../arm-none-eabi/lib/thumb/v7e-m+dp/hard/libc_nano.a(lib_a-exit.o)
                              /usr/lib/gcc/arm-none-eabi/12.2.1/../../../arm-none-eabi/lib/thumb/v7e-m+dp/hard/crt0.o (exit)
/usr/lib/gcc/arm-none-eabi/12.2.1/../../../arm-none-eabi/lib/thumb/v7e-m+dp/hard/libc_nano.a(lib_a-fini.o)
                              /usr/lib/gcc/arm-none-eabi/12.2.1/../../../arm-none-eabi/lib/thumb/v7e-m+dp/hard/crt0.o (__libc_fini_array)
/usr/lib/gcc/arm-none-eabi/12.2.1/../../../arm-none-eabi/lib/thumb/v7e-m+dp/hard/libc_nano.a(lib_a-impure.o)
                              /usr/lib/gcc/arm-none-eabi/12.2.1/../../../arm-none-eabi/lib/thumb/v7e-m+dp/hard/libc_nano.a(lib_a-exit.o) (_global_impure_ptr)
/usr/lib/gcc/arm-none-eabi/12.2.1/../../../arm-none-eabi/lib/thumb/v7e-m+dp/hard/libc_nano.a(lib_a-init.o)
                              /usr/lib/gcc/arm-none-eabi/12.2.1/../../../arm-none-eabi/lib/thumb/v7e-m+dp/hard/crt0.o (__libc_init_array)
/usr/lib/gcc/arm-none-eabi/12.2.1/../../../arm-none-eabi/lib/thumb/v7e-m+dp/hard/libc_nano.a(lib_a-memcpy.o)
                              build/nucleo_test/ublox_gnss.o (memcpy)
/usr/lib/gcc/arm-none-eabi/12.2.1/../../../arm-none-eabi/lib/thumb/v7e-m+dp/hard/libc_nano.a(lib_a-memset.o)
                              /usr/lib/gcc/arm-none-eabi/12.2.1/../../../arm-none-eabi/lib/thumb/v7e-m+dp/hard/crt0.o (memset)
/usr/lib/gcc/arm-none-eabi/12.2.1/../../../arm-none-eabi/lib/thumb/v7e-m+dp/hard/libc_nano.a(lib_a-nano-vfprintf_float.o)
                              (_printf_float)
/usr/lib/gcc/arm-none-eabi/12.2.1/../../../arm-none-eabi/lib/thumb/v7e-m+dp/hard/libc_nano.a(lib_a-nano-vfprintf_i.o)
                              /usr/lib/gcc/arm-none-eabi/12.2.1/../../../arm-none-eabi/lib/thumb/v7e-m+dp/hard/libc_nano.a(lib_a-nano-vfprintf_float.o) (_printf_common)
/usr/lib/gcc/arm-none-eabi/12.2.1/../../../arm-none-eabi/lib/thumb/v7e-m+dp/hard/libc_nano.a(lib_a-printf.o)
                              build/nucleo_test/main_test.o (printf)
/usr/lib/gcc/arm-none-eabi/12.2.1/../../../arm-none-eabi/lib/thumb/v7e-m+dp/hard/libc_nano.a(lib_a-puts.o)
                              build/nucleo_test/main_test.o (puts)
/usr/lib/gcc/arm-none-eabi/12.2.1/../../../arm-none-eabi/lib/thumb/v7e-m+dp/hard/libc_nano.a(lib_a-strlen.o)
                              /usr/lib/gcc/arm-none-eabi/12.2.1/../../../arm-none-eabi/lib/thumb/v7e-m+dp/hard/libc_nano.a(lib_a-nano-vfprintf_float.o) (strlen)
/usr/lib/gcc/arm-none-eabi/12.2.1/../../../arm-none-eabi/lib/thumb/v7e-m+dp/hard/libc_nano.a(lib_a-wbuf.o)
                              /usr/lib/gcc/arm-none-eabi/12.2.1/../../../arm-none-eabi/lib/thumb/v7e-m+dp/hard/libc_nano.a(lib_a-puts.o) (__swbuf_r)
/usr/lib/gcc/arm-none-eabi/12.2.1/../../../arm-none-eabi/lib/thumb/v7e-m+dp/hard/libc_nano.a(lib_a-wsetup.o)
                              /usr/lib/gcc/arm-none-eabi/12.2.1/../../../arm-none-eabi/lib/thumb/v7e-m+dp/hard/libc_nano.a(lib_a-puts.o) (__swsetup_r)
/usr/lib/gcc/arm-none-eabi/12.2.1/../../../arm-none-eabi/lib/thumb/v7e-m+dp/hard/libc_nano.a(lib_a-__atexit.o)
                              /usr/lib/gcc/arm-none-eabi/12.2.1/../../../arm-none-eabi/lib/thumb/v7e-m+dp/hard/libc_nano.a(lib_a-atexit.o) (__register_exitproc)
/usr/lib/gcc/arm-none-eabi/12.2.1/../../../arm-none-eabi/lib/thumb/v7e-m+dp/hard/libc_nano.a(lib_a-__call_atexit.o)
                              /usr/lib/gcc/arm-none-eabi/12.2.1/../../../arm-none-eabi/lib/thumb/v7e-m+dp/hard/libc_nano.a(lib_a-__atexit.o) (__call_exitprocs)
/usr/lib/gcc/arm-none-eabi/12.2.1/../../../arm-none-eabi/lib/thumb/v7e-m+dp/hard/libc_nano.a(lib_a-dtoa.o)
                              /usr/lib/gcc/arm-none-eabi/12.2.1/../../../arm-none-eabi/lib/thumb/v7e-m+dp/hard/libc_nano.a(lib_a-nano-vfprintf_float.o) (_dtoa_r)
/usr/lib/gcc/arm-none-eabi/12.2.1/../../../arm-none-eabi/lib/thumb/v7e-m+dp/hard/libc_nano.a(lib_a-fflush.o)
                              /usr/lib/gcc/arm-none-eabi/12.2.1/../../../arm-none-eabi/lib/thumb/v7e-m+dp/hard/libc_nano.a(lib_a-wbuf.o) (_fflush_r)
/usr/lib/gcc/arm-none-eabi/12.2.1/../../../arm-none-eabi/lib/thumb/v7e-m+dp/hard/libc_nano.a(lib_a-findfp.o)
                              /usr/lib/gcc/arm-none-eabi/12.2.1/../../../arm-none-eabi/lib/thumb/v7e-m+dp/hard/libc_nano.a(lib_a-printf.o) (__sinit)
/usr/lib/gcc/arm-none-eabi/12.2.1/../../../arm-none-eabi/lib/thumb/v7e-m+dp/hard/libc_nano.a(lib_a-fwalk.o)
                              /usr/lib/gcc/arm-none-eabi/12.2.1/../../../arm-none-eabi/lib/thumb/v7e-m+dp/hard/libc_nano.a(lib_a-findfp.o) (_fwalk)
/usr/lib/gcc/arm-none-eabi/12.2.1/../../../arm-none-eabi/lib/thumb/v7e-m+dp/hard/libc_nano.a(lib_a-localeconv.o)
[...]
Memory Configuration

Name             Origin             Length             Attributes
DTCMRAM          0x20000000         0x00020000         xrw
RAM_D1           0x24000000         0x00050000         xrw
RAM_D2           0x30000000         0x00008000         xrw
RAM_D3           0x38000000         0x00004000         xrw
ITCMRAM          0x00000000         0x00010000         xrw
FLASH            0x08000000         0x00100000         xr
*default*        0x00000000         0xffffffff

Linker script and memory map

LOAD /usr/lib/gcc/arm-none-eabi/12.2.1/thumb/v7e-m+dp/hard/crti.o
LOAD /usr/lib/gcc/arm-none-eabi/12.2.1/thumb/v7e-m+dp/hard/crtbegin.o
LOAD /usr/lib/gcc/arm-none-eabi/12.2.1/../../../arm-none-eabi/lib/thumb/v7e-m+dp/hard/crt0.o
LOAD build/nucleo_test/init.o
LOAD build/nucleo_test/pyro_board_impl.o
LOAD build/nucleo_test/pyro_board.o
LOAD build/nucleo_test/ublox_gnss_impl.o
LOAD build/nucleo_test/ublox_gnss.o
LOAD build/nucleo_test/ina260.o
LOAD build/nucleo_test/us_timer.o
LOAD build/nucleo_test/bmp581.o
LOAD build/nucleo_test/icm45686.o
LOAD build/nucleo_test/adis16577_impl.o
LOAD build/nucleo_test/adis16577.o
LOAD build/nucleo_test/lis3mdl_impl.o
LOAD build/nucleo_test/lis3mdl.o
LOAD build/nucleo_test/main_test.o
LOAD build/nucleo_test/pyro_manager.o
LOAD build/nucleo_test/telemetry_manager.o
LOAD build/nucleo_test/device_manager.o
LOAD build/nucleo_test/kalman_manager.o
LOAD build/nucleo_test/parameter_statistics_reporting_service.o
LOAD build/nucleo_test/device_action_service.o
LOAD build/nucleo_test/pyro_service.o
LOAD build/nucleo_test/parameter_management_service.o
LOAD build/nucleo_test/event_reporting_service.o
LOAD build/nucleo_test/memory_management_service.o
LOAD build/nucleo_test/event_action_service.o
LOAD build/nucleo_test/time_management_service.o
LOAD build/nucleo_test/on_board_operations_scheduling_service.o
LOAD build/nucleo_test/ring_buffer.o
LOAD build/nucleo_test/falafel.o
LOAD build/nucleo_test/memcpy_s.o
LOAD build/nucleo_test/gpio.o
LOAD build/nucleo_test/usart.o
LOAD build/nucleo_test/usb_otg.o
LOAD build/nucleo_test/stm32h7xx_it.o
LOAD build/nucleo_test/stm32h7xx_hal_msp.o
LOAD build/nucleo_test/stm32h7xx_hal_cortex.o
LOAD build/nucleo_test/stm32h7xx_hal_rcc.o
LOAD build/nucleo_test/stm32h7xx_hal_rcc_ex.o
LOAD build/nucleo_test/stm32h7xx_hal_flash.o
LOAD build/nucleo_test/stm32h7xx_hal_flash_ex.o
LOAD build/nucleo_test/stm32h7xx_hal_gpio.o
LOAD build/nucleo_test/stm32h7xx_hal_hsem.o
LOAD build/nucleo_test/stm32h7xx_hal_dma.o
LOAD build/nucleo_test/stm32h7xx_hal_dma_ex.o
LOAD build/nucleo_test/stm32h7xx_hal_mdma.o
LOAD build/nucleo_test/stm32h7xx_hal_pwr.o
LOAD build/nucleo_test/stm32h7xx_hal_pwr_ex.o
LOAD build/nucleo_test/stm32h7xx_hal.o
LOAD build/nucleo_test/stm32h7xx_hal_i2c.o
LOAD build/nucleo_test/stm32h7xx_hal_i2c_ex.o
LOAD build/nucleo_test/stm32h7xx_hal_exti.o
LOAD build/nucleo_test/stm32h7xx_hal_tim.o
LOAD build/nucleo_test/stm32h7xx_hal_tim_ex.o
LOAD build/nucleo_test/stm32h7xx_hal_uart.o
LOAD build/nucleo_test/stm32h7xx_hal_uart_ex.o
LOAD build/nucleo_test/system_stm32h7xx.o
LOAD build/nucleo_test/i2c.o
LOAD build/nucleo_test/spi.o
LOAD build/nucleo_test/stm32h7xx_hal_spi.o
LOAD build/nucleo_test/stm32h7xx_hal_spi_ex.o
LOAD build/nucleo_test/tim.o
LOAD build/nucleo_test/startup_stm32h723xx.o
LOAD /usr/lib/gcc/arm-none-eabi/12.2.1/../../../arm-none-eabi/lib/thumb/v7e-m+dp/hard/libc_nano.a
LOAD /usr/lib/gcc/arm-none-eabi/12.2.1/../../../arm-none-eabi/lib/thumb/v7e-m+dp/hard/libm.a
LOAD /usr/lib/gcc/arm-none-eabi/12.2.1/../../../arm-none-eabi/lib/thumb/v7e-m+dp/hard/libnosys.a
START GROUP
LOAD /usr/lib/gcc/arm-none-eabi/12.2.1/thumb/v7e-m+dp/hard/libgcc.a
LOAD /usr/lib/gcc/arm-none-eabi/12.2.1/../../../arm-none-eabi/lib/thumb/v7e-m+dp/hard/libc_nano.a
END GROUP
START GROUP
LOAD /usr/lib/gcc/arm-none-eabi/12.2.1/thumb/v7e-m+dp/hard/libgcc.a
LOAD /usr/lib/gcc/arm-none-eabi/12.2.1/../../../arm-none-eabi/lib/thumb/v7e-m+dp/hard/libc_nano.a
END GROUP
LOAD /usr/lib/gcc/arm-none-eabi/12.2.1/thumb/v7e-m+dp/hard/crtend.o
LOAD /usr/lib/gcc/arm-none-eabi/12.2.1/thumb/v7e-m+dp/hard/crtn.o
                0x20020000                        _estack = (ORIGIN (DTCMRAM) + LENGTH (DTCMRAM))
                0x00000200                        _Min_Heap_Size = 0x200
                0x00000400                        _Min_Stack_Size = 0x400

.isr_vector     0x08000000      0x2cc
                0x08000000                        . = ALIGN (0x4)
 *(.isr_vector)
 .isr_vector    0x08000000      0x2cc build/nucleo_test/startup_stm32h723xx.o
                0x08000000                g_pfnVectors
                0x080002cc                        . = ALIGN (0x4)

.text           0x08000300     0xa004
                0x08000300                        . = ALIGN (0x4)
 *(.text)
 .text          0x08000300       0x88 /usr/lib/gcc/arm-none-eabi/12.2.1/thumb/v7e-m+dp/hard/crtbegin.o
 .text          0x08000388       0x50 /usr/lib/gcc/arm-none-eabi/12.2.1/../../../arm-none-eabi/lib/thumb/v7e-m+dp/hard/libc_nano.a(lib_a-init.o)
                0x08000388                __libc_init_array
 .text          0x080003d8      0x134 /usr/lib/gcc/arm-none-eabi/12.2.1/../../../arm-none-eabi/lib/thumb/v7e-m+dp/hard/libc_nano.a(lib_a-memcpy.o)
                0x080003d8                memcpy
 .text          0x0800050c       0xa4 /usr/lib/gcc/arm-none-eabi/12.2.1/../../../arm-none-eabi/lib/thumb/v7e-m+dp/hard/libc_nano.a(lib_a-memset.o)
                0x0800050c                memset
 .text          0x080005b0      0x6d0 /usr/lib/gcc/arm-none-eabi/12.2.1/../../../arm-none-eabi/lib/thumb/v7e-m+dp/hard/libc_nano.a(lib_a-nano-vfprintf_float.o)
                0x080005b0                __cvt
                0x08000694                __exponent
                0x08000720                _printf_float
 .text          0x08000c80      0x3d0 /usr/lib/gcc/arm-none-eabi/12.2.1/../../../arm-none-eabi/lib/thumb/v7e-m+dp/hard/libc_nano.a(lib_a-nano-vfprintf_i.o)
                0x08000c80                _printf_common
                0x08000da8                _printf_i
 .text          0x08001050       0x60 /usr/lib/gcc/arm-none-eabi/12.2.1/../../../arm-none-eabi/lib/thumb/v7e-m+dp/hard/libc_nano.a(lib_a-printf.o)
                0x08001050                _printf_r
                0x08001050                _iprintf_r
                0x0800107c                printf
                0x0800107c                iprintf
 .text          0x080010b0       0xdc /usr/lib/gcc/arm-none-eabi/12.2.1/../../../arm-none-eabi/lib/thumb/v7e-m+dp/hard/libc_nano.a(lib_a-puts.o)
                0x080010b0                _puts_r
                0x0800117c                puts
 *fill*         0x0800118c       0x34 
 .text          0x080011c0       0xdc /usr/lib/gcc/arm-none-eabi/12.2.1/../../../arm-none-eabi/lib/thumb/v7e-m+dp/hard/libc_nano.a(lib_a-strlen.o)
                0x080011c0                strlen
 .text          0x0800129c       0xc8 /usr/lib/gcc/arm-none-eabi/12.2.1/../../../arm-none-eabi/lib/thumb/v7e-m+dp/hard/libc_nano.a(lib_a-wbuf.o)
                0x0800129c                __swbuf_r
                0x0800134c                __swbuf
 .text          0x08001364       0xf4 /usr/lib/gcc/arm-none-eabi/12.2.1/../../../arm-none-eabi/lib/thumb/v7e-m+dp/hard/libc_nano.a(lib_a-wsetup.o)
                0x08001364                __swsetup_r
 .text          0x08001458      0xe14 /usr/lib/gcc/arm-none-eabi/12.2.1/../../../arm-none-eabi/lib/thumb/v7e-m+dp/hard/libc_nano.a(lib_a-dtoa.o)
                0x08001584                _dtoa_r
 .text          0x0800226c      0x1e8 /usr/lib/gcc/arm-none-eabi/12.2.1/../../../arm-none-eabi/lib/thumb/v7e-m+dp/hard/libc_nano.a(lib_a-fflush.o)
                0x0800226c                __sflush_r
                0x08002380                _fflush_r
                0x080023d4                fflush
 .text          0x08002454      0x230 /usr/lib/gcc/arm-none-eabi/12.2.1/../../../arm-none-eabi/lib/thumb/v7e-m+dp/hard/libc_nano.a(lib_a-findfp.o)
                0x08002458                _cleanup_r
                0x08002468                __sfmoreglue
                0x08002498                __sfp
                0x08002630                _cleanup
                0x08002644                __sinit
                0x0800264c                __sfp_lock_acquire
                0x08002650                __sfp_lock_release
                0x08002654                __sinit_lock_acquire
                0x08002658                __sinit_lock_release
                0x0800265c                __fp_lock_all
                0x08002670                __fp_unlock_all
 .text          0x08002684       0x88 /usr/lib/gcc/arm-none-eabi/12.2.1/../../../arm-none-eabi/lib/thumb/v7e-m+dp/hard/libc_nano.a(lib_a-fwalk.o)
                0x08002684                _fwalk
                0x080026c4                _fwalk_reent
 .text          0x0800270c       0x14 /usr/lib/gcc/arm-none-eabi/12.2.1/../../../arm-none-eabi/lib/thumb/v7e-m+dp/hard/libc_nano.a(lib_a-localeconv.o)
                0x0800270c                __localeconv_l
                0x08002710                _localeconv_r
                0x08002718                localeconv
 .text          0x08002720      0x114 /usr/lib/gcc/arm-none-eabi/12.2.1/../../../arm-none-eabi/lib/thumb/v7e-m+dp/hard/libc_nano.a(lib_a-makebuf.o)
                0x08002720                __smakebuf_r
                0x080027e4                __swhatbuf_r
 .text          0x08002834       0x20 /usr/lib/gcc/arm-none-eabi/12.2.1/../../../arm-none-eabi/lib/thumb/v7e-m+dp/hard/libc_nano.a(lib_a-malloc.o)
                0x08002834                malloc
                0x08002844                free
 *fill*         0x08002854        0xc 
 .text          0x08002860       0xa0 /usr/lib/gcc/arm-none-eabi/12.2.1/../../../arm-none-eabi/lib/thumb/v7e-m+dp/hard/libc_nano.a(lib_a-memchr.o)
                0x08002860                memchr
 .text          0x08002900      0xb08 /usr/lib/gcc/arm-none-eabi/12.2.1/../../../arm-none-eabi/lib/thumb/v7e-m+dp/hard/libc_nano.a(lib_a-mprec.o)
                0x08002900                _Balloc
                0x08002980                _Bfree
                0x080029c8                __multadd
                0x08002a64                __s2b
                0x08002b14                __hi0bits
                0x08002b58                __lo0bits
                0x08002bb8                __i2b
                0x08002be4                __multiply
                0x08002d50                __pow5mult
                0x08002e30                __lshift
                0x08002f18                __mcmp
                0x08002f5c                __mdiff
                0x080030c0                __ulp
                0x08003124                __b2d
                0x080031e8                __d2b
                0x080032bc                __ratio
                0x08003320                _mprec_log10
                0x08003348                __copybits
                0x080033a4                __any_on
 .text          0x08003408       0x1c /usr/lib/gcc/arm-none-eabi/12.2.1/../../../arm-none-eabi/lib/thumb/v7e-m+dp/hard/libc_nano.a(lib_a-nano-callocr.o)
                0x08003408                _calloc_r
 .text          0x08003424       0xbc /usr/lib/gcc/arm-none-eabi/12.2.1/../../../arm-none-eabi/lib/thumb/v7e-m+dp/hard/libc_nano.a(lib_a-nano-freer.o)
                0x08003424                _free_r
 .text          0x080034e0       0xb4 /usr/lib/gcc/arm-none-eabi/12.2.1/../../../arm-none-eabi/lib/thumb/v7e-m+dp/hard/libc_nano.a(lib_a-nano-mallocr.o)
                0x080034e0                _malloc_r
 .text          0x08003594      0x33c /usr/lib/gcc/arm-none-eabi/12.2.1/../../../arm-none-eabi/lib/thumb/v7e-m+dp/hard/libc_nano.a(lib_a-nano-vfprintf.o)
                0x080035d0                __sfputs_r
                0x08003600                __sprint_r
                0x08003620                _vfiprintf_r
                0x08003620                _vfprintf_r
                0x080038b4                vfiprintf
                0x080038b4                vfprintf
 .text          0x080038d0       0x24 /usr/lib/gcc/arm-none-eabi/12.2.1/../../../arm-none-eabi/lib/thumb/v7e-m+dp/hard/libc_nano.a(lib_a-sbrkr.o)
                0x080038d0                _sbrk_r
 .text          0x080038f4       0x94 /usr/lib/gcc/arm-none-eabi/12.2.1/../../../arm-none-eabi/lib/thumb/v7e-m+dp/hard/libc_nano.a(lib_a-stdio.o)
                0x080038f4                __sread
                0x08003918                __seofread
                0x0800391c                __swrite
                0x0800395c                __sseek
                0x08003980                __sclose
 .text          0x08003988       0x2c /usr/lib/gcc/arm-none-eabi/12.2.1/../../../arm-none-eabi/lib/thumb/v7e-m+dp/hard/libc_nano.a(lib_a-writer.o)
                0x08003988                _write_r
 .text          0x080039b4       0x4c /usr/lib/gcc/arm-none-eabi/12.2.1/../../../arm-none-eabi/lib/thumb/v7e-m+dp/hard/libc_nano.a(lib_a-assert.o)
                0x080039b4                __assert_func
                0x080039f4                __assert
 .text          0x08003a00       0x24 /usr/lib/gcc/arm-none-eabi/12.2.1/../../../arm-none-eabi/lib/thumb/v7e-m+dp/hard/libc_nano.a(lib_a-closer.o)
                0x08003a00                _close_r
 .text          0x08003a24       0x44 /usr/lib/gcc/arm-none-eabi/12.2.1/../../../arm-none-eabi/lib/thumb/v7e-m+dp/hard/libc_nano.a(lib_a-fprintf.o)
                0x08003a24                _fprintf_r
                0x08003a24                _fiprintf_r
                0x08003a40                fprintf
                0x08003a40                fiprintf
 .text          0x08003a68       0x2c /usr/lib/gcc/arm-none-eabi/12.2.1/../../../arm-none-eabi/lib/thumb/v7e-m+dp/hard/libc_nano.a(lib_a-fstatr.o)
                0x08003a68                _fstat_r
 .text          0x08003a94      0x2e4 /usr/lib/gcc/arm-none-eabi/12.2.1/../../../arm-none-eabi/lib/thumb/v7e-m+dp/hard/libc_nano.a(lib_a-fvwrite.o)
                0x08003a94                __sfvwrite_r
 .text          0x08003d78       0x24 /usr/lib/gcc/arm-none-eabi/12.2.1/../../../arm-none-eabi/lib/thumb/v7e-m+dp/hard/libc_nano.a(lib_a-isattyr.o)
                0x08003d78                _isatty_r
 .text          0x08003d9c       0x2c /usr/lib/gcc/arm-none-eabi/12.2.1/../../../arm-none-eabi/lib/thumb/v7e-m+dp/hard/libc_nano.a(lib_a-lseekr.o)
                0x08003d9c                _lseek_r
 .text          0x08003dc8       0x40 /usr/lib/gcc/arm-none-eabi/12.2.1/../../../arm-none-eabi/lib/thumb/v7e-m+dp/hard/libc_nano.a(lib_a-mbtowc_r.o)
                0x08003dc8                _mbtowc_r
                0x08003ddc                __ascii_mbtowc
 .text          0x08003e08      0x100 /usr/lib/gcc/arm-none-eabi/12.2.1/../../../arm-none-eabi/lib/thumb/v7e-m+dp/hard/libc_nano.a(lib_a-memmove.o)
                0x08003e08                memmove
 .text          0x08003f08        0x8 /usr/lib/gcc/arm-none-eabi/12.2.1/../../../arm-none-eabi/lib/thumb/v7e-m+dp/hard/libc_nano.a(lib_a-mlock.o)
                0x08003f08                __malloc_lock
                0x08003f0c                __malloc_unlock
 .text          0x08003f10       0x50 /usr/lib/gcc/arm-none-eabi/12.2.1/../../../arm-none-eabi/lib/thumb/v7e-m+dp/hard/libc_nano.a(lib_a-nano-reallocr.o)
                0x08003f10                _realloc_r
 .text          0x08003f60       0x2c /usr/lib/gcc/arm-none-eabi/12.2.1/../../../arm-none-eabi/lib/thumb/v7e-m+dp/hard/libc_nano.a(lib_a-readr.o)
                0x08003f60                _read_r
 .text          0x08003f8c       0x30 /usr/lib/gcc/arm-none-eabi/12.2.1/../../../arm-none-eabi/lib/thumb/v7e-m+dp/hard/libc_nano.a(lib_a-wctomb_r.o)
                0x08003f8c                _wctomb_r
                0x08003fa0                __ascii_wctomb
 .text          0x08003fbc       0x10 /usr/lib/gcc/arm-none-eabi/12.2.1/../../../arm-none-eabi/lib/thumb/v7e-m+dp/hard/libc_nano.a(lib_a-abort.o)
                0x08003fbc                abort
 .text          0x08003fcc       0x14 /usr/lib/gcc/arm-none-eabi/12.2.1/../../../arm-none-eabi/lib/thumb/v7e-m+dp/hard/libc_nano.a(lib_a-nano-msizer.o)
                0x08003fcc                _malloc_usable_size_r
 .text          0x08003fe0      0x260 /usr/lib/gcc/arm-none-eabi/12.2.1/../../../arm-none-eabi/lib/thumb/v7e-m+dp/hard/libc_nano.a(lib_a-signal.o)
                0x08003fe0                _init_signal_r
                0x0800400c                _signal_r
                0x08004058                _raise_r
                0x080040a8                __sigtramp_r
                0x08004108                raise
                0x0800415c                signal
                0x080041a8                _init_signal
                0x080041dc                __sigtramp
 .text          0x08004240       0x30 /usr/lib/gcc/arm-none-eabi/12.2.1/../../../arm-none-eabi/lib/thumb/v7e-m+dp/hard/libc_nano.a(lib_a-signalr.o)
                0x08004240                _kill_r
                0x0800426c                _getpid_r
 .text          0x08004270       0x10 /usr/lib/gcc/arm-none-eabi/12.2.1/../../../arm-none-eabi/lib/thumb/v7e-m+dp/hard/libnosys.a(close.o)
                0x08004270                _close
 .text          0x08004280       0x10 /usr/lib/gcc/arm-none-eabi/12.2.1/../../../arm-none-eabi/lib/thumb/v7e-m+dp/hard/libnosys.a(fstat.o)
                0x08004280                _fstat
 .text          0x08004290       0x10 /usr/lib/gcc/arm-none-eabi/12.2.1/../../../arm-none-eabi/lib/thumb/v7e-m+dp/hard/libnosys.a(getpid.o)
                0x08004290                _getpid
 .text          0x080042a0       0x10 /usr/lib/gcc/arm-none-eabi/12.2.1/../../../arm-none-eabi/lib/thumb/v7e-m+dp/hard/libnosys.a(isatty.o)
                0x080042a0                _isatty
 .text          0x080042b0       0x10 /usr/lib/gcc/arm-none-eabi/12.2.1/../../../arm-none-eabi/lib/thumb/v7e-m+dp/hard/libnosys.a(kill.o)
                0x080042b0                _kill
 .text          0x080042c0       0x10 /usr/lib/gcc/arm-none-eabi/12.2.1/../../../arm-none-eabi/lib/thumb/v7e-m+dp/hard/libnosys.a(lseek.o)
                0x080042c0                _lseek
 .text          0x080042d0       0x10 /usr/lib/gcc/arm-none-eabi/12.2.1/../../../arm-none-eabi/lib/thumb/v7e-m+dp/hard/libnosys.a(read.o)
                0x080042d0                _read
 .text          0x080042e0       0x1c /usr/lib/gcc/arm-none-eabi/12.2.1/../../../arm-none-eabi/lib/thumb/v7e-m+dp/hard/libnosys.a(sbrk.o)
                0x080042e0                _sbrk
 .text          0x080042fc        0x4 /usr/lib/gcc/arm-none-eabi/12.2.1/../../../arm-none-eabi/lib/thumb/v7e-m+dp/hard/libnosys.a(_exit.o)
                0x080042fc                _exit
 .text          0x08004300       0x30 /usr/lib/gcc/arm-none-eabi/12.2.1/thumb/v7e-m+dp/hard/libgcc.a(_aeabi_uldivmod.o)
                0x08004300                __aeabi_uldivmod
 .text          0x08004330      0x2bc /usr/lib/gcc/arm-none-eabi/12.2.1/thumb/v7e-m+dp/hard/libgcc.a(_udivmoddi4.o)
                0x08004330                __udivmoddi4
 .text          0x080045ec        0x4 /usr/lib/gcc/arm-none-eabi/12.2.1/thumb/v7e-m+dp/hard/libgcc.a(_dvmd_tls.o)
                0x080045ec                __aeabi_ldiv0
                0x080045ec                __aeabi_idiv0
 *(.text*)
 .text.Error_Handler
                0x080045f0        0x4 build/nucleo_test/init.o
                0x080045f0                Error_Handler
 .text.SystemClock_Config
                0x080045f4       0xb0 build/nucleo_test/init.o
                0x080045f4                SystemClock_Config
 .text.init     0x080046a4       0x2a build/nucleo_test/init.o
                0x080046a4                init
 .text.uint16_to_uint8
                0x080046ce        0xa build/nucleo_test/ina260.o
                0x080046ce                uint16_to_uint8
 .text.uint8_to_uin16t
                0x080046d8        0xa build/nucleo_test/ina260.o
                0x080046d8                uint8_to_uin16t
 .text.ina260_write_reg
                0x080046e2       0x34 build/nucleo_test/ina260.o
                0x080046e2                ina260_write_reg
 .text.ina260_read_reg
                0x08004716       0x54 build/nucleo_test/ina260.o
                0x08004716                ina260_read_reg
 .text.ina260_init
                0x0800476a       0x72 build/nucleo_test/ina260.o
                0x0800476a                ina260_init
 .text.ina260_read_voltage
                0x080047dc       0x2e build/nucleo_test/ina260.o
                0x080047dc                ina260_read_voltage
 .text.ina260_read_current
                0x0800480a       0x2e build/nucleo_test/ina260.o
                0x0800480a                ina260_read_current
 .text.us_timer_init
                0x08004838       0x1a build/nucleo_test/us_timer.o
                0x08004838                us_timer_init
 .text.us_timer_get_tick
                0x08004852        0xc build/nucleo_test/us_timer.o
                0x08004852                us_timer_get_tick
 .text.bmp581_write_byte
                0x0800485e       0x2c build/nucleo_test/bmp581.o
                0x0800485e                bmp581_write_byte
 .text.bmp581_read_byte
                0x0800488a       0x4e build/nucleo_test/bmp581.o
                0x0800488a                bmp581_read_byte
 .text.bmp581_read_block
                0x080048d8       0x2a build/nucleo_test/bmp581.o
                0x080048d8                bmp581_read_block
 *fill*         0x08004902        0x2 
 .text.bmp581_read_temp
                0x08004904       0x48 build/nucleo_test/bmp581.o
                0x08004904                bmp581_read_temp
 .text.bmp581_read_press
                0x0800494c       0x48 build/nucleo_test/bmp581.o
                0x0800494c                bmp581_read_press
 .text.bmp581_delay
                0x08004994        0xa build/nucleo_test/bmp581.o
                0x08004994                bmp581_delay
 .text.bmp581_soft_reset
                0x0800499e       0x14 build/nucleo_test/bmp581.o
                0x0800499e                bmp581_soft_reset
 .text.bmp581_init
                0x080049b2       0x8c build/nucleo_test/bmp581.o
                0x080049b2                bmp581_init
 .text.icm45686_read_byte
                0x08004a3e       0x48 build/nucleo_test/icm45686.o
                0x08004a3e                icm45686_read_byte
 .text.icm45686_read_accel
                0x08004a86       0xde build/nucleo_test/icm45686.o
                0x08004a86                icm45686_read_accel
 .text.icm45686_read_gyro
                0x08004b64       0xde build/nucleo_test/icm45686.o
                0x08004b64                icm45686_read_gyro
 *fill*         0x08004c42        0x2 
 .text.icm45686_read_temp
                0x08004c44       0x5c build/nucleo_test/icm45686.o
                0x08004c44                icm45686_read_temp
 .text.icm45686_write_byte
                0x08004ca0       0x3a build/nucleo_test/icm45686.o
                0x08004ca0                icm45686_write_byte
 .text.icm45686_delay_ms
                0x08004cda        0xa build/nucleo_test/icm45686.o
                0x08004cda                icm45686_delay_ms
 .text.icm45686_soft_reset
                0x08004ce4       0x16 build/nucleo_test/icm45686.o
                0x08004ce4                icm45686_soft_reset
 *fill*         0x08004cfa        0x6 
 .text.icm45686_init
                0x08004d00      0x1b0 build/nucleo_test/icm45686.o
                0x08004d00                icm45686_init
 .text.lis3mdl_write_byte
                0x08004eb0       0x34 build/nucleo_test/lis3mdl_impl.o
                0x08004eb0                lis3mdl_write_byte
 .text.lis3mdl_read_block
                0x08004ee4       0x8a build/nucleo_test/lis3mdl_impl.o
                0x08004ee4                lis3mdl_read_block
 *fill*         0x08004f6e        0x2 
 .text.lis3mdl_get_sensitivity
                0x08004f70       0x68 build/nucleo_test/lis3mdl.o
                0x08004f70                lis3mdl_get_sensitivity
 .text.lis3mdl_initialize
                0x08004fd8       0x2c build/nucleo_test/lis3mdl.o
                0x08004fd8                lis3mdl_initialize
 .text.lis3mdl_read_mag
                0x08005004       0x90 build/nucleo_test/lis3mdl.o
                0x08005004                lis3mdl_read_mag
 .text.lis3mdl_read_temp
                0x08005094       0x3c build/nucleo_test/lis3mdl.o
                0x08005094                lis3mdl_read_temp
 .text.main     0x080050d0      0x230 build/nucleo_test/main_test.o
                0x080050d0                main
 .text._write   0x08005300       0x18 build/nucleo_test/main_test.o
                0x08005300                _write
 .text.device_manager_init
                0x08005318       0x94 build/nucleo_test/device_manager.o
                0x08005318                device_manager_init
 .text.update_icm45686
                0x080053ac       0x80 build/nucleo_test/device_manager.o
                0x080053ac                update_icm45686
 .text.update_lis3mdl
                0x0800542c       0x70 build/nucleo_test/device_manager.o
                0x0800542c                update_lis3mdl
 .text.update_bmp581
                0x0800549c       0x54 build/nucleo_test/device_manager.o
                0x0800549c                update_bmp581
 .text.update_ina260
                0x080054f0       0x7a build/nucleo_test/device_manager.o
                0x080054f0                update_ina260
 *fill*         0x0800556a        0x2 
 .text.device_manager_poll_devices
                0x0800556c      0x24c build/nucleo_test/device_manager.o
                0x0800556c                device_manager_poll_devices
 .text.MX_GPIO_Init
                0x080057b8      0x1b4 build/nucleo_test/gpio.o
                0x080057b8                MX_GPIO_Init
 .text.MX_USART3_UART_Init
                0x0800596c       0x68 build/nucleo_test/usart.o
                0x0800596c                MX_USART3_UART_Init
 .text.HAL_UART_MspInit
                0x080059d4       0x98 build/nucleo_test/usart.o
                0x080059d4                HAL_UART_MspInit
 .text.MX_USB_OTG_HS_USB_Init
                0x08005a6c        0x2 build/nucleo_test/usb_otg.o
                0x08005a6c                MX_USB_OTG_HS_USB_Init
 .text.NMI_Handler
                0x08005a6e        0x2 build/nucleo_test/stm32h7xx_it.o
                0x08005a6e                NMI_Handler
 .text.HardFault_Handler
                0x08005a70        0x2 build/nucleo_test/stm32h7xx_it.o
                0x08005a70                HardFault_Handler
 .text.MemManage_Handler
                0x08005a72        0x2 build/nucleo_test/stm32h7xx_it.o
                0x08005a72                MemManage_Handler
 .text.BusFault_Handler
                0x08005a74        0x2 build/nucleo_test/stm32h7xx_it.o
                0x08005a74                BusFault_Handler
 .text.UsageFault_Handler
                0x08005a76        0x2 build/nucleo_test/stm32h7xx_it.o
                0x08005a76                UsageFault_Handler
 .text.SVC_Handler
                0x08005a78        0x2 build/nucleo_test/stm32h7xx_it.o
                0x08005a78                SVC_Handler
 .text.DebugMon_Handler
                0x08005a7a        0x2 build/nucleo_test/stm32h7xx_it.o
                0x08005a7a                DebugMon_Handler
 .text.PendSV_Handler
                0x08005a7c        0x2 build/nucleo_test/stm32h7xx_it.o
                0x08005a7c                PendSV_Handler
 .text.SysTick_Handler
                0x08005a7e        0x8 build/nucleo_test/stm32h7xx_it.o
                0x08005a7e                SysTick_Handler
 *fill*         0x08005a86        0x2 
 .text.HAL_MspInit
                0x08005a88       0x24 build/nucleo_test/stm32h7xx_hal_msp.o
                0x08005a88                HAL_MspInit
 .text.__NVIC_SetPriority
                0x08005aac       0x24 build/nucleo_test/stm32h7xx_hal_cortex.o
 .text.NVIC_EncodePriority
                0x08005ad0       0x3e build/nucleo_test/stm32h7xx_hal_cortex.o
 *fill*         0x08005b0e        0x2 
 .text.HAL_NVIC_SetPriorityGrouping
                0x08005b10       0x24 build/nucleo_test/stm32h7xx_hal_cortex.o
                0x08005b10                HAL_NVIC_SetPriorityGrouping
 .text.HAL_NVIC_SetPriority
                0x08005b34       0x20 build/nucleo_test/stm32h7xx_hal_cortex.o
                0x08005b34                HAL_NVIC_SetPriority
 .text.HAL_SYSTICK_Config
                0x08005b54       0x28 build/nucleo_test/stm32h7xx_hal_cortex.o
                0x08005b54                HAL_SYSTICK_Config
 .text.HAL_RCC_OscConfig
                0x08005b7c      0x5ec build/nucleo_test/stm32h7xx_hal_rcc.o
                0x08005b7c                HAL_RCC_OscConfig
 .text.HAL_RCC_GetSysClockFreq
                0x08006168      0x1f4 build/nucleo_test/stm32h7xx_hal_rcc.o
                0x08006168                HAL_RCC_GetSysClockFreq
 .text.HAL_RCC_ClockConfig
                0x0800635c      0x294 build/nucleo_test/stm32h7xx_hal_rcc.o
                0x0800635c                HAL_RCC_ClockConfig
 .text.HAL_RCC_GetHCLKFreq
                0x080065f0       0x44 build/nucleo_test/stm32h7xx_hal_rcc.o
                0x080065f0                HAL_RCC_GetHCLKFreq
 .text.HAL_RCC_GetPCLK1Freq
                0x08006634       0x24 build/nucleo_test/stm32h7xx_hal_rcc.o
                0x08006634                HAL_RCC_GetPCLK1Freq
 .text.HAL_RCC_GetPCLK2Freq
                0x08006658       0x24 build/nucleo_test/stm32h7xx_hal_rcc.o
                0x08006658                HAL_RCC_GetPCLK2Freq
 .text.RCCEx_PLL2_Config
                0x0800667c      0x10c build/nucleo_test/stm32h7xx_hal_rcc_ex.o
 .text.RCCEx_PLL3_Config
                0x08006788      0x10c build/nucleo_test/stm32h7xx_hal_rcc_ex.o
 .text.HAL_RCCEx_PeriphCLKConfig
                0x08006894      0xa0c build/nucleo_test/stm32h7xx_hal_rcc_ex.o
                0x08006894                HAL_RCCEx_PeriphCLKConfig
 .text.HAL_RCCEx_GetD3PCLK1Freq
                0x080072a0       0x24 build/nucleo_test/stm32h7xx_hal_rcc_ex.o
                0x080072a0                HAL_RCCEx_GetD3PCLK1Freq
 .text.HAL_RCCEx_GetPLL2ClockFreq
                0x080072c4      0x1fc build/nucleo_test/stm32h7xx_hal_rcc_ex.o
                0x080072c4                HAL_RCCEx_GetPLL2ClockFreq
 .text.HAL_RCCEx_GetPLL3ClockFreq
                0x080074c0      0x1fc build/nucleo_test/stm32h7xx_hal_rcc_ex.o
                0x080074c0                HAL_RCCEx_GetPLL3ClockFreq
 .text.HAL_GPIO_Init
                0x080076bc      0x214 build/nucleo_test/stm32h7xx_hal_gpio.o
                0x080076bc                HAL_GPIO_Init
 .text.HAL_GPIO_WritePin
                0x080078d0        0xc build/nucleo_test/stm32h7xx_hal_gpio.o
                0x080078d0                HAL_GPIO_WritePin
 .text.HAL_PWREx_ConfigSupply
                0x080078dc       0x54 build/nucleo_test/stm32h7xx_hal_pwr_ex.o
                0x080078dc                HAL_PWREx_ConfigSupply
 .text.HAL_InitTick
                0x08007930       0x50 build/nucleo_test/stm32h7xx_hal.o
                0x08007930                HAL_InitTick
 .text.HAL_Init
                0x08007980       0x5c build/nucleo_test/stm32h7xx_hal.o
                0x08007980                HAL_Init
 .text.HAL_IncTick
                0x080079dc       0x18 build/nucleo_test/stm32h7xx_hal.o
                0x080079dc                HAL_IncTick
 .text.HAL_GetTick
                0x080079f4        0xc build/nucleo_test/stm32h7xx_hal.o
                0x080079f4                HAL_GetTick
 .text.HAL_Delay
                0x08007a00       0x28 build/nucleo_test/stm32h7xx_hal.o
                0x08007a00                HAL_Delay
 .text.I2C_Flush_TXDR
                0x08007a28       0x22 build/nucleo_test/stm32h7xx_hal_i2c.o
 .text.I2C_TransferConfig
                0x08007a4a       0x3c build/nucleo_test/stm32h7xx_hal_i2c.o
 .text.I2C_IsErrorOccurred
                0x08007a86      0x118 build/nucleo_test/stm32h7xx_hal_i2c.o
 .text.I2C_WaitOnTXISFlagUntilTimeout
                0x08007b9e       0x60 build/nucleo_test/stm32h7xx_hal_i2c.o
 .text.I2C_WaitOnFlagUntilTimeout
                0x08007bfe       0x7c build/nucleo_test/stm32h7xx_hal_i2c.o
 *fill*         0x08007c7a        0x2 
 .text.I2C_RequestMemoryRead
                0x08007c7c       0x78 build/nucleo_test/stm32h7xx_hal_i2c.o
 .text.I2C_WaitOnSTOPFlagUntilTimeout
                0x08007cf4       0x5e build/nucleo_test/stm32h7xx_hal_i2c.o
 .text.I2C_WaitOnRXNEFlagUntilTimeout
                0x08007d52       0xaa build/nucleo_test/stm32h7xx_hal_i2c.o
 .text.HAL_I2C_Init
                0x08007dfc       0xc8 build/nucleo_test/stm32h7xx_hal_i2c.o
                0x08007dfc                HAL_I2C_Init
 .text.HAL_I2C_Master_Transmit
                0x08007ec4      0x1a4 build/nucleo_test/stm32h7xx_hal_i2c.o
                0x08007ec4                HAL_I2C_Master_Transmit
 .text.HAL_I2C_Master_Receive
                0x08008068      0x17c build/nucleo_test/stm32h7xx_hal_i2c.o
                0x08008068                HAL_I2C_Master_Receive
 .text.HAL_I2C_Mem_Read
                0x080081e4      0x1b0 build/nucleo_test/stm32h7xx_hal_i2c.o
                0x080081e4                HAL_I2C_Mem_Read
 .text.HAL_I2CEx_ConfigAnalogFilter
                0x08008394       0x5c build/nucleo_test/stm32h7xx_hal_i2c_ex.o
                0x08008394                HAL_I2CEx_ConfigAnalogFilter
 .text.HAL_I2CEx_ConfigDigitalFilter
                0x080083f0       0x58 build/nucleo_test/stm32h7xx_hal_i2c_ex.o
                0x080083f0                HAL_I2CEx_ConfigDigitalFilter
 .text.TIM_TI1_ConfigInputStage
                0x08008448       0x26 build/nucleo_test/stm32h7xx_hal_tim.o
 .text.TIM_TI2_ConfigInputStage
                0x0800846e       0x28 build/nucleo_test/stm32h7xx_hal_tim.o
 *fill*         0x08008496        0x2 
 .text.TIM_ITRx_SetConfig
                0x08008498       0x14 build/nucleo_test/stm32h7xx_hal_tim.o
 .text.HAL_TIM_Base_Start
                0x080084ac       0x98 build/nucleo_test/stm32h7xx_hal_tim.o
                0x080084ac                HAL_TIM_Base_Start
 .text.TIM_Base_SetConfig
                0x08008544      0x130 build/nucleo_test/stm32h7xx_hal_tim.o
                0x08008544                TIM_Base_SetConfig
 .text.HAL_TIM_Base_Init
                0x08008674       0x60 build/nucleo_test/stm32h7xx_hal_tim.o
                0x08008674                HAL_TIM_Base_Init
 .text.TIM_ETR_SetConfig
                0x080086d4       0x1a build/nucleo_test/stm32h7xx_hal_tim.o
                0x080086d4                TIM_ETR_SetConfig
 *fill*         0x080086ee        0x2 
 .text.HAL_TIM_ConfigClockSource
                0x080086f0      0x138 build/nucleo_test/stm32h7xx_hal_tim.o
                0x080086f0                HAL_TIM_ConfigClockSource
 .text.HAL_TIMEx_MasterConfigSynchronization
                0x08008828       0xb0 build/nucleo_test/stm32h7xx_hal_tim_ex.o
                0x08008828                HAL_TIMEx_MasterConfigSynchronization
 .text.UART_EndRxTransfer
                0x080088d8       0x58 build/nucleo_test/stm32h7xx_hal_uart.o
 .text.UART_SetConfig
                0x08008930      0x6bc build/nucleo_test/stm32h7xx_hal_uart.o
                0x08008930                UART_SetConfig
 .text.UART_AdvFeatureConfig
                0x08008fec       0xca build/nucleo_test/stm32h7xx_hal_uart.o
                0x08008fec                UART_AdvFeatureConfig
 .text.UART_WaitOnFlagUntilTimeout
                0x080090b6       0xa6 build/nucleo_test/stm32h7xx_hal_uart.o
                0x080090b6                UART_WaitOnFlagUntilTimeout
 .text.HAL_UART_Transmit
                0x0800915c       0xd0 build/nucleo_test/stm32h7xx_hal_uart.o
                0x0800915c                HAL_UART_Transmit
 .text.UART_CheckIdleState
                0x0800922c       0xca build/nucleo_test/stm32h7xx_hal_uart.o
                0x0800922c                UART_CheckIdleState
 .text.HAL_UART_Init
                0x080092f6       0x66 build/nucleo_test/stm32h7xx_hal_uart.o
                0x080092f6                HAL_UART_Init
 .text.UARTEx_SetNbDataToProcess
                0x0800935c       0x4c build/nucleo_test/stm32h7xx_hal_uart_ex.o
 .text.HAL_UARTEx_DisableFifoMode
                0x080093a8       0x3e build/nucleo_test/stm32h7xx_hal_uart_ex.o
                0x080093a8                HAL_UARTEx_DisableFifoMode
 .text.HAL_UARTEx_SetTxFifoThreshold
                0x080093e6       0x4a build/nucleo_test/stm32h7xx_hal_uart_ex.o
                0x080093e6                HAL_UARTEx_SetTxFifoThreshold
 .text.HAL_UARTEx_SetRxFifoThreshold
                0x08009430       0x4a build/nucleo_test/stm32h7xx_hal_uart_ex.o
                0x08009430                HAL_UARTEx_SetRxFifoThreshold
 *fill*         0x0800947a        0x2 
 .text.SystemInit
                0x0800947c       0xac build/nucleo_test/system_stm32h7xx.o
                0x0800947c                SystemInit
 .text.MX_I2C1_Init
                0x08009528       0x60 build/nucleo_test/i2c.o
                0x08009528                MX_I2C1_Init
 .text.HAL_I2C_MspInit
                0x08009588       0x98 build/nucleo_test/i2c.o
                0x08009588                HAL_I2C_MspInit
 .text.MX_SPI1_Init
                0x08009620       0x64 build/nucleo_test/spi.o
                0x08009620                MX_SPI1_Init
 .text.HAL_SPI_MspInit
                0x08009684       0xcc build/nucleo_test/spi.o
                0x08009684                HAL_SPI_MspInit
 .text.SPI_CloseTransfer
                0x08009750       0xd0 build/nucleo_test/stm32h7xx_hal_spi.o
 .text.SPI_GetPacketSize
                0x08009820       0x10 build/nucleo_test/stm32h7xx_hal_spi.o
 .text.SPI_WaitOnFlagUntilTimeout
                0x08009830       0x48 build/nucleo_test/stm32h7xx_hal_spi.o
 .text.HAL_SPI_Init
                0x08009878      0x190 build/nucleo_test/stm32h7xx_hal_spi.o
                0x08009878                HAL_SPI_Init
 .text.HAL_SPI_Transmit
                0x08009a08      0x2c4 build/nucleo_test/stm32h7xx_hal_spi.o
                0x08009a08                HAL_SPI_Transmit
 .text.HAL_SPI_TransmitReceive
                0x08009ccc      0x494 build/nucleo_test/stm32h7xx_hal_spi.o
                0x08009ccc                HAL_SPI_TransmitReceive
 .text.MX_TIM2_Init
                0x0800a160       0x70 build/nucleo_test/tim.o
                0x0800a160                MX_TIM2_Init
 .text.MX_TIM5_Init
                0x0800a1d0       0x74 build/nucleo_test/tim.o
                0x0800a1d0                MX_TIM5_Init
 .text.HAL_TIM_Base_MspInit
                0x0800a244       0x54 build/nucleo_test/tim.o
                0x0800a244                HAL_TIM_Base_MspInit
 .text.Reset_Handler
                0x0800a298       0x50 build/nucleo_test/startup_stm32h723xx.o
                0x0800a298                Reset_Handler
 .text.Default_Handler
                0x0800a2e8        0x2 build/nucleo_test/startup_stm32h723xx.o
                0x0800a2e8                RTC_Alarm_IRQHandler
                0x0800a2e8                EXTI2_IRQHandler
                0x0800a2e8                TIM8_CC_IRQHandler
                0x0800a2e8                UART8_IRQHandler
                0x0800a2e8                SPI4_IRQHandler
                0x0800a2e8                FDCAN3_IT0_IRQHandler
                0x0800a2e8                TIM1_CC_IRQHandler
                0x0800a2e8                BDMA_Channel6_IRQHandler
                0x0800a2e8                DMA2_Stream5_IRQHandler
                0x0800a2e8                DMA1_Stream5_IRQHandler
                0x0800a2e8                CORDIC_IRQHandler
                0x0800a2e8                BDMA_Channel1_IRQHandler
                0x0800a2e8                TAMP_STAMP_IRQHandler
                0x0800a2e8                EXTI3_IRQHandler
                0x0800a2e8                LPTIM4_IRQHandler
                0x0800a2e8                TIM8_TRG_COM_TIM14_IRQHandler
                0x0800a2e8                LPTIM2_IRQHandler
                0x0800a2e8                DFSDM1_FLT1_IRQHandler
                0x0800a2e8                DMAMUX2_OVR_IRQHandler
                0x0800a2e8                TIM8_UP_TIM13_IRQHandler
                0x0800a2e8                I2C3_ER_IRQHandler
                0x0800a2e8                DFSDM1_FLT2_IRQHandler
                0x0800a2e8                I2C5_EV_IRQHandler
                0x0800a2e8                USART10_IRQHandler
                0x0800a2e8                MDMA_IRQHandler
                0x0800a2e8                LPTIM3_IRQHandler
                0x0800a2e8                HSEM1_IRQHandler
                0x0800a2e8                EXTI0_IRQHandler
                0x0800a2e8                I2C2_EV_IRQHandler
                0x0800a2e8                DMA1_Stream2_IRQHandler
                0x0800a2e8                FPU_IRQHandler
                0x0800a2e8                OTG_HS_WKUP_IRQHandler
                0x0800a2e8                FDCAN1_IT1_IRQHandler
                0x0800a2e8                LTDC_ER_IRQHandler
                0x0800a2e8                DMA2_Stream2_IRQHandler
                0x0800a2e8                SPI1_IRQHandler
                0x0800a2e8                OCTOSPI1_IRQHandler
                0x0800a2e8                TIM6_DAC_IRQHandler
                0x0800a2e8                DMA2_Stream3_IRQHandler
                0x0800a2e8                OCTOSPI2_IRQHandler
                0x0800a2e8                DFSDM1_FLT3_IRQHandler
                0x0800a2e8                TIM23_IRQHandler
                0x0800a2e8                USART6_IRQHandler
                0x0800a2e8                TIM17_IRQHandler
                0x0800a2e8                USART3_IRQHandler
                0x0800a2e8                BDMA_Channel7_IRQHandler
                0x0800a2e8                LPTIM5_IRQHandler
                0x0800a2e8                UART5_IRQHandler
                0x0800a2e8                ADC3_IRQHandler
                0x0800a2e8                DMA2_Stream0_IRQHandler
                0x0800a2e8                TIM4_IRQHandler
                0x0800a2e8                BDMA_Channel2_IRQHandler
                0x0800a2e8                I2C1_EV_IRQHandler
                0x0800a2e8                DMA1_Stream6_IRQHandler
                0x0800a2e8                DMAMUX1_OVR_IRQHandler
                0x0800a2e8                DMA1_Stream1_IRQHandler
                0x0800a2e8                TIM16_IRQHandler
                0x0800a2e8                UART4_IRQHandler
                0x0800a2e8                BDMA_Channel5_IRQHandler
                0x0800a2e8                TIM3_IRQHandler
                0x0800a2e8                RCC_IRQHandler
                0x0800a2e8                UART9_IRQHandler
                0x0800a2e8                TIM8_BRK_TIM12_IRQHandler
                0x0800a2e8                TIM1_TRG_COM_IRQHandler
                0x0800a2e8                Default_Handler
                0x0800a2e8                ECC_IRQHandler
                0x0800a2e8                FMAC_IRQHandler
                0x0800a2e8                CEC_IRQHandler
                0x0800a2e8                EXTI15_10_IRQHandler
                0x0800a2e8                BDMA_Channel0_IRQHandler
                0x0800a2e8                ADC_IRQHandler
                0x0800a2e8                I2C5_ER_IRQHandler
                0x0800a2e8                DMA1_Stream7_IRQHandler
                0x0800a2e8                SPI5_IRQHandler
                0x0800a2e8                TIM7_IRQHandler
                0x0800a2e8                FDCAN3_IT1_IRQHandler
                0x0800a2e8                SDMMC1_IRQHandler
                0x0800a2e8                TIM5_IRQHandler
                0x0800a2e8                DMA2_Stream7_IRQHandler
                0x0800a2e8                TIM15_IRQHandler
                0x0800a2e8                PVD_AVD_IRQHandler
                0x0800a2e8                I2C3_EV_IRQHandler
                0x0800a2e8                EXTI9_5_IRQHandler
                0x0800a2e8                RTC_WKUP_IRQHandler
                0x0800a2e8                LTDC_IRQHandler
                0x0800a2e8                ETH_WKUP_IRQHandler
                0x0800a2e8                SPDIF_RX_IRQHandler
                0x0800a2e8                SPI2_IRQHandler
                0x0800a2e8                OTG_HS_EP1_IN_IRQHandler
                0x0800a2e8                DMA1_Stream0_IRQHandler
                0x0800a2e8                TIM24_IRQHandler
                0x0800a2e8                CRS_IRQHandler
                0x0800a2e8                EXTI4_IRQHandler
                0x0800a2e8                RNG_IRQHandler
                0x0800a2e8                FDCAN2_IT1_IRQHandler
                0x0800a2e8                ETH_IRQHandler
                0x0800a2e8                TIM1_UP_IRQHandler
                0x0800a2e8                BDMA_Channel4_IRQHandler
                0x0800a2e8                OTG_HS_EP1_OUT_IRQHandler
                0x0800a2e8                WWDG_IRQHandler
                0x0800a2e8                SPI6_IRQHandler
                0x0800a2e8                MDIOS_IRQHandler
                0x0800a2e8                I2C4_EV_IRQHandler
                0x0800a2e8                FDCAN2_IT0_IRQHandler
                0x0800a2e8                LPUART1_IRQHandler
                0x0800a2e8                FDCAN1_IT0_IRQHandler
                0x0800a2e8                TIM2_IRQHandler
                0x0800a2e8                OTG_HS_IRQHandler
                0x0800a2e8                DMA2D_IRQHandler
                0x0800a2e8                TIM1_BRK_IRQHandler
                0x0800a2e8                EXTI1_IRQHandler
                0x0800a2e8                SDMMC2_IRQHandler
                0x0800a2e8                BDMA_Channel3_IRQHandler
                0x0800a2e8                DTS_IRQHandler
                0x0800a2e8                UART7_IRQHandler
                0x0800a2e8                MDIOS_WKUP_IRQHandler
                0x0800a2e8                USART2_IRQHandler
                0x0800a2e8                DFSDM1_FLT0_IRQHandler
                0x0800a2e8                SAI4_IRQHandler
                0x0800a2e8                I2C2_ER_IRQHandler
                0x0800a2e8                DMA2_Stream1_IRQHandler
                0x0800a2e8                FLASH_IRQHandler
                0x0800a2e8                DMA2_Stream4_IRQHandler
                0x0800a2e8                USART1_IRQHandler
                0x0800a2e8                SPI3_IRQHandler
                0x0800a2e8                WAKEUP_PIN_IRQHandler
                0x0800a2e8                DMA1_Stream4_IRQHandler
                0x0800a2e8                I2C1_ER_IRQHandler
                0x0800a2e8                FMC_IRQHandler
                0x0800a2e8                FDCAN_CAL_IRQHandler
                0x0800a2e8                SWPMI1_IRQHandler
                0x0800a2e8                COMP1_IRQHandler
                0x0800a2e8                LPTIM1_IRQHandler
                0x0800a2e8                DCMI_PSSI_IRQHandler
                0x0800a2e8                I2C4_ER_IRQHandler
                0x0800a2e8                DMA2_Stream6_IRQHandler
                0x0800a2e8                SAI1_IRQHandler
                0x0800a2e8                DMA1_Stream3_IRQHandler
 *(.glue_7)
 .glue_7        0x0800a2ea        0x0 linker stubs
 *(.glue_7t)
 .glue_7t       0x0800a2ea        0x0 linker stubs
 *(.eh_frame)
 *fill*         0x0800a2ea        0x2 
 .eh_frame      0x0800a2ec        0x0 /usr/lib/gcc/arm-none-eabi/12.2.1/thumb/v7e-m+dp/hard/crtbegin.o
 *(.init)
 .init          0x0800a2ec        0x4 /usr/lib/gcc/arm-none-eabi/12.2.1/thumb/v7e-m+dp/hard/crti.o
                0x0800a2ec                _init
 .init          0x0800a2f0        0x8 /usr/lib/gcc/arm-none-eabi/12.2.1/thumb/v7e-m+dp/hard/crtn.o
 *(.fini)
 .fini          0x0800a2f8        0x4 /usr/lib/gcc/arm-none-eabi/12.2.1/thumb/v7e-m+dp/hard/crti.o
                0x0800a2f8                _fini
 .fini          0x0800a2fc        0x8 /usr/lib/gcc/arm-none-eabi/12.2.1/thumb/v7e-m+dp/hard/crtn.o
                0x0800a304                        . = ALIGN (0x4)
                0x0800a304                        _etext = .

.vfp11_veneer   0x0800a304        0x0
 .vfp11_veneer  0x0800a304        0x0 linker stubs

.v4_bx          0x0800a304        0x0
 .v4_bx         0x0800a304        0x0 linker stubs

.iplt           0x0800a304        0x0
 .iplt          0x0800a304        0x0 /usr/lib/gcc/arm-none-eabi/12.2.1/thumb/v7e-m+dp/hard/crtbegin.o

.rodata         0x0800a308      0x474
                0x0800a308                        . = ALIGN (0x4)
 *(.rodata)
 .rodata        0x0800a308        0x4 /usr/lib/gcc/arm-none-eabi/12.2.1/../../../arm-none-eabi/lib/thumb/v7e-m+dp/hard/libc_nano.a(lib_a-impure.o)
                0x0800a308                _global_impure_ptr
 .rodata        0x0800a30c       0x60 /usr/lib/gcc/arm-none-eabi/12.2.1/../../../arm-none-eabi/lib/thumb/v7e-m+dp/hard/libc_nano.a(lib_a-findfp.o)
                0x0800a30c                __sf_fake_stderr
                0x0800a32c                __sf_fake_stdout
                0x0800a34c                __sf_fake_stdin
 *fill*         0x0800a36c        0x4 
 .rodata        0x0800a370      0x128 /usr/lib/gcc/arm-none-eabi/12.2.1/../../../arm-none-eabi/lib/thumb/v7e-m+dp/hard/libc_nano.a(lib_a-mprec.o)
                0x0800a380                __mprec_tens
                0x0800a448                __mprec_tinytens
                0x0800a470                __mprec_bigtens
 .rodata        0x0800a498      0x101 /usr/lib/gcc/arm-none-eabi/12.2.1/../../../arm-none-eabi/lib/thumb/v7e-m+dp/hard/libc_nano.a(lib_a-ctype_.o)
                0x0800a498                _ctype_
 *(.rodata*)
 *fill*         0x0800a599        0x3 
 .rodata.main.str1.4
                0x0800a59c       0x60 build/nucleo_test/main_test.o
 .rodata.device_manager_poll_devices.str1.4
                0x0800a5fc        0x4 build/nucleo_test/device_manager.o
 .rodata.UARTPrescTable
                0x0800a600       0x18 build/nucleo_test/stm32h7xx_hal_uart.o
                0x0800a600                UARTPrescTable
 .rodata.denominator.0
                0x0800a618        0x8 build/nucleo_test/stm32h7xx_hal_uart_ex.o
 .rodata.numerator.1
                0x0800a620        0x8 build/nucleo_test/stm32h7xx_hal_uart_ex.o
 .rodata.D1CorePrescTable
                0x0800a628       0x10 build/nucleo_test/system_stm32h7xx.o
                0x0800a628                D1CorePrescTable
 .rodata.str1.4
                0x0800a638       0x12 /usr/lib/gcc/arm-none-eabi/12.2.1/../../../arm-none-eabi/lib/thumb/v7e-m+dp/hard/libc_nano.a(lib_a-nano-vfprintf_float.o)
 *fill*         0x0800a64a        0x2 
 .rodata.str1.4
                0x0800a64c       0x25 /usr/lib/gcc/arm-none-eabi/12.2.1/../../../arm-none-eabi/lib/thumb/v7e-m+dp/hard/libc_nano.a(lib_a-nano-vfprintf_i.o)
 *fill*         0x0800a671        0x3 
 .rodata.str1.4
                0x0800a674       0x6d /usr/lib/gcc/arm-none-eabi/12.2.1/../../../arm-none-eabi/lib/thumb/v7e-m+dp/hard/libc_nano.a(lib_a-dtoa.o)
                                 0x71 (size before relaxing)
 *fill*         0x0800a6e1        0x3 
 .rodata.str1.4
                0x0800a6e4       0x33 /usr/lib/gcc/arm-none-eabi/12.2.1/../../../arm-none-eabi/lib/thumb/v7e-m+dp/hard/libc_nano.a(lib_a-mprec.o)
                                 0x5d (size before relaxing)
 *fill*         0x0800a717        0x1 
 .rodata.str1.4
                0x0800a718       0x13 /usr/lib/gcc/arm-none-eabi/12.2.1/../../../arm-none-eabi/lib/thumb/v7e-m+dp/hard/libc_nano.a(lib_a-nano-vfprintf.o)
 *fill*         0x0800a72b        0x1 
 .rodata.str1.4
                0x0800a72c       0x3f /usr/lib/gcc/arm-none-eabi/12.2.1/../../../arm-none-eabi/lib/thumb/v7e-m+dp/hard/libc_nano.a(lib_a-assert.o)
                                 0x43 (size before relaxing)
 *fill*         0x0800a76b        0x1 
 .rodata.str1.4
                0x0800a76c        0xe /usr/lib/gcc/arm-none-eabi/12.2.1/../../../arm-none-eabi/lib/thumb/v7e-m+dp/hard/libc_nano.a(lib_a-locale.o)
                                 0x12 (size before relaxing)
                0x0800a77c                        . = ALIGN (0x4)
 *fill*         0x0800a77a        0x2 

.ARM.extab
 *(.ARM.extab* .gnu.linkonce.armextab.*)

.ARM            0x0800a77c        0x8
                0x0800a77c                        __exidx_start = .
 *(.ARM.exidx*)
 .ARM.exidx     0x0800a77c        0x8 /usr/lib/gcc/arm-none-eabi/12.2.1/thumb/v7e-m+dp/hard/libgcc.a(_udivmoddi4.o)
                0x0800a784                        __exidx_end = .

.rel.dyn        0x0800a784        0x0
 .rel.iplt      0x0800a784        0x0 /usr/lib/gcc/arm-none-eabi/12.2.1/thumb/v7e-m+dp/hard/crtbegin.o

.preinit_array  0x0800a784        0x0
                0x0800a784                        PROVIDE (__preinit_array_start = .)
 *(.preinit_array*)
                0x0800a784                        PROVIDE (__preinit_array_end = .)

.init_array     0x0800a784        0x4
                0x0800a784                        PROVIDE (__init_array_start = .)
 *(SORT_BY_NAME(.init_array.*))
 *(.init_array*)
 .init_array    0x0800a784        0x4 /usr/lib/gcc/arm-none-eabi/12.2.1/thumb/v7e-m+dp/hard/crtbegin.o
                0x0800a788                        PROVIDE (__init_array_end = .)

.fini_array     0x0800a788        0x4
                0x0800a788                        PROVIDE (__fini_array_start = .)
 *(SORT_BY_NAME(.fini_array.*))
 *(.fini_array*)
 .fini_array    0x0800a788        0x4 /usr/lib/gcc/arm-none-eabi/12.2.1/thumb/v7e-m+dp/hard/crtbegin.o
                0x0800a78c                        PROVIDE (__fini_array_end = .)
                0x0800a78c                        _sidata = LOADADDR (.data)

.data           0x20000000      0x1e0 load address 0x0800a78c
                0x20000000                        . = ALIGN (0x4)
                0x20000000                        _sdata = .
 *(.data)
 .data          0x20000000       0x64 /usr/lib/gcc/arm-none-eabi/12.2.1/../../../arm-none-eabi/lib/thumb/v7e-m+dp/hard/libc_nano.a(lib_a-impure.o)
                0x20000000                _impure_ptr
 .data          0x20000064      0x16c /usr/lib/gcc/arm-none-eabi/12.2.1/../../../arm-none-eabi/lib/thumb/v7e-m+dp/hard/libc_nano.a(lib_a-locale.o)
                0x20000064                __global_locale
 *(.data*)
 .data.uwTickFreq
                0x200001d0        0x1 build/nucleo_test/stm32h7xx_hal.o
                0x200001d0                uwTickFreq
 *fill*         0x200001d1        0x3 
 .data.uwTickPrio
                0x200001d4        0x4 build/nucleo_test/stm32h7xx_hal.o
                0x200001d4                uwTickPrio
 .data.SystemD2Clock
                0x200001d8        0x4 build/nucleo_test/system_stm32h7xx.o
                0x200001d8                SystemD2Clock
 .data.SystemCoreClock
                0x200001dc        0x4 build/nucleo_test/system_stm32h7xx.o
                0x200001dc                SystemCoreClock
                0x200001e0                        . = ALIGN (0x4)
                0x200001e0                        _edata = .

.tm_clone_table
                0x200001e0        0x0 load address 0x0800a96c
 .tm_clone_table
                0x200001e0        0x0 /usr/lib/gcc/arm-none-eabi/12.2.1/thumb/v7e-m+dp/hard/crtbegin.o
 .tm_clone_table
                0x200001e0        0x0 /usr/lib/gcc/arm-none-eabi/12.2.1/thumb/v7e-m+dp/hard/crtend.o

.igot.plt       0x200001e0        0x0 load address 0x0800a96c
 .igot.plt      0x200001e0        0x0 /usr/lib/gcc/arm-none-eabi/12.2.1/thumb/v7e-m+dp/hard/crtbegin.o
                0x200001e0                        . = ALIGN (0x4)

.bss            0x200001e0      0x41c load address 0x0800a96c
                0x200001e0                        _sbss = .
                0x200001e0                        __bss_start__ = _sbss
 *(.bss)
 .bss           0x200001e0       0x1c /usr/lib/gcc/arm-none-eabi/12.2.1/thumb/v7e-m+dp/hard/crtbegin.o
 .bss           0x200001fc        0x8 /usr/lib/gcc/arm-none-eabi/12.2.1/../../../arm-none-eabi/lib/thumb/v7e-m+dp/hard/libc_nano.a(lib_a-nano-mallocr.o)
                0x200001fc                __malloc_free_list
                0x20000200                __malloc_sbrk_start
 .bss           0x20000204        0x4 /usr/lib/gcc/arm-none-eabi/12.2.1/../../../arm-none-eabi/lib/thumb/v7e-m+dp/hard/libc_nano.a(lib_a-reent.o)
                0x20000204                errno
 .bss           0x20000208        0x4 /usr/lib/gcc/arm-none-eabi/12.2.1/../../../arm-none-eabi/lib/thumb/v7e-m+dp/hard/libnosys.a(sbrk.o)
 *(.bss*)
 *fill*         0x2000020c        0x4 
 .bss.device_manager
                0x20000210       0xf8 build/nucleo_test/main_test.o
                0x20000210                device_manager
 .bss.adis      0x20000308       0x28 build/nucleo_test/main_test.o
                0x20000308                adis
 .bss.pyro_board
                0x20000330        0xc build/nucleo_test/main_test.o
                0x20000330                pyro_board
 .bss.ina_5v    0x2000033c       0x14 build/nucleo_test/main_test.o
                0x2000033c                ina_5v
 .bss.ina_3v3_ch3
                0x20000350       0x14 build/nucleo_test/main_test.o
                0x20000350                ina_3v3_ch3
 .bss.ina_3v3_ch2
                0x20000364       0x14 build/nucleo_test/main_test.o
                0x20000364                ina_3v3_ch2
 .bss.ina_3v3_ch1
                0x20000378       0x14 build/nucleo_test/main_test.o
                0x20000378                ina_3v3_ch1
 .bss.bmp581    0x2000038c        0xc build/nucleo_test/main_test.o
                0x2000038c                bmp581
 .bss.magnetometer
                0x20000398       0x18 build/nucleo_test/main_test.o
                0x20000398                magnetometer
 .bss.icm45686  0x200003b0       0x30 build/nucleo_test/main_test.o
                0x200003b0                icm45686
 .bss.us_timer_device_manager
                0x200003e0        0x8 build/nucleo_test/main_test.o
                0x200003e0                us_timer_device_manager
 .bss.us_timer  0x200003e8        0x8 build/nucleo_test/main_test.o
                0x200003e8                us_timer
 .bss.huart3    0x200003f0       0x94 build/nucleo_test/usart.o
                0x200003f0                huart3
 .bss.uwTick    0x20000484        0x4 build/nucleo_test/stm32h7xx_hal.o
                0x20000484                uwTick
 .bss.hi2c1     0x20000488       0x54 build/nucleo_test/i2c.o
                0x20000488                hi2c1
 .bss.hspi1     0x200004dc       0x88 build/nucleo_test/spi.o
                0x200004dc                hspi1
 .bss.htim5     0x20000564       0x4c build/nucleo_test/tim.o
                0x20000564                htim5
 .bss.htim2     0x200005b0       0x4c build/nucleo_test/tim.o
                0x200005b0                htim2
 *(COMMON)
                0x200005fc                        . = ALIGN (0x4)
                0x200005fc                        _ebss = .
                0x200005fc                        __bss_end__ = _ebss

._user_heap_stack
                0x200005fc      0x604 load address 0x0800a96c
                0x20000600                        . = ALIGN (0x8)
 *fill*         0x200005fc        0x4 
                0x20000600                        PROVIDE (end = .)
                [!provide]                        PROVIDE (_end = .)
                0x20000800                        . = (. + _Min_Heap_Size)
 *fill*         0x20000600      0x200 
                0x20000c00                        . = (. + _Min_Stack_Size)
 *fill*         0x20000800      0x400 
                0x20000c00                        . = ALIGN (0x8)

/DISCARD/
 libc.a(*)
 libm.a(*)
 libgcc.a(*)

.ARM.attributes
                0x00000000       0x2e
 *(.ARM.attributes)
 .ARM.attributes
                0x00000000       0x20 /usr/lib/gcc/arm-none-eabi/12.2.1/thumb/v7e-m+dp/hard/crti.o
 .ARM.attributes
                0x00000020       0x32 /usr/lib/gcc/arm-none-eabi/12.2.1/thumb/v7e-m+dp/hard/crtbegin.o
 .ARM.attributes
                0x00000052       0x32 build/nucleo_test/init.o
 .ARM.attributes
                0x00000084       0x32 build/nucleo_test/ina260.o
 .ARM.attributes
                0x000000b6       0x32 build/nucleo_test/us_timer.o
 .ARM.attributes
                0x000000e8       0x32 build/nucleo_test/bmp581.o
 .ARM.attributes
                0x0000011a       0x32 build/nucleo_test/icm45686.o
 .ARM.attributes
                0x0000014c       0x32 build/nucleo_test/lis3mdl_impl.o
 .ARM.attributes
                0x0000017e       0x32 build/nucleo_test/lis3mdl.o
 .ARM.attributes
                0x000001b0       0x32 build/nucleo_test/main_test.o
 .ARM.attributes
                0x000001e2       0x32 build/nucleo_test/device_manager.o
 .ARM.attributes
                0x00000214       0x32 build/nucleo_test/gpio.o
 .ARM.attributes
                0x00000246       0x32 build/nucleo_test/usart.o
 .ARM.attributes
                0x00000278       0x32 build/nucleo_test/usb_otg.o
 .ARM.attributes
                0x000002aa       0x32 build/nucleo_test/stm32h7xx_it.o
 .ARM.attributes
                0x000002dc       0x32 build/nucleo_test/stm32h7xx_hal_msp.o
 .ARM.attributes
                0x0000030e       0x32 build/nucleo_test/stm32h7xx_hal_cortex.o
 .ARM.attributes
                0x00000340       0x32 build/nucleo_test/stm32h7xx_hal_rcc.o
 .ARM.attributes
                0x00000372       0x32 build/nucleo_test/stm32h7xx_hal_rcc_ex.o
 .ARM.attributes
                0x000003a4       0x32 build/nucleo_test/stm32h7xx_hal_gpio.o
 .ARM.attributes
                0x000003d6       0x32 build/nucleo_test/stm32h7xx_hal_pwr_ex.o
 .ARM.attributes
                0x00000408       0x32 build/nucleo_test/stm32h7xx_hal.o
 .ARM.attributes
                0x0000043a       0x32 build/nucleo_test/stm32h7xx_hal_i2c.o
 .ARM.attributes
                0x0000046c       0x32 build/nucleo_test/stm32h7xx_hal_i2c_ex.o
 .ARM.attributes
                0x0000049e       0x32 build/nucleo_test/stm32h7xx_hal_tim.o
 .ARM.attributes
                0x000004d0       0x32 build/nucleo_test/stm32h7xx_hal_tim_ex.o
 .ARM.attributes
                0x00000502       0x32 build/nucleo_test/stm32h7xx_hal_uart.o
 .ARM.attributes
                0x00000534       0x32 build/nucleo_test/stm32h7xx_hal_uart_ex.o
 .ARM.attributes
                0x00000566       0x32 build/nucleo_test/system_stm32h7xx.o
 .ARM.attributes
                0x00000598       0x32 build/nucleo_test/i2c.o
 .ARM.attributes
                0x000005ca       0x32 build/nucleo_test/spi.o
 .ARM.attributes
                0x000005fc       0x32 build/nucleo_test/stm32h7xx_hal_spi.o
 .ARM.attributes
                0x0000062e       0x32 build/nucleo_test/tim.o
 .ARM.attributes
                0x00000660       0x21 build/nucleo_test/startup_stm32h723xx.o
 .ARM.attributes
                0x00000681       0x32 /usr/lib/gcc/arm-none-eabi/12.2.1/../../../arm-none-eabi/lib/thumb/v7e-m+dp/hard/libc_nano.a(lib_a-impure.o)
 .ARM.attributes
                0x000006b3       0x32 /usr/lib/gcc/arm-none-eabi/12.2.1/../../../arm-none-eabi/lib/thumb/v7e-m+dp/hard/libc_nano.a(lib_a-init.o)
 .ARM.attributes
                0x000006e5       0x1e /usr/lib/gcc/arm-none-eabi/12.2.1/../../../arm-none-eabi/lib/thumb/v7e-m+dp/hard/libc_nano.a(lib_a-memcpy.o)
 .ARM.attributes
                0x00000703       0x32 /usr/lib/gcc/arm-none-eabi/12.2.1/../../../arm-none-eabi/lib/thumb/v7e-m+dp/hard/libc_nano.a(lib_a-memset.o)
 .ARM.attributes
                0x00000735       0x32 /usr/lib/gcc/arm-none-eabi/12.2.1/../../../arm-none-eabi/lib/thumb/v7e-m+dp/hard/libc_nano.a(lib_a-nano-vfprintf_float.o)
 .ARM.attributes
                0x00000767       0x32 /usr/lib/gcc/arm-none-eabi/12.2.1/../../../arm-none-eabi/lib/thumb/v7e-m+dp/hard/libc_nano.a(lib_a-nano-vfprintf_i.o)
 .ARM.attributes
                0x00000799       0x32 /usr/lib/gcc/arm-none-eabi/12.2.1/../../../arm-none-eabi/lib/thumb/v7e-m+dp/hard/libc_nano.a(lib_a-printf.o)
 .ARM.attributes
                0x000007cb       0x32 /usr/lib/gcc/arm-none-eabi/12.2.1/../../../arm-none-eabi/lib/thumb/v7e-m+dp/hard/libc_nano.a(lib_a-puts.o)
 .ARM.attributes
                0x000007fd       0x1c /usr/lib/gcc/arm-none-eabi/12.2.1/../../../arm-none-eabi/lib/thumb/v7e-m+dp/hard/libc_nano.a(lib_a-strlen.o)
 .ARM.attributes
                0x00000819       0x32 /usr/lib/gcc/arm-none-eabi/12.2.1/../../../arm-none-eabi/lib/thumb/v7e-m+dp/hard/libc_nano.a(lib_a-wbuf.o)
 .ARM.attributes
                0x0000084b       0x32 /usr/lib/gcc/arm-none-eabi/12.2.1/../../../arm-none-eabi/lib/thumb/v7e-m+dp/hard/libc_nano.a(lib_a-wsetup.o)
 .ARM.attributes
                0x0000087d       0x32 /usr/lib/gcc/arm-none-eabi/12.2.1/../../../arm-none-eabi/lib/thumb/v7e-m+dp/hard/libc_nano.a(lib_a-dtoa.o)
 .ARM.attributes
                0x000008af       0x32 /usr/lib/gcc/arm-none-eabi/12.2.1/../../../arm-none-eabi/lib/thumb/v7e-m+dp/hard/libc_nano.a(lib_a-fflush.o)
 .ARM.attributes
                0x000008e1       0x32 /usr/lib/gcc/arm-none-eabi/12.2.1/../../../arm-none-eabi/lib/thumb/v7e-m+dp/hard/libc_nano.a(lib_a-findfp.o)
 .ARM.attributes
                0x00000913       0x32 /usr/lib/gcc/arm-none-eabi/12.2.1/../../../arm-none-eabi/lib/thumb/v7e-m+dp/hard/libc_nano.a(lib_a-fwalk.o)
 .ARM.attributes
                0x00000945       0x32 /usr/lib/gcc/arm-none-eabi/12.2.1/../../../arm-none-eabi/lib/thumb/v7e-m+dp/hard/libc_nano.a(lib_a-localeconv.o)
 .ARM.attributes
                0x00000977       0x32 /usr/lib/gcc/arm-none-eabi/12.2.1/../../../arm-none-eabi/lib/thumb/v7e-m+dp/hard/libc_nano.a(lib_a-makebuf.o)
 .ARM.attributes
                0x000009a9       0x32 /usr/lib/gcc/arm-none-eabi/12.2.1/../../../arm-none-eabi/lib/thumb/v7e-m+dp/hard/libc_nano.a(lib_a-malloc.o)
 .ARM.attributes
                0x000009db       0x1c /usr/lib/gcc/arm-none-eabi/12.2.1/../../../arm-none-eabi/lib/thumb/v7e-m+dp/hard/libc_nano.a(lib_a-memchr.o)
 .ARM.attributes
                0x000009f7       0x32 /usr/lib/gcc/arm-none-eabi/12.2.1/../../../arm-none-eabi/lib/thumb/v7e-m+dp/hard/libc_nano.a(lib_a-mprec.o)
 .ARM.attributes
                0x00000a29       0x32 /usr/lib/gcc/arm-none-eabi/12.2.1/../../../arm-none-eabi/lib/thumb/v7e-m+dp/hard/libc_nano.a(lib_a-nano-callocr.o)
 .ARM.attributes
                0x00000a5b       0x32 /usr/lib/gcc/arm-none-eabi/12.2.1/../../../arm-none-eabi/lib/thumb/v7e-m+dp/hard/libc_nano.a(lib_a-nano-freer.o)
 .ARM.attributes
                0x00000a8d       0x32 /usr/lib/gcc/arm-none-eabi/12.2.1/../../../arm-none-eabi/lib/thumb/v7e-m+dp/hard/libc_nano.a(lib_a-nano-mallocr.o)
 .ARM.attributes
                0x00000abf       0x32 /usr/lib/gcc/arm-none-eabi/12.2.1/../../../arm-none-eabi/lib/thumb/v7e-m+dp/hard/libc_nano.a(lib_a-nano-vfprintf.o)
 .ARM.attributes
                0x00000af1       0x32 /usr/lib/gcc/arm-none-eabi/12.2.1/../../../arm-none-eabi/lib/thumb/v7e-m+dp/hard/libc_nano.a(lib_a-sbrkr.o)
 .ARM.attributes
                0x00000b23       0x32 /usr/lib/gcc/arm-none-eabi/12.2.1/../../../arm-none-eabi/lib/thumb/v7e-m+dp/hard/libc_nano.a(lib_a-stdio.o)
 .ARM.attributes
                0x00000b55       0x32 /usr/lib/gcc/arm-none-eabi/12.2.1/../../../arm-none-eabi/lib/thumb/v7e-m+dp/hard/libc_nano.a(lib_a-writer.o)
 .ARM.attributes
                0x00000b87       0x32 /usr/lib/gcc/arm-none-eabi/12.2.1/../../../arm-none-eabi/lib/thumb/v7e-m+dp/hard/libc_nano.a(lib_a-assert.o)
 .ARM.attributes
                0x00000bb9       0x32 /usr/lib/gcc/arm-none-eabi/12.2.1/../../../arm-none-eabi/lib/thumb/v7e-m+dp/hard/libc_nano.a(lib_a-closer.o)
 .ARM.attributes
                0x00000beb       0x32 /usr/lib/gcc/arm-none-eabi/12.2.1/../../../arm-none-eabi/lib/thumb/v7e-m+dp/hard/libc_nano.a(lib_a-fprintf.o)
 .ARM.attributes
                0x00000c1d       0x32 /usr/lib/gcc/arm-none-eabi/12.2.1/../../../arm-none-eabi/lib/thumb/v7e-m+dp/hard/libc_nano.a(lib_a-fstatr.o)
 .ARM.attributes
                0x00000c4f       0x32 /usr/lib/gcc/arm-none-eabi/12.2.1/../../../arm-none-eabi/lib/thumb/v7e-m+dp/hard/libc_nano.a(lib_a-fvwrite.o)
 .ARM.attributes
                0x00000c81       0x32 /usr/lib/gcc/arm-none-eabi/12.2.1/../../../arm-none-eabi/lib/thumb/v7e-m+dp/hard/libc_nano.a(lib_a-isattyr.o)
 .ARM.attributes
                0x00000cb3       0x32 /usr/lib/gcc/arm-none-eabi/12.2.1/../../../arm-none-eabi/lib/thumb/v7e-m+dp/hard/libc_nano.a(lib_a-locale.o)
 .ARM.attributes
                0x00000ce5       0x32 /usr/lib/gcc/arm-none-eabi/12.2.1/../../../arm-none-eabi/lib/thumb/v7e-m+dp/hard/libc_nano.a(lib_a-lseekr.o)
 .ARM.attributes
                0x00000d17       0x32 /usr/lib/gcc/arm-none-eabi/12.2.1/../../../arm-none-eabi/lib/thumb/v7e-m+dp/hard/libc_nano.a(lib_a-mbtowc_r.o)
 .ARM.attributes
                0x00000d49       0x32 /usr/lib/gcc/arm-none-eabi/12.2.1/../../../arm-none-eabi/lib/thumb/v7e-m+dp/hard/libc_nano.a(lib_a-memmove.o)
 .ARM.attributes
                0x00000d7b       0x32 /usr/lib/gcc/arm-none-eabi/12.2.1/../../../arm-none-eabi/lib/thumb/v7e-m+dp/hard/libc_nano.a(lib_a-mlock.o)
 .ARM.attributes
                0x00000dad       0x32 /usr/lib/gcc/arm-none-eabi/12.2.1/../../../arm-none-eabi/lib/thumb/v7e-m+dp/hard/libc_nano.a(lib_a-nano-reallocr.o)
 .ARM.attributes
                0x00000ddf       0x32 /usr/lib/gcc/arm-none-eabi/12.2.1/../../../arm-none-eabi/lib/thumb/v7e-m+dp/hard/libc_nano.a(lib_a-readr.o)
 .ARM.attributes
                0x00000e11       0x32 /usr/lib/gcc/arm-none-eabi/12.2.1/../../../arm-none-eabi/lib/thumb/v7e-m+dp/hard/libc_nano.a(lib_a-reent.o)
 .ARM.attributes
                0x00000e43       0x32 /usr/lib/gcc/arm-none-eabi/12.2.1/../../../arm-none-eabi/lib/thumb/v7e-m+dp/hard/libc_nano.a(lib_a-wctomb_r.o)
 .ARM.attributes
                0x00000e75       0x32 /usr/lib/gcc/arm-none-eabi/12.2.1/../../../arm-none-eabi/lib/thumb/v7e-m+dp/hard/libc_nano.a(lib_a-abort.o)
 .ARM.attributes
                0x00000ea7       0x32 /usr/lib/gcc/arm-none-eabi/12.2.1/../../../arm-none-eabi/lib/thumb/v7e-m+dp/hard/libc_nano.a(lib_a-ctype_.o)
 .ARM.attributes
                0x00000ed9       0x32 /usr/lib/gcc/arm-none-eabi/12.2.1/../../../arm-none-eabi/lib/thumb/v7e-m+dp/hard/libc_nano.a(lib_a-nano-msizer.o)
 .ARM.attributes
                0x00000f0b       0x32 /usr/lib/gcc/arm-none-eabi/12.2.1/../../../arm-none-eabi/lib/thumb/v7e-m+dp/hard/libc_nano.a(lib_a-signal.o)
 .ARM.attributes
                0x00000f3d       0x32 /usr/lib/gcc/arm-none-eabi/12.2.1/../../../arm-none-eabi/lib/thumb/v7e-m+dp/hard/libc_nano.a(lib_a-signalr.o)
 .ARM.attributes
                0x00000f6f       0x32 /usr/lib/gcc/arm-none-eabi/12.2.1/../../../arm-none-eabi/lib/thumb/v7e-m+dp/hard/libnosys.a(close.o)
 .ARM.attributes
                0x00000fa1       0x32 /usr/lib/gcc/arm-none-eabi/12.2.1/../../../arm-none-eabi/lib/thumb/v7e-m+dp/hard/libnosys.a(fstat.o)
 .ARM.attributes
                0x00000fd3       0x32 /usr/lib/gcc/arm-none-eabi/12.2.1/../../../arm-none-eabi/lib/thumb/v7e-m+dp/hard/libnosys.a(getpid.o)
 .ARM.attributes
                0x00001005       0x32 /usr/lib/gcc/arm-none-eabi/12.2.1/../../../arm-none-eabi/lib/thumb/v7e-m+dp/hard/libnosys.a(isatty.o)
 .ARM.attributes
                0x00001037       0x32 /usr/lib/gcc/arm-none-eabi/12.2.1/../../../arm-none-eabi/lib/thumb/v7e-m+dp/hard/libnosys.a(kill.o)
 .ARM.attributes
                0x00001069       0x32 /usr/lib/gcc/arm-none-eabi/12.2.1/../../../arm-none-eabi/lib/thumb/v7e-m+dp/hard/libnosys.a(lseek.o)
 .ARM.attributes
                0x0000109b       0x32 /usr/lib/gcc/arm-none-eabi/12.2.1/../../../arm-none-eabi/lib/thumb/v7e-m+dp/hard/libnosys.a(read.o)
 .ARM.attributes
                0x000010cd       0x32 /usr/lib/gcc/arm-none-eabi/12.2.1/../../../arm-none-eabi/lib/thumb/v7e-m+dp/hard/libnosys.a(sbrk.o)
 .ARM.attributes
                0x000010ff       0x32 /usr/lib/gcc/arm-none-eabi/12.2.1/../../../arm-none-eabi/lib/thumb/v7e-m+dp/hard/libnosys.a(_exit.o)
 .ARM.attributes
                0x00001131       0x20 /usr/lib/gcc/arm-none-eabi/12.2.1/thumb/v7e-m+dp/hard/libgcc.a(_aeabi_uldivmod.o)
 .ARM.attributes
                0x00001151       0x32 /usr/lib/gcc/arm-none-eabi/12.2.1/thumb/v7e-m+dp/hard/libgcc.a(_udivmoddi4.o)
 .ARM.attributes
                0x00001183       0x20 /usr/lib/gcc/arm-none-eabi/12.2.1/thumb/v7e-m+dp/hard/libgcc.a(_dvmd_tls.o)
 .ARM.attributes
                0x000011a3       0x32 /usr/lib/gcc/arm-none-eabi/12.2.1/thumb/v7e-m+dp/hard/crtend.o
 .ARM.attributes
                0x000011d5       0x20 /usr/lib/gcc/arm-none-eabi/12.2.1/thumb/v7e-m+dp/hard/crtn.o
OUTPUT(build/nucleo_test/nucleo_test.elf elf32-littlearm)
LOAD linker stubs
LOAD /usr/lib/gcc/arm-none-eabi/12.2.1/../../../arm-none-eabi/lib/thumb/v7e-m+dp/hard/libc.a
LOAD /usr/lib/gcc/arm-none-eabi/12.2.1/../../../arm-none-eabi/lib/thumb/v7e-m+dp/hard/libm.a
LOAD /usr/lib/gcc/arm-none-eabi/12.2.1/thumb/v7e-m+dp/hard/libgcc.a

.comment        0x00000000       0x26
 .comment       0x00000000       0x26 /usr/lib/gcc/arm-none-eabi/12.2.1/thumb/v7e-m+dp/hard/crtbegin.o
                                 0x27 (size before relaxing)
 .comment       0x00000026       0x27 build/nucleo_test/init.o
 .comment       0x00000026       0x27 build/nucleo_test/ina260.o
 .comment       0x00000026       0x27 build/nucleo_test/us_timer.o
 .comment       0x00000026       0x27 build/nucleo_test/bmp581.o
 .comment       0x00000026       0x27 build/nucleo_test/icm45686.o
 .comment       0x00000026       0x27 build/nucleo_test/lis3mdl_impl.o
 .comment       0x00000026       0x27 build/nucleo_test/lis3mdl.o
 .comment       0x00000026       0x27 build/nucleo_test/main_test.o
 .comment       0x00000026       0x27 build/nucleo_test/device_manager.o
 .comment       0x00000026       0x27 build/nucleo_test/gpio.o
 .comment       0x00000026       0x27 build/nucleo_test/usart.o
 .comment       0x00000026       0x27 build/nucleo_test/usb_otg.o
 .comment       0x00000026       0x27 build/nucleo_test/stm32h7xx_it.o
 .comment       0x00000026       0x27 build/nucleo_test/stm32h7xx_hal_msp.o
 .comment       0x00000026       0x27 build/nucleo_test/stm32h7xx_hal_cortex.o
 .comment       0x00000026       0x27 build/nucleo_test/stm32h7xx_hal_rcc.o
 .comment       0x00000026       0x27 build/nucleo_test/stm32h7xx_hal_rcc_ex.o
 .comment       0x00000026       0x27 build/nucleo_test/stm32h7xx_hal_gpio.o
 .comment       0x00000026       0x27 build/nucleo_test/stm32h7xx_hal_pwr_ex.o
 .comment       0x00000026       0x27 build/nucleo_test/stm32h7xx_hal.o
 .comment       0x00000026       0x27 build/nucleo_test/stm32h7xx_hal_i2c.o
 .comment       0x00000026       0x27 build/nucleo_test/stm32h7xx_hal_i2c_ex.o
 .comment       0x00000026       0x27 build/nucleo_test/stm32h7xx_hal_tim.o
 .comment       0x00000026       0x27 build/nucleo_test/stm32h7xx_hal_tim_ex.o
 .comment       0x00000026       0x27 build/nucleo_test/stm32h7xx_hal_uart.o
 .comment       0x00000026       0x27 build/nucleo_test/stm32h7xx_hal_uart_ex.o
 .comment       0x00000026       0x27 build/nucleo_test/system_stm32h7xx.o
 .comment       0x00000026       0x27 build/nucleo_test/i2c.o
 .comment       0x00000026       0x27 build/nucleo_test/spi.o
 .comment       0x00000026       0x27 build/nucleo_test/stm32h7xx_hal_spi.o
 .comment       0x00000026       0x27 build/nucleo_test/tim.o
 .comment       0x00000026       0x27 /usr/lib/gcc/arm-none-eabi/12.2.1/../../../arm-none-eabi/lib/thumb/v7e-m+dp/hard/libc_nano.a(lib_a-impure.o)
 .comment       0x00000026       0x27 /usr/lib/gcc/arm-none-eabi/12.2.1/../../../arm-none-eabi/lib/thumb/v7e-m+dp/hard/libc_nano.a(lib_a-init.o)
 .comment       0x00000026       0x27 /usr/lib/gcc/arm-none-eabi/12.2.1/../../../arm-none-eabi/lib/thumb/v7e-m+dp/hard/libc_nano.a(lib_a-memset.o)
 .comment       0x00000026       0x27 /usr/lib/gcc/arm-none-eabi/12.2.1/../../../arm-none-eabi/lib/thumb/v7e-m+dp/hard/libc_nano.a(lib_a-nano-vfprintf_float.o)
 .comment       0x00000026       0x27 /usr/lib/gcc/arm-none-eabi/12.2.1/../../../arm-none-eabi/lib/thumb/v7e-m+dp/hard/libc_nano.a(lib_a-nano-vfprintf_i.o)
 .comment       0x00000026       0x27 /usr/lib/gcc/arm-none-eabi/12.2.1/../../../arm-none-eabi/lib/thumb/v7e-m+dp/hard/libc_nano.a(lib_a-printf.o)
 .comment       0x00000026       0x27 /usr/lib/gcc/arm-none-eabi/12.2.1/../../../arm-none-eabi/lib/thumb/v7e-m+dp/hard/libc_nano.a(lib_a-puts.o)
 .comment       0x00000026       0x27 /usr/lib/gcc/arm-none-eabi/12.2.1/../../../arm-none-eabi/lib/thumb/v7e-m+dp/hard/libc_nano.a(lib_a-wbuf.o)
 .comment       0x00000026       0x27 /usr/lib/gcc/arm-none-eabi/12.2.1/../../../arm-none-eabi/lib/thumb/v7e-m+dp/hard/libc_nano.a(lib_a-wsetup.o)
 .comment       0x00000026       0x27 /usr/lib/gcc/arm-none-eabi/12.2.1/../../../arm-none-eabi/lib/thumb/v7e-m+dp/hard/libc_nano.a(lib_a-dtoa.o)
 .comment       0x00000026       0x27 /usr/lib/gcc/arm-none-eabi/12.2.1/../../../arm-none-eabi/lib/thumb/v7e-m+dp/hard/libc_nano.a(lib_a-fflush.o)
 .comment       0x00000026       0x27 /usr/lib/gcc/arm-none-eabi/12.2.1/../../../arm-none-eabi/lib/thumb/v7e-m+dp/hard/libc_nano.a(lib_a-findfp.o)
 .comment       0x00000026       0x27 /usr/lib/gcc/arm-none-eabi/12.2.1/../../../arm-none-eabi/lib/thumb/v7e-m+dp/hard/libc_nano.a(lib_a-fwalk.o)
 .comment       0x00000026       0x27 /usr/lib/gcc/arm-none-eabi/12.2.1/../../../arm-none-eabi/lib/thumb/v7e-m+dp/hard/libc_nano.a(lib_a-localeconv.o)
 .comment       0x00000026       0x27 /usr/lib/gcc/arm-none-eabi/12.2.1/../../../arm-none-eabi/lib/thumb/v7e-m+dp/hard/libc_nano.a(lib_a-makebuf.o)
 .comment       0x00000026       0x27 /usr/lib/gcc/arm-none-eabi/12.2.1/../../../arm-none-eabi/lib/thumb/v7e-m+dp/hard/libc_nano.a(lib_a-malloc.o)
 .comment       0x00000026       0x27 /usr/lib/gcc/arm-none-eabi/12.2.1/../../../arm-none-eabi/lib/thumb/v7e-m+dp/hard/libc_nano.a(lib_a-mprec.o)
 .comment       0x00000026       0x27 /usr/lib/gcc/arm-none-eabi/12.2.1/../../../arm-none-eabi/lib/thumb/v7e-m+dp/hard/libc_nano.a(lib_a-nano-callocr.o)
 .comment       0x00000026       0x27 /usr/lib/gcc/arm-none-eabi/12.2.1/../../../arm-none-eabi/lib/thumb/v7e-m+dp/hard/libc_nano.a(lib_a-nano-freer.o)
 .comment       0x00000026       0x27 /usr/lib/gcc/arm-none-eabi/12.2.1/../../../arm-none-eabi/lib/thumb/v7e-m+dp/hard/libc_nano.a(lib_a-nano-mallocr.o)
 .comment       0x00000026       0x27 /usr/lib/gcc/arm-none-eabi/12.2.1/../../../arm-none-eabi/lib/thumb/v7e-m+dp/hard/libc_nano.a(lib_a-nano-vfprintf.o)
 .comment       0x00000026       0x27 /usr/lib/gcc/arm-none-eabi/12.2.1/../../../arm-none-eabi/lib/thumb/v7e-m+dp/hard/libc_nano.a(lib_a-sbrkr.o)
 .comment       0x00000026       0x27 /usr/lib/gcc/arm-none-eabi/12.2.1/../../../arm-none-eabi/lib/thumb/v7e-m+dp/hard/libc_nano.a(lib_a-stdio.o)
 .comment       0x00000026       0x27 /usr/lib/gcc/arm-none-eabi/12.2.1/../../../arm-none-eabi/lib/thumb/v7e-m+dp/hard/libc_nano.a(lib_a-writer.o)
 .comment       0x00000026       0x27 /usr/lib/gcc/arm-none-eabi/12.2.1/../../../arm-none-eabi/lib/thumb/v7e-m+dp/hard/libc_nano.a(lib_a-assert.o)
 .comment       0x00000026       0x27 /usr/lib/gcc/arm-none-eabi/12.2.1/../../../arm-none-eabi/lib/thumb/v7e-m+dp/hard/libc_nano.a(lib_a-closer.o)
 .comment       0x00000026       0x27 /usr/lib/gcc/arm-none-eabi/12.2.1/../../../arm-none-eabi/lib/thumb/v7e-m+dp/hard/libc_nano.a(lib_a-fprintf.o)
 .comment       0x00000026       0x27 /usr/lib/gcc/arm-none-eabi/12.2.1/../../../arm-none-eabi/lib/thumb/v7e-m+dp/hard/libc_nano.a(lib_a-fstatr.o)
 .comment       0x00000026       0x27 /usr/lib/gcc/arm-none-eabi/12.2.1/../../../arm-none-eabi/lib/thumb/v7e-m+dp/hard/libc_nano.a(lib_a-fvwrite.o)
 .comment       0x00000026       0x27 /usr/lib/gcc/arm-none-eabi/12.2.1/../../../arm-none-eabi/lib/thumb/v7e-m+dp/hard/libc_nano.a(lib_a-isattyr.o)
 .comment       0x00000026       0x27 /usr/lib/gcc/arm-none-eabi/12.2.1/../../../arm-none-eabi/lib/thumb/v7e-m+dp/hard/libc_nano.a(lib_a-locale.o)
 .comment       0x00000026       0x27 /usr/lib/gcc/arm-none-eabi/12.2.1/../../../arm-none-eabi/lib/thumb/v7e-m+dp/hard/libc_nano.a(lib_a-lseekr.o)
 .comment       0x00000026       0x27 /usr/lib/gcc/arm-none-eabi/12.2.1/../../../arm-none-eabi/lib/thumb/v7e-m+dp/hard/libc_nano.a(lib_a-mbtowc_r.o)
 .comment       0x00000026       0x27 /usr/lib/gcc/arm-none-eabi/12.2.1/../../../arm-none-eabi/lib/thumb/v7e-m+dp/hard/libc_nano.a(lib_a-memmove.o)
 .comment       0x00000026       0x27 /usr/lib/gcc/arm-none-eabi/12.2.1/../../../arm-none-eabi/lib/thumb/v7e-m+dp/hard/libc_nano.a(lib_a-mlock.o)
 .comment       0x00000026       0x27 /usr/lib/gcc/arm-none-eabi/12.2.1/../../../arm-none-eabi/lib/thumb/v7e-m+dp/hard/libc_nano.a(lib_a-nano-reallocr.o)
 .comment       0x00000026       0x27 /usr/lib/gcc/arm-none-eabi/12.2.1/../../../arm-none-eabi/lib/thumb/v7e-m+dp/hard/libc_nano.a(lib_a-readr.o)
 .comment       0x00000026       0x27 /usr/lib/gcc/arm-none-eabi/12.2.1/../../../arm-none-eabi/lib/thumb/v7e-m+dp/hard/libc_nano.a(lib_a-reent.o)
 .comment       0x00000026       0x27 /usr/lib/gcc/arm-none-eabi/12.2.1/../../../arm-none-eabi/lib/thumb/v7e-m+dp/hard/libc_nano.a(lib_a-wctomb_r.o)
 .comment       0x00000026       0x27 /usr/lib/gcc/arm-none-eabi/12.2.1/../../../arm-none-eabi/lib/thumb/v7e-m+dp/hard/libc_nano.a(lib_a-abort.o)
 .comment       0x00000026       0x27 /usr/lib/gcc/arm-none-eabi/12.2.1/../../../arm-none-eabi/lib/thumb/v7e-m+dp/hard/libc_nano.a(lib_a-ctype_.o)
 .comment       0x00000026       0x27 /usr/lib/gcc/arm-none-eabi/12.2.1/../../../arm-none-eabi/lib/thumb/v7e-m+dp/hard/libc_nano.a(lib_a-nano-msizer.o)
 .comment       0x00000026       0x27 /usr/lib/gcc/arm-none-eabi/12.2.1/../../../arm-none-eabi/lib/thumb/v7e-m+dp/hard/libc_nano.a(lib_a-signal.o)
 .comment       0x00000026       0x27 /usr/lib/gcc/arm-none-eabi/12.2.1/../../../arm-none-eabi/lib/thumb/v7e-m+dp/hard/libc_nano.a(lib_a-signalr.o)
 .comment       0x00000026       0x27 /usr/lib/gcc/arm-none-eabi/12.2.1/../../../arm-none-eabi/lib/thumb/v7e-m+dp/hard/libnosys.a(close.o)
 .comment       0x00000026       0x27 /usr/lib/gcc/arm-none-eabi/12.2.1/../../../arm-none-eabi/lib/thumb/v7e-m+dp/hard/libnosys.a(fstat.o)
 .comment       0x00000026       0x27 /usr/lib/gcc/arm-none-eabi/12.2.1/../../../arm-none-eabi/lib/thumb/v7e-m+dp/hard/libnosys.a(getpid.o)
 .comment       0x00000026       0x27 /usr/lib/gcc/arm-none-eabi/12.2.1/../../../arm-none-eabi/lib/thumb/v7e-m+dp/hard/libnosys.a(isatty.o)
 .comment       0x00000026       0x27 /usr/lib/gcc/arm-none-eabi/12.2.1/../../../arm-none-eabi/lib/thumb/v7e-m+dp/hard/libnosys.a(kill.o)
 .comment       0x00000026       0x27 /usr/lib/gcc/arm-none-eabi/12.2.1/../../../arm-none-eabi/lib/thumb/v7e-m+dp/hard/libnosys.a(lseek.o)
 .comment       0x00000026       0x27 /usr/lib/gcc/arm-none-eabi/12.2.1/../../../arm-none-eabi/lib/thumb/v7e-m+dp/hard/libnosys.a(read.o)
 .comment       0x00000026       0x27 /usr/lib/gcc/arm-none-eabi/12.2.1/../../../arm-none-eabi/lib/thumb/v7e-m+dp/hard/libnosys.a(sbrk.o)
 .comment       0x00000026       0x27 /usr/lib/gcc/arm-none-eabi/12.2.1/../../../arm-none-eabi/lib/thumb/v7e-m+dp/hard/libnosys.a(_exit.o)
 .comment       0x00000026       0x27 /usr/lib/gcc/arm-none-eabi/12.2.1/thumb/v7e-m+dp/hard/libgcc.a(_udivmoddi4.o)
 .comment       0x00000026       0x27 /usr/lib/gcc/arm-none-eabi/12.2.1/thumb/v7e-m+dp/hard/crtend.o

.debug_info     0x00000000    0x4882d
 .debug_info    0x00000000      0x5ec build/nucleo_test/init.o
 .debug_info    0x000005ec      0xc88 build/nucleo_test/ina260.o
 .debug_info    0x00001274      0xa50 build/nucleo_test/us_timer.o
 .debug_info    0x00001cc4      0xe64 build/nucleo_test/bmp581.o
 .debug_info    0x00002b28     0x1211 build/nucleo_test/icm45686.o
 .debug_info    0x00003d39      0xe6d build/nucleo_test/lis3mdl_impl.o
 .debug_info    0x00004ba6      0x551 build/nucleo_test/lis3mdl.o
 .debug_info    0x000050f7     0x20f1 build/nucleo_test/main_test.o
 .debug_info    0x000071e8     0x168b build/nucleo_test/device_manager.o
 .debug_info    0x00008873      0x8ef build/nucleo_test/gpio.o
 .debug_info    0x00009162     0x13e8 build/nucleo_test/usart.o
 .debug_info    0x0000a54a       0xa2 build/nucleo_test/usb_otg.o
 .debug_info    0x0000a5ec      0x16d build/nucleo_test/stm32h7xx_it.o
 .debug_info    0x0000a759      0x537 build/nucleo_test/stm32h7xx_hal_msp.o
 .debug_info    0x0000ac90     0x150d build/nucleo_test/stm32h7xx_hal_cortex.o
 .debug_info    0x0000c19d     0x127d build/nucleo_test/stm32h7xx_hal_rcc.o
 .debug_info    0x0000d41a     0x1c43 build/nucleo_test/stm32h7xx_hal_rcc_ex.o
 .debug_info    0x0000f05d      0xed8 build/nucleo_test/stm32h7xx_hal_gpio.o
 .debug_info    0x0000ff35     0x1133 build/nucleo_test/stm32h7xx_hal_pwr_ex.o
 .debug_info    0x00011068     0x1a8d build/nucleo_test/stm32h7xx_hal.o
 .debug_info    0x00012af5     0x483d build/nucleo_test/stm32h7xx_hal_i2c.o
 .debug_info    0x00017332      0xfd9 build/nucleo_test/stm32h7xx_hal_i2c_ex.o
 .debug_info    0x0001830b     0x4329 build/nucleo_test/stm32h7xx_hal_tim.o
 .debug_info    0x0001c634     0x2247 build/nucleo_test/stm32h7xx_hal_tim_ex.o
 .debug_info    0x0001e87b     0x6a57 build/nucleo_test/stm32h7xx_hal_uart.o
 .debug_info    0x000252d2     0x13d4 build/nucleo_test/stm32h7xx_hal_uart_ex.o
 .debug_info    0x000266a6      0xca3 build/nucleo_test/system_stm32h7xx.o
 .debug_info    0x00027349     0x12f3 build/nucleo_test/i2c.o
 .debug_info    0x0002863c     0x13a0 build/nucleo_test/spi.o
 .debug_info    0x000299dc     0x1ce6 build/nucleo_test/stm32h7xx_hal_spi.o
 .debug_info    0x0002b6c2      0xfd1 build/nucleo_test/tim.o
 .debug_info    0x0002c693       0x30 build/nucleo_test/startup_stm32h723xx.o
 .debug_info    0x0002c6c3      0x7fc /usr/lib/gcc/arm-none-eabi/12.2.1/../../../arm-none-eabi/lib/thumb/v7e-m+dp/hard/libc_nano.a(lib_a-impure.o)
 .debug_info    0x0002cebf      0x10b /usr/lib/gcc/arm-none-eabi/12.2.1/../../../arm-none-eabi/lib/thumb/v7e-m+dp/hard/libc_nano.a(lib_a-init.o)
 .debug_info    0x0002cfca       0x33 /usr/lib/gcc/arm-none-eabi/12.2.1/../../../arm-none-eabi/lib/thumb/v7e-m+dp/hard/libc_nano.a(lib_a-memcpy.o)
 .debug_info    0x0002cffd      0x135 /usr/lib/gcc/arm-none-eabi/12.2.1/../../../arm-none-eabi/lib/thumb/v7e-m+dp/hard/libc_nano.a(lib_a-memset.o)
 .debug_info    0x0002d132     0x13b3 /usr/lib/gcc/arm-none-eabi/12.2.1/../../../arm-none-eabi/lib/thumb/v7e-m+dp/hard/libc_nano.a(lib_a-nano-vfprintf_float.o)
 .debug_info    0x0002e4e5      0xe37 /usr/lib/gcc/arm-none-eabi/12.2.1/../../../arm-none-eabi/lib/thumb/v7e-m+dp/hard/libc_nano.a(lib_a-nano-vfprintf_i.o)
 .debug_info    0x0002f31c      0x8c9 /usr/lib/gcc/arm-none-eabi/12.2.1/../../../arm-none-eabi/lib/thumb/v7e-m+dp/hard/libc_nano.a(lib_a-printf.o)
 .debug_info    0x0002fbe5      0x9ff /usr/lib/gcc/arm-none-eabi/12.2.1/../../../arm-none-eabi/lib/thumb/v7e-m+dp/hard/libc_nano.a(lib_a-puts.o)
 .debug_info    0x000305e4       0x33 /usr/lib/gcc/arm-none-eabi/12.2.1/../../../arm-none-eabi/lib/thumb/v7e-m+dp/hard/libc_nano.a(lib_a-strlen.o)
 .debug_info    0x00030617      0x94c /usr/lib/gcc/arm-none-eabi/12.2.1/../../../arm-none-eabi/lib/thumb/v7e-m+dp/hard/libc_nano.a(lib_a-wbuf.o)
 .debug_info    0x00030f63      0x8af /usr/lib/gcc/arm-none-eabi/12.2.1/../../../arm-none-eabi/lib/thumb/v7e-m+dp/hard/libc_nano.a(lib_a-wsetup.o)
 .debug_info    0x00031812     0x1696 /usr/lib/gcc/arm-none-eabi/12.2.1/../../../arm-none-eabi/lib/thumb/v7e-m+dp/hard/libc_nano.a(lib_a-dtoa.o)
 .debug_info    0x00032ea8      0xacf /usr/lib/gcc/arm-none-eabi/12.2.1/../../../arm-none-eabi/lib/thumb/v7e-m+dp/hard/libc_nano.a(lib_a-fflush.o)
 .debug_info    0x00033977     0x1007 /usr/lib/gcc/arm-none-eabi/12.2.1/../../../arm-none-eabi/lib/thumb/v7e-m+dp/hard/libc_nano.a(lib_a-findfp.o)
 .debug_info    0x0003497e      0x88f /usr/lib/gcc/arm-none-eabi/12.2.1/../../../arm-none-eabi/lib/thumb/v7e-m+dp/hard/libc_nano.a(lib_a-fwalk.o)
 .debug_info    0x0003520d      0xa6e /usr/lib/gcc/arm-none-eabi/12.2.1/../../../arm-none-eabi/lib/thumb/v7e-m+dp/hard/libc_nano.a(lib_a-localeconv.o)
 .debug_info    0x00035c7b      0xc55 /usr/lib/gcc/arm-none-eabi/12.2.1/../../../arm-none-eabi/lib/thumb/v7e-m+dp/hard/libc_nano.a(lib_a-makebuf.o)
 .debug_info    0x000368d0      0x7ea /usr/lib/gcc/arm-none-eabi/12.2.1/../../../arm-none-eabi/lib/thumb/v7e-m+dp/hard/libc_nano.a(lib_a-malloc.o)
 .debug_info    0x000370ba       0x25 /usr/lib/gcc/arm-none-eabi/12.2.1/../../../arm-none-eabi/lib/thumb/v7e-m+dp/hard/libc_nano.a(lib_a-memchr.o)
 .debug_info    0x000370df     0x1f51 /usr/lib/gcc/arm-none-eabi/12.2.1/../../../arm-none-eabi/lib/thumb/v7e-m+dp/hard/libc_nano.a(lib_a-mprec.o)
 .debug_info    0x00039030      0x815 /usr/lib/gcc/arm-none-eabi/12.2.1/../../../arm-none-eabi/lib/thumb/v7e-m+dp/hard/libc_nano.a(lib_a-nano-callocr.o)
 .debug_info    0x00039845      0x8cd /usr/lib/gcc/arm-none-eabi/12.2.1/../../../arm-none-eabi/lib/thumb/v7e-m+dp/hard/libc_nano.a(lib_a-nano-freer.o)
 .debug_info    0x0003a112      0x9cd /usr/lib/gcc/arm-none-eabi/12.2.1/../../../arm-none-eabi/lib/thumb/v7e-m+dp/hard/libc_nano.a(lib_a-nano-mallocr.o)
 .debug_info    0x0003aadf     0x1178 /usr/lib/gcc/arm-none-eabi/12.2.1/../../../arm-none-eabi/lib/thumb/v7e-m+dp/hard/libc_nano.a(lib_a-nano-vfprintf.o)
 .debug_info    0x0003bc57      0x7d2 /usr/lib/gcc/arm-none-eabi/12.2.1/../../../arm-none-eabi/lib/thumb/v7e-m+dp/hard/libc_nano.a(lib_a-sbrkr.o)
 .debug_info    0x0003c429      0xaa4 /usr/lib/gcc/arm-none-eabi/12.2.1/../../../arm-none-eabi/lib/thumb/v7e-m+dp/hard/libc_nano.a(lib_a-stdio.o)
 .debug_info    0x0003cecd      0x809 /usr/lib/gcc/arm-none-eabi/12.2.1/../../../arm-none-eabi/lib/thumb/v7e-m+dp/hard/libc_nano.a(lib_a-writer.o)
 .debug_info    0x0003d6d6      0x873 /usr/lib/gcc/arm-none-eabi/12.2.1/../../../arm-none-eabi/lib/thumb/v7e-m+dp/hard/libc_nano.a(lib_a-assert.o)
 .debug_info    0x0003df49      0x7ad /usr/lib/gcc/arm-none-eabi/12.2.1/../../../arm-none-eabi/lib/thumb/v7e-m+dp/hard/libc_nano.a(lib_a-closer.o)
 .debug_info    0x0003e6f6      0x8ab /usr/lib/gcc/arm-none-eabi/12.2.1/../../../arm-none-eabi/lib/thumb/v7e-m+dp/hard/libc_nano.a(lib_a-fprintf.o)
 .debug_info    0x0003efa1      0x9cb /usr/lib/gcc/arm-none-eabi/12.2.1/../../../arm-none-eabi/lib/thumb/v7e-m+dp/hard/libc_nano.a(lib_a-fstatr.o)
 .debug_info    0x0003f96c      0xb84 /usr/lib/gcc/arm-none-eabi/12.2.1/../../../arm-none-eabi/lib/thumb/v7e-m+dp/hard/libc_nano.a(lib_a-fvwrite.o)
 .debug_info    0x000404f0      0x7ad /usr/lib/gcc/arm-none-eabi/12.2.1/../../../arm-none-eabi/lib/thumb/v7e-m+dp/hard/libc_nano.a(lib_a-isattyr.o)
 .debug_info    0x00040c9d      0xc19 /usr/lib/gcc/arm-none-eabi/12.2.1/../../../arm-none-eabi/lib/thumb/v7e-m+dp/hard/libc_nano.a(lib_a-locale.o)
 .debug_info    0x000418b6      0x7ec /usr/lib/gcc/arm-none-eabi/12.2.1/../../../arm-none-eabi/lib/thumb/v7e-m+dp/hard/libc_nano.a(lib_a-lseekr.o)
 .debug_info    0x000420a2      0xaf8 /usr/lib/gcc/arm-none-eabi/12.2.1/../../../arm-none-eabi/lib/thumb/v7e-m+dp/hard/libc_nano.a(lib_a-mbtowc_r.o)
 .debug_info    0x00042b9a      0x148 /usr/lib/gcc/arm-none-eabi/12.2.1/../../../arm-none-eabi/lib/thumb/v7e-m+dp/hard/libc_nano.a(lib_a-memmove.o)
 .debug_info    0x00042ce2      0x77c /usr/lib/gcc/arm-none-eabi/12.2.1/../../../arm-none-eabi/lib/thumb/v7e-m+dp/hard/libc_nano.a(lib_a-mlock.o)
 .debug_info    0x0004345e      0x8fe /usr/lib/gcc/arm-none-eabi/12.2.1/../../../arm-none-eabi/lib/thumb/v7e-m+dp/hard/libc_nano.a(lib_a-nano-reallocr.o)
 .debug_info    0x00043d5c      0x803 /usr/lib/gcc/arm-none-eabi/12.2.1/../../../arm-none-eabi/lib/thumb/v7e-m+dp/hard/libc_nano.a(lib_a-readr.o)
 .debug_info    0x0004455f      0xa1c /usr/lib/gcc/arm-none-eabi/12.2.1/../../../arm-none-eabi/lib/thumb/v7e-m+dp/hard/libc_nano.a(lib_a-reent.o)
 .debug_info    0x00044f7b      0xab4 /usr/lib/gcc/arm-none-eabi/12.2.1/../../../arm-none-eabi/lib/thumb/v7e-m+dp/hard/libc_nano.a(lib_a-wctomb_r.o)
 .debug_info    0x00045a2f       0xd8 /usr/lib/gcc/arm-none-eabi/12.2.1/../../../arm-none-eabi/lib/thumb/v7e-m+dp/hard/libc_nano.a(lib_a-abort.o)
 .debug_info    0x00045b07       0xb9 /usr/lib/gcc/arm-none-eabi/12.2.1/../../../arm-none-eabi/lib/thumb/v7e-m+dp/hard/libc_nano.a(lib_a-ctype_.o)
 .debug_info    0x00045bc0      0x7ea /usr/lib/gcc/arm-none-eabi/12.2.1/../../../arm-none-eabi/lib/thumb/v7e-m+dp/hard/libc_nano.a(lib_a-nano-msizer.o)
 .debug_info    0x000463aa      0xc87 /usr/lib/gcc/arm-none-eabi/12.2.1/../../../arm-none-eabi/lib/thumb/v7e-m+dp/hard/libc_nano.a(lib_a-signal.o)
 .debug_info    0x00047031      0x834 /usr/lib/gcc/arm-none-eabi/12.2.1/../../../arm-none-eabi/lib/thumb/v7e-m+dp/hard/libc_nano.a(lib_a-signalr.o)
 .debug_info    0x00047865       0xb2 /usr/lib/gcc/arm-none-eabi/12.2.1/../../../arm-none-eabi/lib/thumb/v7e-m+dp/hard/libnosys.a(close.o)
 .debug_info    0x00047917      0x2cb /usr/lib/gcc/arm-none-eabi/12.2.1/../../../arm-none-eabi/lib/thumb/v7e-m+dp/hard/libnosys.a(fstat.o)
 .debug_info    0x00047be2       0x9d /usr/lib/gcc/arm-none-eabi/12.2.1/../../../arm-none-eabi/lib/thumb/v7e-m+dp/hard/libnosys.a(getpid.o)
 .debug_info    0x00047c7f       0xb2 /usr/lib/gcc/arm-none-eabi/12.2.1/../../../arm-none-eabi/lib/thumb/v7e-m+dp/hard/libnosys.a(isatty.o)
 .debug_info    0x00047d31       0xc0 /usr/lib/gcc/arm-none-eabi/12.2.1/../../../arm-none-eabi/lib/thumb/v7e-m+dp/hard/libnosys.a(kill.o)
 .debug_info    0x00047df1       0xd4 /usr/lib/gcc/arm-none-eabi/12.2.1/../../../arm-none-eabi/lib/thumb/v7e-m+dp/hard/libnosys.a(lseek.o)
 .debug_info    0x00047ec5       0xda /usr/lib/gcc/arm-none-eabi/12.2.1/../../../arm-none-eabi/lib/thumb/v7e-m+dp/hard/libnosys.a(read.o)
 .debug_info    0x00047f9f       0x9e /usr/lib/gcc/arm-none-eabi/12.2.1/../../../arm-none-eabi/lib/thumb/v7e-m+dp/hard/libnosys.a(sbrk.o)
 .debug_info    0x0004803d       0xa4 /usr/lib/gcc/arm-none-eabi/12.2.1/../../../arm-none-eabi/lib/thumb/v7e-m+dp/hard/libnosys.a(_exit.o)
 .debug_info    0x000480e1       0x24 /usr/lib/gcc/arm-none-eabi/12.2.1/thumb/v7e-m+dp/hard/libgcc.a(_aeabi_uldivmod.o)
 .debug_info    0x00048105      0x6ef /usr/lib/gcc/arm-none-eabi/12.2.1/thumb/v7e-m+dp/hard/libgcc.a(_udivmoddi4.o)
 .debug_info    0x000487f4       0x39 /usr/lib/gcc/arm-none-eabi/12.2.1/thumb/v7e-m+dp/hard/libgcc.a(_dvmd_tls.o)

.debug_abbrev   0x00000000     0xa6ff
 .debug_abbrev  0x00000000      0x1ed build/nucleo_test/init.o
 .debug_abbrev  0x000001ed      0x21f build/nucleo_test/ina260.o